HSERVICE_ITEM.csv
ItemCode  ,Date                      ,Average_Cost,Average_Sales_Price,Total_Sales_Quantity,UPC          
1302102012,03/14/24,21.08,34.99,1,1115215688
1302102012,03/15/24,21.08,34.99,3,1115215688
1302102012,03/16/24,21.08,34.99,4,1115215688
1302102012,03/27/24,22,31.49,1,1115215688
1302102012,04/05/24,22,34.99,1,1115215688
1302102012,04/09/24,22,34.99,1,1115215688
1302102012,04/10/24,22,34.99,1,1115215688
1302102012,04/11/24,22,34.99,1,1115215688
1302102012,04/23/24,22,34.99,1,1115215688
1302102012,04/25/24,18,34.99,1,1115215688
1302102012,05/08/24,18,21.24,1,1115215688
1302102012,05/09/24,18,21.24,1,1115215688
1302102012,05/10/24,18,24.99,1,1115215688
1302102012,05/11/24,18,21.24,1,1115215688
1302102012,05/16/24,18,21.24,2,1115215688
1302102012,05/20/24,18,20.62,4,1115215688
1302102012,05/29/24,18,24.99,1,1115215688
1302102012,06/06/24,18,24.99,6,1115215688
1302102012,06/08/24,18,24.99,6,1115215688
1302102012,06/12/24,18,21.24,1,1115215688
1302102012,06/19/24,18,24.99,1,1115215688
1302102012,06/25/24,18,22.49,1,1115215688
1302102012,06/26/24,18,24.99,1,1115215688
1302102012,07/11/24,18,24.99,1,1115215688
1302102012,07/15/24,18,23.74,9,1115215688
1302102012,07/16/24,18,19.99,1,1115215688
1302102012,07/17/24,18,21.66,3,1115215688
1302102012,07/18/24,18,24.99,1,1115215688
1302102012,07/20/24,18,24.99,1,1115215688
1302102012,07/23/24,18,24.99,1,1115215688
1302102012,07/25/24,18,19.99,1,1115215688
1302102012,07/26/24,18,22.49,7,1115215688
1302102012,07/27/24,18,24.99,2,1115215688
1302102012,08/02/24,15,24.99,1,1115215688
1302102012,08/06/24,15,23.32,3,1115215688
1302102012,08/08/24,15,24.99,1,1115215688
1302102012,08/09/24,15,24.99,1,1115215688
1302102012,08/13/24,15,20.24,1,1115215688
1302102012,08/14/24,15,20.24,1,1115215688
1302102012,08/16/24,15,23.12,3,1115215688
1302102012,08/19/24,15,22.91,3,1115215688
1302102012,08/21/24,15,21.24,1,1115215688
1302102012,08/22/24,15,24.99,1,1115215688
1302102012,08/23/24,15,24.99,1,1115215688
1302102012,08/24/24,15,24.99,1,1115215688
1302102012,08/26/24,15,24.99,1,1115215688
1302102012,08/28/24,15,21.24,1,1115215688
1302102012,08/31/24,15,21.24,1,1115215688
1302102012,09/02/24,15,21.24,1,1115215688
1302102012,09/03/24,15,24.99,1,1115215688
1302102012,09/04/24,15,21.24,1,1115215688
1302102012,09/05/24,15,21.24,3,1115215688
1302102012,09/06/24,15,23.12,4,1115215688
1302102012,09/07/24,15,22.49,2,1115215688
1302102012,09/09/24,15,23.12,2,1115215688
1302102012,09/11/24,15,24.99,1,1115215688
1302102012,09/12/24,15,24.99,3,1115215688
1302102012,09/13/24,15,23.74,3,1115215688
1302102012,09/16/24,15,24.99,1,1115215688
1302102012,09/18/24,15,24.99,1,1115215688
1302102012,09/24/24,15,28.49,2,1115215688
1302102012,09/25/24,15,29.99,1,1115215688
1302102012,09/26/24,15,28.49,2,1115215688
1302102012,09/28/24,14.32,17.09,5,1115215688
1302102012,09/30/24,13.64,17.09,4,1115215688
1302102012,10/01/24,13.64,19.99,2,1115215688
1302102012,10/02/24,13.64,19.10,12,1115215688
1302102012,10/03/24,13.64,19.02,11,1115215688
1302102012,10/04/24,13.64,17.99,1,1115215688
1302102012,10/05/24,13.64,19.49,5,1115215688
1302102012,10/07/24,13.64,18.66,4,1115215688
1302102012,10/08/24,13.636775,18.37,15,1115215688
1302102012,10/09/24,13.64,17.74,4,1115215688
1302102012,10/10/24,13.63875,17.24,5,1115215688
1302102012,10/11/24,13.638333,18.99,4,1115215688
1302102012,10/12/24,13.6375,19.99,3,1115215688
1302102012,10/14/24,13.635833,17.49,9,1115215688
1302102012,10/15/24,13.635,18.49,4,1115215688
1302102012,10/19/24,13.63,16.99,1,1115215688
1302102039,03/14/24,32,39.99,7,6189821886
1302102039,03/18/24,32,39.99,2,6189821886
1302102039,03/19/24,32,39.99,2,6189821886
1302102039,03/20/24,32,39.99,1,6189821886
1302102039,03/21/24,32,35.99,1,6189821886
1302102039,03/22/24,30,39.99,1,6189821886
1302102039,03/27/24,30.153846,38.76,13,6189821886
1302102039,03/28/24,30,39.99,2,6189821886
1302102039,03/29/24,30,35.99,1,6189821886
1302102039,04/02/24,30,39.99,1,6189821886
1302102039,04/03/24,30,39.99,2,6189821886
1302102039,04/05/24,30,39.99,2,6189821886
1302102039,04/11/24,30,57.99,1,6189821886
1302102039,04/15/24,30,57.99,3,6189821886
1302102039,05/02/24,30,49.29,1,6189821886
1302102039,05/07/24,26,57.99,1,6189821886
1302102039,05/23/24,26,57.99,1,6189821886
1302102039,05/28/24,26,57.99,1,6189821886
1302102039,06/11/24,26,44.36,1,6189821886
1302102039,06/17/24,26,57.99,1,6189821886
1302102039,07/05/24,26,49.29,1,6189821886
1302102039,07/09/24,26,49.29,1,6189821886
1302102039,07/15/24,26,57.99,2,6189821886
1302102039,07/27/24,26,57.99,1,6189821886
1302102039,07/31/24,26,57.99,1,6189821886
1302102039,08/23/24,26,57.99,1,6189821886
1302102039,09/18/24,26,57.99,3,6189821886
1302102039,09/21/24,26,52.19,1,6189821886
1302102039,10/04/24,26,49.99,1,6189821886
1302102039,10/05/24,26,49.99,3,6189821886
1302102039,10/25/24,26,49.99,1,6189821886
1302102039,10/28/24,26,31.49,2,6189821886
1302102039,11/02/24,26,34.99,2,6189821886
1302102039,11/04/24,26,31.49,3,6189821886
1302102039,11/05/24,26,33.82,4,6189821886
1302102039,11/06/24,26,34.99,2,6189821886
1302102039,11/07/24,26,34.99,1,6189821886
1302102039,11/09/24,26,31.49,1,6189821886
1302102039,11/12/24,26,49.99,1,6189821886
1302102039,11/14/24,26,49.99,1,6189821886
1302102088,03/14/24,10.52,19.99,1,7323400303
1302102088,03/27/24,10.51,19.99,3,7323400303
1302102088,04/04/24,10.51,19.99,1,7323400303
1302102088,04/22/24,10.51,16.99,1,7323400303
1302102088,04/27/24,10.51,15.99,1,7323400303
1302102088,04/29/24,10.51,17.99,3,7323400303
1302102088,05/10/24,10.51,12.74,1,7323400303
1302102088,05/13/24,8.9925,12.37,3,7323400303
1302102088,05/14/24,8.995,12.74,2,7323400303
1302102088,05/18/24,8.99,12.74,1,7323400303
1302102088,05/20/24,8.99,11.99,1,7323400303
1302102088,05/22/24,8.995,14.99,2,7323400303
1302102088,05/27/24,8.99,13.49,1,7323400303
1302102088,05/29/24,8.993333,14.49,3,7323400303
1302102088,05/30/24,9,14.99,1,7323400303
1302102088,06/04/24,8.9925,13.49,4,7323400303
1302102088,06/05/24,8.995,14.99,2,7323400303
1302102088,06/06/24,8.991666,14.99,5,7323400303
1302102088,06/17/24,8.99,13.49,2,7323400303
1302102088,06/18/24,8.99,14.99,1,7323400303
1302102088,06/19/24,8.99,14.99,1,7323400303
1302102088,06/21/24,8.99,14.99,2,7323400303
1302102088,06/24/24,8.99,13.49,3,7323400303
1302102088,06/25/24,8.99,13.49,3,7323400303
1302102088,06/29/24,8.99,14.99,2,7323400303
1302102088,07/03/24,8.99,12.74,12,7323400303
1302102088,07/05/24,8.99,14.24,3,7323400303
1302102088,07/08/24,8.99,12.74,1,7323400303
1302102088,07/10/24,8.99,12.74,1,7323400303
1302102088,07/11/24,8.99,12.74,1,7323400303
1302102088,07/12/24,8.99,14.24,4,7323400303
1302102088,07/15/24,8.99,13.49,1,7323400303
1302102088,07/17/24,8.9875,13.49,3,7323400303
1302102088,07/20/24,8.99,11.99,13,7323400303
1302102088,07/22/24,8.99,12.37,6,7323400303
1302102088,07/23/24,8.99,11.99,3,7323400303
1302102088,07/25/24,8.99,11.99,3,7323400303
1302102088,07/26/24,8.99,11.99,1,7323400303
1302102088,07/27/24,8.99,14.99,2,7323400303
1302102088,08/02/24,8.99,14.99,1,7323400303
1302102088,08/03/24,8.99,12.14,2,7323400303
1302102088,08/06/24,8.99,13.49,3,7323400303
1302102088,08/07/24,8.99,14.04,8,7323400303
1302102088,08/08/24,8.99,14.99,10,7323400303
1302102088,08/09/24,8.99,13.54,3,7323400303
1302102088,08/10/24,8.99,13.49,3,7323400303
1302102088,08/12/24,8.9875,14.99,4,7323400303
1302102088,08/20/24,8.99,14.99,1,7323400303
1302102088,08/21/24,8.98,12.74,3,7323400303
1302102088,08/23/24,8.98,13.49,4,7323400303
1302102088,08/24/24,8.98,11.99,5,7323400303
1302102088,08/26/24,8.98,13.87,2,7323400303
1302102088,08/28/24,8.98,12.74,2,7323400303
1302102088,08/29/24,8.98,12.74,1,7323400303
1302102088,08/30/24,8.98,12.74,2,7323400303
1302102088,08/31/24,8.98,12.37,6,7323400303
1302102088,09/02/24,8.98,13.87,9,7323400303
1302102088,09/03/24,8.98,13.30,6,7323400303
1302102088,09/05/24,8.98,13.87,3,7323400303
1302102088,09/06/24,8.98,11.47,1,7323400303
1302102088,09/07/24,8.98,13.53,9,7323400303
1302102088,09/09/24,8.98,14.24,4,7323400303
1302102088,09/10/24,8.98,12.14,1,7323400303
1302102088,09/11/24,8.98,13.04,5,7323400303
1302102088,09/12/24,8.98,14.99,2,7323400303
1302102088,09/13/24,8.98,14.24,3,7323400303
1302102088,09/14/24,8.98,13.49,1,7323400303
1302102088,09/16/24,8.98,14.99,2,7323400303
1302102088,09/17/24,8.98,13.99,3,7323400303
1302102088,09/20/24,8.98,12.14,1,7323400303
1302102088,09/23/24,8.98375,16.64,7,7323400303
1302102088,09/25/24,8.98,14.99,1,7323400303
1302102088,09/27/24,8.99,16.19,1,7323400303
1302102088,09/28/24,8.99,14.57,1,7323400303
1302102088,10/01/24,8.99,17.99,1,7323400303
1302102088,10/04/24,8.99165,17.99,4,7323400303
1302102088,10/09/24,8.99,15.29,2,7323400303
1302102088,10/10/24,8.99,15.29,1,7323400303
1302102088,10/14/24,8.99,15.29,2,7323400303
1302102088,10/17/24,8.9933,14.57,3,7323400303
1302102088,10/18/24,8.99085,17.09,7,7323400303
1302102088,10/21/24,8.9925,17.09,4,7323400303
1302102088,10/24/24,8.99,17.99,1,7323400303
1302102088,10/25/24,9,17.99,1,7323400303
1302102088,10/26/24,8.995,17.09,2,7323400303
1302102088,10/28/24,9,16.19,1,7323400303
1302102088,10/29/24,8.99375,17.54,5,7323400303
1302102088,10/30/24,8.995,17.99,2,7323400303
1302102088,10/31/24,8.99335,17.99,4,7323400303
1302102088,11/04/24,8.995,16.79,4,7323400303
1302102093,03/27/24,21.58,29.99,4,880930899011
1302102093,03/28/24,21.58,31.24,4,880930899011
1302102093,03/29/24,21.58,27.99,10,880930899011
1302102093,03/30/24,21.58,26.99,2,880930899011
1302102093,04/04/24,21.58,21.58,5,880930899011
1302102093,04/08/24,21.58,34.99,3,880930899011
1302102093,04/09/24,21.58,29.99,1,880930899011
1302102093,04/16/24,21.58,29.99,1,880930899011
1302102093,04/19/24,21.58,29.99,1,880930899011
1302102093,04/22/24,21.58,29.99,1,880930899011
1302102093,04/24/24,21.58,24.99,4,880930899011
1302102093,04/27/24,21.58,25.99,5,880930899011
1302102093,04/29/24,21.58,27.62,2,880930899011
1302102093,05/01/24,21.58,27.99,1,880930899011
1302102093,05/06/24,21.58,29.74,1,880930899011
1302102093,05/13/24,21.58,27.99,1,880930899011
1302102093,05/14/24,21.58,34.99,1,880930899011
1302102093,05/24/24,21.58,28.49,3,880930899011
1302102093,05/25/24,21.58,28.49,2,880930899011
1302102093,05/27/24,21.58,26.99,1,880930899011
1302102093,05/28/24,21.58,19.75,2,880930899011
1302102093,05/29/24,21.58,29.99,1,880930899011
1302102093,05/31/24,21.58,29.99,2,880930899011
1302102093,06/04/24,21.58,29.99,1,880930899011
1302102093,06/08/24,21.58,27.91,4,880930899011
1302102093,06/15/24,21.58,31.49,1,880930899011
1302102093,06/25/24,21.58,33.82,3,880930899011
1302102093,07/15/24,21.58,29.74,1,880930899011
1302102093,07/19/24,21.58,34.99,1,880930899011
1302102093,08/05/24,21.58,26.99,1,880930899011
1302102093,08/06/24,21.58,26.99,2,880930899011
1302102093,08/09/24,21.58,29.99,2,880930899011
1302102093,08/10/24,21.58,26.99,1,880930899011
1302102093,08/16/24,21.58,25.49,1,880930899011
1302102093,08/26/24,21.58,25.49,3,880930899011
1302102093,08/27/24,21.58,27.74,2,880930899011
1302102093,08/29/24,21.58,25.49,2,880930899011
1302102093,08/30/24,21.58,25.49,2,880930899011
1302102093,09/02/24,21.58,25.49,1,880930899011
1302102093,09/13/24,21.58,34.99,1,880930899011
1302102093,09/16/24,21.58,29.99,1,880930899011
1302102093,09/17/24,21.58,24.29,1,880930899011
1302102093,09/21/24,21.58,25.64,2,880930899011
1302102093,09/24/24,21.58,26.99,2,880930899011
1302102093,09/26/24,21.58,39.99,1,880930899011
1302102093,09/27/24,21.58,26.99,1,880930899011
1302102093,09/28/24,21.58,26.99,1,880930899011
1302102093,09/30/24,21.58,26.99,1,880930899011
1302102093,10/01/24,21.58,25.19,3,880930899011
1302102093,10/02/24,21.58,29.99,1,880930899011
1302102093,10/04/24,21.58,29.99,1,880930899011
1302102093,10/10/24,21.58,29.99,1,880930899011
1302102093,10/11/24,21.58,29.99,1,880930899011
1302102093,10/12/24,21.58,29.99,2,880930899011
1302102093,10/16/24,21.58,29.99,1,880930899011
1302102093,10/18/24,21.58,26.99,1,880930899011
1302102093,10/22/24,21.58,28.49,3,880930899011
1302102093,10/23/24,21.58,26.99,1,880930899011
1302102093,10/24/24,21.58,29.99,1,880930899011
1302102093,10/25/24,21.58,29.99,1,880930899011
1302102093,10/26/24,21.58,35.99,1,880930899011
1302102093,10/31/24,21.58,29.99,1,880930899011
1302102093,11/04/24,21.58,26.99,2,880930899011
1302102093,11/05/24,21.58,28.99,3,880930899011
1302102093,11/09/24,21.58,29.99,2,880930899011
1302102093,11/11/24,21.58,35.99,1,880930899011
1302102093,11/12/24,21.58,33.99,1,880930899011
1302102102,03/19/24,18.64,34.99,1,880914306510
1302102102,04/11/24,18.64,34.99,4,880914306510
1302102102,04/12/24,19.708333,31.49,4,880914306510
1302102102,04/13/24,19.71,31.49,1,880914306510
1302102102,04/15/24,19.71,33.24,4,880914306510
1302102102,04/17/24,19.705,34.99,4,880914306510
1302102102,04/18/24,19.708333,33.24,4,880914306510
1302102102,04/19/24,19.708333,30.91,4,880914306510
1302102102,04/20/24,19.71,28.43,4,880914306510
1302102102,04/22/24,19.705,28.87,2,880914306510
1302102102,04/25/24,19.705,29.06,8,880914306510
1302102102,04/26/24,19.705,27.99,8,880914306510
1302102102,04/27/24,19.7039,30.32,6,880914306510
1302102102,04/29/24,19.705212,24.93,13,880914306510
1302102102,04/30/24,19.705,24.49,6,880914306510
1302102102,05/01/24,19.705,26.24,10,880914306510
1302102102,05/02/24,19.8356,24.03,14,880914306510
1302102102,05/03/24,20.14,25.87,4,880914306510
1302102102,05/04/24,20.1419,24.42,13,880914306510
1302102102,05/06/24,20.145,24.74,8,880914306510
1302102102,05/07/24,20.143333,26.49,3,880914306510
1302102102,05/08/24,20.145666,26.20,12,880914306510
1302102102,05/09/24,20.145,24.74,2,880914306510
1302102102,05/10/24,20.145625,27.74,9,880914306510
1302102102,05/11/24,20.14,25.49,1,880914306510
1302102102,05/14/24,20.15,34.99,1,880914306510
1302102102,05/15/24,20.145,27.99,2,880914306510
1302102102,05/16/24,20.14,34.99,1,880914306510
1302102102,05/17/24,20.15,27.99,1,880914306510
1302102102,05/18/24,20.14,34.99,1,880914306510
1302102102,05/20/24,20.15,27.99,1,880914306510
1302102102,05/22/24,20.14,34.99,1,880914306510
1302102102,05/24/24,20.15,31.49,1,880914306510
1302102102,05/29/24,20.14,34.99,1,880914306510
1302102102,05/31/24,20.145,34.99,2,880914306510
1302102102,06/03/24,20.15,31.49,1,880914306510
1302102102,06/05/24,20.145,33.24,2,880914306510
1302102102,06/06/24,20.14,34.99,1,880914306510
1302102102,06/08/24,20.145,31.49,2,880914306510
1302102102,06/11/24,20.1475,28.26,3,880914306510
1302102102,06/13/24,20.14,29.74,1,880914306510
1302102102,06/15/24,20.145,29.74,2,880914306510
1302102102,06/17/24,20.145,31.49,2,880914306510
1302102102,06/18/24,20.15,34.99,1,880914306510
1302102102,06/21/24,20.14,31.49,1,880914306510
1302102102,06/25/24,20.146666,33.82,3,880914306510
1302102102,06/26/24,20.145,34.99,2,880914306510
1302102102,06/27/24,20.1411,34.99,5,880914306510
1302102102,06/28/24,20.14,29.74,1,880914306510
1302102102,06/29/24,20.14,29.74,1,880914306510
1302102102,07/01/24,20.14,29.74,1,880914306510
1302102102,07/03/24,20.14,29.74,1,880914306510
1302102102,07/05/24,20.14,29.74,3,880914306510
1302102102,07/06/24,20.1425,29.74,3,880914306510
1302102102,07/10/24,20.1425,29.74,3,880914306510
1302102102,07/23/24,20.14,34.99,1,880914306510
1302102102,08/05/24,20.145,28.49,2,880914306510
1302102102,08/06/24,20.145,26.99,2,880914306510
1302102102,08/07/24,20.15,26.99,1,880914306510
1302102102,08/09/24,20.145,29.99,4,880914306510
1302102102,08/16/24,20.1425,27.74,3,880914306510
1302102102,08/23/24,20.145,34.99,2,880914306510
1302102102,08/28/24,20.15,34.99,1,880914306510
1302102102,08/30/24,20.14,29.74,1,880914306510
1302102102,09/02/24,20.145,29.99,2,880914306510
1302102102,09/03/24,20.145,25.49,2,880914306510
1302102102,09/04/24,20.15,23.99,1,880914306510
1302102102,09/06/24,20.14,25.49,1,880914306510
1302102102,09/07/24,20.15,25.49,1,880914306510
1302102102,09/14/24,20.1425,25.64,5,880914306510
1302102102,09/19/24,20.15,31.49,1,880914306510
1302102102,10/08/24,20.14,34.99,1,880914306510
1302102102,10/14/24,20.15,29.74,1,880914306510
1302102102,10/15/24,20.145,18.63,10,880914306510
1302102102,11/02/24,20.145,26.99,2,880914306510
1302102102,11/04/24,20.14,26.99,1,880914306510
1302102102,11/05/24,20.1475,28.49,3,880914306510
1302102102,11/06/24,20.14,26.99,1,880914306510
1302102102,11/08/24,20.15,29.99,1,880914306510
