HSERVICE_ITEM.csv
ItemCode  ,Date                      ,Average_Cost,Average_Sales_Price,Total_Sales_Quantity,UPC          
1302102109,05/03/24,26.486,24.43,5,880912827429
1302102109,05/04/24,27,33.99,5,880912827429
1302102109,05/06/24,27,33.99,1,880912827429
1302102109,05/07/24,27,33.99,4,880912827429
1302102109,05/08/24,27,33.99,1,880912827429
1302102109,05/13/24,27,39.99,1,880912827429
1302102109,05/15/24,27,33.99,2,880912827429
1302102109,05/16/24,27,39.99,2,880912827429
1302102109,05/17/24,27,31.99,4,880912827429
1302102109,05/21/24,27,34.66,6,880912827429
1302102109,05/22/24,27,39.99,5,880912827429
1302102109,05/25/24,27,39.99,2,880912827429
1302102109,05/29/24,27,39.99,1,880912827429
1302102109,05/30/24,27,39.99,1,880912827429
1302102109,06/01/24,27,35.99,2,880912827429
1302102109,06/03/24,27,37.99,2,880912827429
1302102109,06/04/24,27,35.99,2,880912827429
1302102109,06/05/24,27,39.99,2,880912827429
1302102109,06/06/24,27,39.99,6,880912827429
1302102109,06/08/24,27,29.24,8,880912827429
1302102109,06/10/24,27,31.04,9,880912827429
1302102109,06/11/24,27,26.99,4,880912827429
1302102109,06/12/24,27,28.49,3,880912827429
1302102109,06/13/24,27,31.32,3,880912827429
1302102109,06/14/24,27,29.99,2,880912827429
1302102109,06/15/24,27,26.99,7,880912827429
1302102109,06/17/24,27,28.12,17,880912827429
1302102109,06/18/24,27,28.66,15,880912827429
1302102109,06/19/24,27,28.99,7,880912827429
1302102109,06/20/24,27,29.99,10,880912827429
1302102109,06/21/24,27,26.99,1,880912827429
1302102109,06/22/24,27,32.99,4,880912827429
1302102109,06/24/24,27,26.99,1,880912827429
1302102109,06/25/24,27,35.99,3,880912827429
1302102109,07/02/24,27,39.99,1,880912827429
1302102109,07/03/24,27,33.99,1,880912827429
1302102109,07/05/24,27,33.99,3,880912827429
1302102109,07/06/24,27,33.99,1,880912827429
1302102109,07/09/24,27,25.49,17,880912827429
1302102109,07/10/24,27,26.84,12,880912827429
1302102109,07/11/24,27,28.98,12,880912827429
1302102109,07/12/24,27,28.49,2,880912827429
1302102109,07/15/24,27,26.99,1,880912827429
1302102109,07/20/24,27,23.99,1,880912827429
1302102109,07/22/24,27,29.99,1,880912827429
1302102109,08/10/24,26.57,35.99,1,880912827429
1302102109,08/21/24,26.57,33.99,1,880912827429
1302102109,09/02/24,26.5667,28.89,3,880912827429
1302102109,09/03/24,26.57,28.04,2,880912827429
1302102109,09/10/24,26.57,30.59,1,880912827429
1302102109,09/13/24,26.57,33.99,1,880912827429
1302102109,09/14/24,26.57,33.99,1,880912827429
1302102109,09/18/24,26.57,39.99,1,880912827429
1302102109,09/19/24,26.57,39.99,1,880912827429
1302102109,09/30/24,26.5675,31.44,3,880912827429
1302102109,10/01/24,26.57,30.59,1,880912827429
1302102109,10/04/24,26.565,30.76,4,880912827429
1302102109,10/05/24,26.57,27.53,1,880912827429
1302102109,10/07/24,26.57,30.59,1,880912827429
1302102109,10/08/24,26.57,33.99,2,880912827429
1302102109,10/12/24,26.565,28.89,2,880912827429
1302102109,10/15/24,26.5675,27.73,11,880912827429
1302102109,10/17/24,26.57,28.89,1,880912827429
1302102109,10/22/24,26.57,30.59,1,880912827429
1302102109,10/23/24,26.57,33.99,1,880912827429
1302102109,10/29/24,26.57,34.99,1,880912827429
1302102109,11/01/24,26.56,34.99,1,880912827429
1302102109,11/04/24,26.565,34.99,2,880912827429
1302102109,11/05/24,26.565,31.49,2,880912827429
1302102109,11/11/24,26.57,45.99,1,880912827429
1302102109,11/19/24,26.56,41.39,1,880912827429
1302103010,03/27/24,17,29.99,1,61068005001
1302103010,04/02/24,17,29.99,1,61068005001
1302103010,04/09/24,17,29.99,4,61068005001
1302103010,04/10/24,17,29.99,1,61068005001
1302103010,04/13/24,17,26.99,1,61068005001
1302103010,04/20/24,17,29.99,1,61068005001
1302103010,04/23/24,17,25.49,2,61068005001
1302103010,04/26/24,17,29.99,1,61068005001
1302103010,04/29/24,17,29.99,2,61068005001
1302103010,05/07/24,17,29.99,1,61068005001
1302103010,05/08/24,17,25.49,1,61068005001
1302103010,05/09/24,17,25.49,1,61068005001
1302103010,05/13/24,17,29.99,1,61068005001
1302103010,05/29/24,17,29.99,2,61068005001
1302103010,05/31/24,17,26.99,1,61068005001
1302103010,06/03/24,17,26.99,2,61068005001
1302103010,06/05/24,17,26.99,1,61068005001
1302103010,06/06/24,17,29.99,1,61068005001
1302103010,06/08/24,17,28.49,2,61068005001
1302103010,06/10/24,17,22.94,1,61068005001
1302103010,06/18/24,18,29.99,1,61068005001
1302103010,06/26/24,18,29.99,1,61068005001
1302103010,07/05/24,18,25.49,1,61068005001
1302103010,07/06/24,18,29.99,5,61068005001
1302103010,07/08/24,18,25.49,1,61068005001
1302103010,07/11/24,18,29.99,1,61068005001
1302103010,07/23/24,18,23.99,2,61068005001
1302103010,07/24/24,18,29.99,3,61068005001
1302103010,08/08/24,18,29.99,1,61068005001
1302103010,08/10/24,18,29.99,1,61068005001
1302103010,08/14/24,18,24.29,1,61068005001
1302103010,08/20/24,18,25.49,2,61068005001
1302103010,08/23/24,19,29.99,1,61068005001
1302103010,08/27/24,19,25.49,1,61068005001
1302103010,09/02/24,19,29.99,1,61068005001
1302103010,09/03/24,19,21.24,1,61068005001
1302103010,09/04/24,19,21.24,2,61068005001
1302103010,09/06/24,20,24.99,1,61068005001
1302103010,09/07/24,20,24.99,1,61068005001
1302103010,09/09/24,20,21.24,2,61068005001
1302103010,09/13/24,19.5,26.24,3,61068005001
1302103010,09/14/24,19,29.99,2,61068005001
1302103010,09/16/24,20,22.49,1,61068005001
1302103010,09/18/24,20,24.99,1,61068005001
1302103010,09/19/24,20,24.99,1,61068005001
1302103010,09/23/24,20,33.29,1,61068005001
1302103010,10/02/24,20,36.99,1,61068005001
1302103010,10/03/24,20,36.99,6,61068005001
1302103010,11/09/24,20,29.99,2,61068005001
1302103010,11/12/24,20,39.99,1,61068005001
1302600013,03/18/24,15.2,37.99,1,80717670428
1302600013,03/27/24,15.2,37.04,4,80717670428
1302600013,03/30/24,15.2,37.99,1,80717670428
1302600013,04/03/24,15.2,37.99,1,80717670428
1302600013,04/04/24,15.2,37.99,1,80717670428
1302600013,04/08/24,15.2,35.46,3,80717670428
1302600013,04/09/24,15.2,37.99,1,80717670428
1302600013,04/10/24,15.2,37.99,1,80717670428
1302600013,04/13/24,15.2,25.99,1,80717670428
1302600013,04/15/24,15.2,23.39,1,80717670428
1302600013,04/16/24,15.2,25.99,3,80717670428
1302600013,04/19/24,15.2,22.96,3,80717670428
1302600013,04/20/24,15.2,25.99,1,80717670428
1302600013,04/22/24,15.2,24.26,4,80717670428
1302600013,04/23/24,15.2,24.26,4,80717670428
1302600013,04/24/24,15.2,22.09,2,80717670428
1302600013,04/26/24,15.2,20.79,2,80717670428
1302600013,04/27/24,15.2,22.52,3,80717670428
1302600013,04/29/24,15.2,30.39,1,80717670428
1302600013,04/30/24,15.2,20.79,1,80717670428
1302600013,05/01/24,15.2,31.34,2,80717670428
1302600013,05/02/24,15.2,31.34,2,80717670428
1302600013,05/06/24,15.2,23.79,1,80717670428
1302600013,05/08/24,15.2,27.99,1,80717670428
1302600013,05/09/24,15.2,26.94,5,80717670428
1302600013,05/11/24,15.2,23.26,3,80717670428
1302600013,05/13/24,15.2,17.99,2,80717670428
1302600013,05/14/24,15.2,15.65,6,80717670428
1302600013,05/15/24,15.2,14.84,6,80717670428
1302600013,05/16/24,15.2,16.42,4,80717670428
1302600013,05/17/24,13.28,16.73,8,80717670428
1302600013,05/18/24,12.8,15.29,1,80717670428
1302600013,05/20/24,13.142857,15.29,10,80717670428
1302600013,05/21/24,12.8,17.99,2,80717670428
1302600013,05/22/24,12.8,14.39,1,80717670428
1302600013,05/24/24,12.8,14.39,1,80717670428
1302600013,05/25/24,12.8,16.19,3,80717670428
1302600013,05/27/24,12.8,16.19,8,80717670428
1302600013,05/29/24,12.8,17.69,6,80717670428
1302600013,05/30/24,12.8,17.39,3,80717670428
1302600013,05/31/24,12.8,17.99,1,80717670428
1302600013,06/01/24,12.8,17.39,5,80717670428
1302600013,06/03/24,12.8,17.99,1,80717670428
1302600013,06/04/24,12.8,27.99,1,80717670428
1302600013,06/05/24,12.8,27.99,1,80717670428
1302600013,06/06/24,12.8,27.99,1,80717670428
1302600013,06/13/24,12.8,23.79,1,80717670428
1302600013,06/17/24,12.8,25.19,2,80717670428
1302600013,06/18/24,12.8,26.59,2,80717670428
1302600013,06/20/24,12.8,27.99,1,80717670428
1302600013,06/22/24,12.8,22.29,4,80717670428
1302600013,06/24/24,12.8,18.66,3,80717670428
1302600013,06/25/24,12.8,19.23,10,80717670428
1302600013,06/26/24,12.8,19.19,5,80717670428
1302600013,06/27/24,12.8,18.99,5,80717670428
1302600013,06/29/24,12.8,17.99,4,80717670428
1302600013,07/01/24,12.8,16.99,9,80717670428
1302600013,07/02/24,12.8,18.19,7,80717670428
1302600013,07/03/24,12.8,16.99,15,80717670428
1302600013,07/05/24,12.8,16.99,3,80717670428
1302600013,07/06/24,12.8,17.37,15,80717670428
1302600013,07/09/24,12.8,27.99,1,80717670428
1302600013,07/10/24,12.8,27.99,1,80717670428
1302600013,07/11/24,12.8,27.99,1,80717670428
1302600013,07/16/24,12.8,23.79,3,80717670428
1302600013,07/18/24,12.8,22.39,1,80717670428
1302600013,07/23/24,12.8,23.79,1,80717670428
1302600013,07/24/24,14,22.39,3,80717670428
1302600013,07/26/24,14,22.39,4,80717670428
1302600013,07/29/24,14,27.99,1,80717670428
1302600013,07/30/24,14,25.19,1,80717670428
1302600013,07/31/24,14,27.99,1,80717670428
1302600013,08/03/24,16,25.19,1,80717670428
1302600013,08/05/24,16,18.99,4,80717670428
1302600013,08/06/24,16,18.66,3,80717670428
1302600013,08/07/24,16,17.99,2,80717670428
1302600013,08/08/24,16,18.69,6,80717670428
1302600013,08/09/24,16,18.69,6,80717670428
1302600013,08/10/24,16,18.49,4,80717670428
1302600013,08/12/24,14.833333,18.66,3,80717670428
1302600013,08/13/24,13.55,17.07,8,80717670428
1302600013,08/14/24,12.5,18.69,11,80717670428
1302600013,08/15/24,12.5,17.30,13,80717670428
1302600013,08/16/24,12.5,17.99,8,80717670428
1302600013,08/17/24,12.5,18.49,2,80717670428
1302600013,08/19/24,12.5,21.32,5,80717670428
1302600013,08/20/24,12.5,19.99,1,80717670428
1302600013,08/21/24,12.5,21.19,2,80717670428
1302600013,08/23/24,12.5,27.99,1,80717670428
1302600013,08/24/24,12.5,22.39,2,80717670428
1302600013,08/26/24,12.5,23.79,1,80717670428
1302600013,08/27/24,12.5,23.79,1,80717670428
1302600013,08/30/24,12.5,22.39,1,80717670428
1302600013,08/31/24,12.5,27.99,1,80717670428
1302600013,09/02/24,12.5,23.79,1,80717670428
1302600013,09/03/24,12.5,23.79,1,80717670428
1302600013,09/04/24,12.5,25.89,3,80717670428
1302600013,09/06/24,12.5,27.99,1,80717670428
1302600013,09/09/24,12.5,22.39,1,80717670428
1302600013,09/10/24,12.5,27.99,1,80717670428
1302600013,09/14/24,12.5,18.43,10,80717670428
1302600013,09/16/24,12.5,20.46,7,80717670428
1302600013,09/17/24,12.5,18.66,9,80717670428
1302600013,09/18/24,12.5,19.99,3,80717670428
1302600013,09/19/24,12.5,19.99,6,80717670428
1302600013,09/20/24,12.5,19.79,3,80717670428
1302600013,09/21/24,12.5,18.06,4,80717670428
1302600013,09/23/24,12.5,19.19,6,80717670428
1302600013,09/24/24,12.5,19.32,4,80717670428
1302600013,09/25/24,12.5,19.19,8,80717670428
1302600013,09/26/24,12.5,18.99,2,80717670428
1302600013,09/27/24,12.5,18.99,3,80717670428
1302600013,09/28/24,12.5,20.24,1,80717670428
1302600013,09/30/24,12.5,22.62,2,80717670428
1302600013,10/01/24,12.5,23.74,2,80717670428
1302600013,10/03/24,12.5,22.49,1,80717670428
1302600013,10/04/24,12.5,22.49,1,80717670428
1302600013,10/07/24,12.5,24.99,1,80717670428
1302600013,10/08/24,12.5,22.49,8,80717670428
1302600013,10/09/24,12.5,24.99,1,80717670428
1302600013,10/10/24,12.5,24.99,1,80717670428
1302600013,10/15/24,12.5,21.24,1,80717670428
1302600013,10/16/24,12.5,24.99,1,80717670428
1302600013,10/19/24,12.5,22.49,1,80717670428
1302600013,10/21/24,12.5,24.99,2,80717670428
1302600013,10/22/24,12.5,24.99,2,80717670428
1302600013,10/23/24,12.5,24.99,1,80717670428
1302600013,10/25/24,12.5,24.99,1,80717670428
1302600013,10/26/24,12.5,17.99,3,80717670428
1302600013,10/28/24,12.5,19.99,2,80717670428
1302600013,10/29/24,12.5,19.13,7,80717670428
1302600013,10/30/24,12.5,19.99,2,80717670428
1302600013,10/31/24,12.5,19.99,1,80717670428
1302600013,11/01/24,12.5,18.39,6,80717670428
1302600013,11/02/24,12.5,23.74,2,80717670428
1302600013,11/04/24,12.5,21.24,3,80717670428
1302600013,11/05/24,12.5,24.99,2,80717670428
1302600013,11/06/24,12.5,24.99,2,80717670428
1302600013,11/07/24,12.5,24.99,1,80717670428
1302600013,11/12/24,12.5,22.49,1,80717670428
1302600013,11/14/24,12.5,24.99,1,80717670428
1302600013,11/18/24,12.5,22.49,1,80717670428
1302600013,11/19/24,12.5,24.99,1,80717670428
1303101053,03/14/24,8.5,15.99,1,3114602400
1303101053,03/19/24,8.5,15.99,2,3114602400
1303101053,03/22/24,8.5,15.99,1,3114602400
1303101053,03/27/24,8.5,15.35,8,3114602400
1303101053,03/28/24,8.5,15.99,1,3114602400
1303101053,04/02/24,8.5,15.99,2,3114602400
1303101053,04/05/24,8.5,14.39,1,3114602400
1303101053,04/08/24,8.5,15.99,2,3114602400
1303101053,04/10/24,8.5,15.99,3,3114602400
1303101053,04/11/24,8.49875,15.99,5,3114602400
1303101053,04/12/24,8.5,15.99,1,3114602400
1303101053,04/16/24,8.5,15.99,1,3114602400
1303101053,04/23/24,8.49,15.99,1,3114602400
1303101053,04/24/24,8.5,12.79,1,3114602400
1303101053,04/30/24,8.5,15.99,2,3114602400
1303101053,05/02/24,8.5,15.99,6,3114602400
1303101053,05/03/24,8.5,13.59,1,3114602400
1303101053,05/11/24,8.5,14.79,2,3114602400
1303101053,05/13/24,8.5,15.99,1,3114602400
1303101053,05/21/24,8.4975,15.99,3,3114602400
1303101053,06/03/24,8.5,14.39,1,3114602400
1303101053,06/10/24,8.5,12.23,1,3114602400
1303101053,06/11/24,8.49,12.23,1,3114602400
1303101053,06/12/24,8.5,12.23,1,3114602400
1303101053,06/13/24,8.5,13.59,1,3114602400
1303101053,06/14/24,8.5,15.99,2,3114602400
1303101053,06/15/24,8.5,14.39,1,3114602400
1303101053,06/17/24,8.5,15.99,1,3114602400
1303101053,06/19/24,8.495,15.99,2,3114602400
1303101053,06/21/24,8.5,15.99,1,3114602400
1303101053,06/22/24,8.49,14.39,1,3114602400
1303101053,06/24/24,9,15.99,1,3114602400
1303101053,07/08/24,8.5,15.99,1,3114602400
1303101053,07/10/24,8.5,15.19,3,3114602400
1303101053,07/12/24,8.5,15.99,2,3114602400
1303101053,07/15/24,8.49,14.39,1,3114602400
1303101053,07/16/24,8.5,15.99,1,3114602400
1303101053,07/18/24,8.49,12.79,1,3114602400
1303101053,07/20/24,8.5,12.79,2,3114602400
1303101053,07/22/24,8.49875,14.79,5,3114602400
1303101053,07/26/24,8.5,15.99,1,3114602400
1303101053,07/27/24,8.5,15.99,1,3114602400
1303101053,07/29/24,8.49,14.39,1,3114602400
1303101053,07/30/24,8.5,15.99,1,3114602400
1303101053,07/31/24,8.5,11.20,2,3114602400
1303101053,08/01/24,8.5,9.97,2,3114602400
1303101053,08/02/24,8.5,9.27,5,3114602400
1303101053,08/03/24,8.498,9.44,10,3114602400
1303101053,08/09/24,8.5,8.50,1,3114602400
1303101053,08/10/24,8.5,9.79,6,3114602400
1303101053,08/12/24,8.5,9.06,6,3114602400
1303101053,08/13/24,8.5,9.44,3,3114602400
1303101053,08/14/24,8.5,9.62,4,3114602400
1303101053,08/15/24,8.5,9.71,2,3114602400
1303101053,08/16/24,8.5,9.18,6,3114602400
1303101053,08/17/24,8.499,9.23,6,3114602400
1303101053,08/19/24,8.498,9.44,7,3114602400
1303101053,08/20/24,8.5,9.31,4,3114602400
1303101053,08/21/24,8.496666,9.62,3,3114602400
1303101053,08/22/24,8.5,8.92,1,3114602400
1303101053,08/23/24,8.493333,8.74,3,3114602400
1303101053,08/24/24,8.4975,10.10,5,3114602400
1303101053,08/26/24,8.5,9.06,3,3114602400
1303101053,08/27/24,8.5,10.99,3,3114602400
1303101053,08/28/24,8.5,10.92,3,3114602400
1303101053,08/29/24,8.5,11.49,1,3114602400
1303101053,08/30/24,8.5,10.46,5,3114602400
1303101053,08/31/24,8.492925,9.63,7,3114602400
1303101053,09/03/24,8.5,9.77,1,3114602400
1303101053,09/06/24,8.49,9.19,1,3114602400
1303101053,09/07/24,8.69,10.08,8,3114602400
1303101053,09/08/24,8.69,8.79,1,3114602400
1303101053,09/09/24,8.69,10.29,12,3114602400
1303101053,09/10/24,8.69,13.67,2,3114602400
1303101053,09/11/24,8.69,13.67,2,3114602400
1303101053,09/12/24,8.69,15.99,1,3114602400
1303101053,09/14/24,8.69,15.99,1,3114602400
1303101053,09/16/24,8.69,14.47,2,3114602400
1303101053,09/17/24,8.69,14.39,1,3114602400
1303101053,09/18/24,8.69,15.99,1,3114602400
1303101053,09/19/24,8.69,15.19,4,3114602400
1303101053,09/24/24,8.69,15.19,2,3114602400
1303101053,09/26/24,8.69,15.99,1,3114602400
1303101053,09/28/24,8.69,15.29,4,3114602400
1303101053,09/30/24,8.69,15.19,2,3114602400
1303101053,10/01/24,8.69,14.84,3,3114602400
1303101053,10/02/24,8.69,15.42,4,3114602400
1303101053,10/03/24,8.69,15.29,1,3114602400
1303101053,10/05/24,8.69,15.99,1,3114602400
1303101053,10/07/24,8.69,14.39,2,3114602400
1303101053,10/08/24,8.69,14.47,9,3114602400
1303101053,10/09/24,8.69,14.44,2,3114602400
1303101053,10/11/24,8.69,14.39,1,3114602400
1303101053,10/12/24,8.69,13.59,1,3114602400
1303101053,10/14/24,8.69,13.59,1,3114602400
1303101053,10/15/24,8.69,15.29,2,3114602400
1303101053,10/17/24,8.69,15.99,2,3114602400
1303101053,10/18/24,8.69,14.39,1,3114602400
1303101053,10/21/24,8.69,15.29,3,3114602400
1303101053,10/23/24,8.69,16.99,1,3114602400
1303101053,10/25/24,8.69,16.14,2,3114602400
1303101053,10/28/24,8.69,16.99,2,3114602400
1303101053,10/31/24,8.69,16.99,1,3114602400
1303101053,11/01/24,8.69,16.99,3,3114602400
1303101053,11/02/24,8.69,16.99,1,3114602400
1303101053,11/05/24,8.691666,15.86,4,3114602400
1303101053,11/06/24,8.69,16.99,1,3114602400
1303101053,11/07/24,8.69,16.99,1,3114602400
1303101053,11/14/24,8.69,16.99,1,3114602400
1303101053,11/15/24,8.69,16.99,1,3114602400
