HSERVICE_ITEM.csv
ItemCode  ,Date                      ,Average_Cost,Average_Sales_Price,Total_Sales_Quantity,UPC          
1303201058,03/14/24,5.01,8.99,3,3114615820
1303201058,03/15/24,5.01,8.99,4,3114615820
1303201058,04/27/24,5.04,7.64,1,3114615820
1303201058,04/29/24,5.04,6.29,3,3114615820
1303201058,04/30/24,5.04,5.75,12,3114615820
1303201058,05/01/24,5.04,5.77,7,3114615820
1303201058,05/02/24,5.04,5.90,20,3114615820
1303201058,05/03/24,5.04,6.67,11,3114615820
1303201058,05/04/24,5.04,5.82,4,3114615820
1303201058,05/06/24,5.04,5.94,4,3114615820
1303201058,05/07/24,5.03934,6.19,16,3114615820
1303201058,05/08/24,5.039166,6.00,9,3114615820
1303201058,05/09/24,5.04,6.07,8,3114615820
1303201058,05/10/24,5.04,6.12,7,3114615820
1303201058,05/11/24,5.04,6.86,3,3114615820
1303201058,05/13/24,5.04,8.39,5,3114615820
1303201058,05/14/24,5.04,7.98,4,3114615820
1303201058,05/15/24,5.04,7.64,1,3114615820
1303201058,05/16/24,5.038,8.09,6,3114615820
1303201058,05/17/24,5.04,6.66,7,3114615820
1303201058,05/21/24,5.04,8.99,2,3114615820
1303201058,05/23/24,5.04,8.99,1,3114615820
1303201058,05/25/24,5.04,8.09,1,3114615820
1303201058,05/29/24,5.04,8.39,3,3114615820
1303201058,05/30/24,5.04,8.99,2,3114615820
1303201058,06/03/24,5.04,8.32,5,3114615820
1303201058,06/05/24,5.04,8.99,2,3114615820
1303201058,06/06/24,5.04,8.99,3,3114615820
1303201058,06/08/24,5.04,8.09,2,3114615820
1303201058,06/10/24,5.04,6.88,2,3114615820
1303201058,06/11/24,5.04,7.45,4,3114615820
1303201058,06/13/24,5.04,7.64,1,3114615820
1303201058,06/14/24,5.04,8.99,1,3114615820
1303201058,06/17/24,5.04,8.99,1,3114615820
1303201058,06/18/24,5.0375,8.54,3,3114615820
1303201058,06/19/24,5.04,8.99,2,3114615820
1303201058,06/20/24,5.04,8.32,2,3114615820
1303201058,06/22/24,5.04,8.09,1,3114615820
1303201058,06/25/24,5.04,8.09,2,3114615820
1303201058,06/26/24,5.04,8.99,1,3114615820
1303201058,06/28/24,5.04,7.64,2,3114615820
1303201058,06/29/24,5.04,8.99,1,3114615820
1303201058,07/01/24,5.04,7.64,1,3114615820
1303201058,07/02/24,5.04,8.99,1,3114615820
1303201058,07/05/24,5.04,7.64,1,3114615820
1303201058,07/08/24,5.04,7.64,3,3114615820
1303201058,07/09/24,5.04,8.99,1,3114615820
1303201058,07/10/24,5.04,8.09,3,3114615820
1303201058,07/11/24,5.04,8.99,3,3114615820
1303201058,07/16/24,5.04,8.99,1,3114615820
1303201058,07/17/24,5.04,8.99,1,3114615820
1303201058,07/18/24,5.04,7.19,1,3114615820
1303201058,07/23/24,5.04,8.09,4,3114615820
1303201058,07/24/24,5.04,7.19,4,3114615820
1303201058,07/26/24,5.04,8.99,1,3114615820
1303201058,07/29/24,5.04,8.09,2,3114615820
1303201058,07/30/24,5.115333,8.12,7,3114615820
1303201058,08/01/24,5.16,8.54,2,3114615820
1303201058,08/07/24,5.16,8.09,1,3114615820
1303201058,08/09/24,5.155,8.34,4,3114615820
1303201058,08/13/24,5.155,8.54,2,3114615820
1303201058,08/14/24,5.155,8.09,2,3114615820
1303201058,08/16/24,5.15,7.64,1,3114615820
1303201058,08/17/24,5.155,7.94,4,3114615820
1303201058,08/22/24,5.155,7.64,2,3114615820
1303201058,08/24/24,5.16,7.19,1,3114615820
1303201058,08/26/24,5.15,7.19,1,3114615820
1303201058,08/28/24,5.16,8.99,1,3114615820
1303201058,08/29/24,5.1525,7.64,3,3114615820
1303201058,09/02/24,5.155,8.32,4,3114615820
1303201058,09/03/24,5.16,7.64,1,3114615820
1303201058,09/04/24,5.15,7.64,1,3114615820
1303201058,09/05/24,5.155,8.32,2,3114615820
1303201058,09/06/24,5.16,8.99,1,3114615820
1303201058,09/07/24,5.155,8.99,2,3114615820
1303201058,09/09/24,5.155,8.99,2,3114615820
1303201058,09/10/24,5.153333,8.39,3,3114615820
1303201058,09/11/24,5.155,8.09,2,3114615820
1303201058,09/12/24,5.155,8.09,2,3114615820
1303201058,09/13/24,5.16,8.99,2,3114615820
1303201058,09/14/24,5.16,6.58,4,3114615820
1303201058,09/16/24,5.16,5.66,2,3114615820
1303201058,09/17/24,5.154587,6.47,12,3114615820
1303201058,09/18/24,5.16,6.29,1,3114615820
1303201058,09/19/24,5.154787,6.52,13,3114615820
1303201058,09/20/24,5.16,6.33,2,3114615820
1303201058,09/21/24,5.155,5.98,2,3114615820
1303201058,09/23/24,5.154245,6.36,13,3114615820
1303201058,09/24/24,5.155833,6.31,7,3114615820
1303201058,09/25/24,5.155,6.82,4,3114615820
1303201058,09/26/24,5.154166,6.76,7,3114615820
1303201058,09/27/24,5.158,6.29,6,3114615820
1303201058,09/28/24,5.158333,6.70,6,3114615820
1303201058,09/30/24,5.155,8.09,2,3114615820
1303201058,10/01/24,5.15375,8.32,5,3114615820
1303201058,10/03/24,5.1575,8.99,3,3114615820
1303201058,10/04/24,5.15,8.09,1,3114615820
1303201058,10/07/24,5.155,9.66,4,3114615820
1303201058,10/08/24,5.155,8.09,2,3114615820
1303201058,10/10/24,5.156666,8.42,5,3114615820
1303201058,10/12/24,5.155,8.24,4,3114615820
1303201058,10/14/24,5.155,8.32,2,3114615820
1303201058,10/15/24,5.156666,7.92,3,3114615820
1303201058,10/16/24,5.1575,9.49,3,3114615820
1303201058,10/18/24,5.16,9.99,1,3114615820
1303201058,10/19/24,5.156666,9.66,3,3114615820
1303201058,10/21/24,5.153333,9.32,3,3114615820
1303201058,10/22/24,5.155,9.99,2,3114615820
1303201058,10/24/24,5.16,9.99,1,3114615820
1303201058,10/26/24,5.155,6.97,4,3114615820
1303201058,10/28/24,5.155,6.64,6,3114615820
1303201058,10/29/24,5.1585,7.02,11,3114615820
1303201058,10/30/24,5.16,6.29,1,3114615820
1303201058,10/31/24,5.153333,6.99,7,3114615820
1303201058,11/01/24,5.1575,6.29,3,3114615820
1303201058,11/02/24,5.155,5.84,2,3114615820
1303201058,11/04/24,5.155,6.09,10,3114615820
1303201058,11/05/24,5.154,6.23,5,3114615820
1303201058,11/06/24,5.16,6.17,2,3114615820
1303201058,11/07/24,5.159285,6.40,16,3114615820
1303201058,11/08/24,5.15875,6.33,5,3114615820
1303201058,11/09/24,5.155,6.00,4,3114615820
1303201058,11/11/24,5.154,5.97,5,3114615820
1303201058,11/12/24,5.155,6.13,12,3114615820
1303201058,11/13/24,5.155,6.49,6,3114615820
1303201058,11/14/24,5.155833,6.49,9,3114615820
1303201058,11/15/24,5.153333,6.27,3,3114615820
1303201058,11/16/24,5.156,6.49,5,3114615820
1303201058,11/18/24,5.155,6.67,6,3114615820
1303201058,11/19/24,5.155,6.06,4,3114615820
1303201092,03/14/24,5.97,9.99,4,3114604972
1303201092,03/15/24,5.97,9.99,1,3114604972
1303201092,03/16/24,5.97,9.99,1,3114604972
1303201092,03/19/24,5.97,9.99,1,3114604972
1303201092,03/22/24,5.96,9.99,1,3114604972
1303201092,03/27/24,5.96,9.74,7,3114604972
1303201092,03/28/24,5.96,9.99,1,3114604972
1303201092,04/26/24,5.96165,7.99,4,3114604972
1303201092,04/27/24,5.96665,8.99,4,3114604972
1303201092,04/29/24,5.965,9.24,2,3114604972
1303201092,04/30/24,5.967,9.24,6,3114604972
1303201092,05/06/24,5.97,8.49,1,3114604972
1303201092,05/07/24,5.965,8.49,2,3114604972
1303201092,05/08/24,5.96,7.99,1,3114604972
1303201092,05/09/24,5.97,7.99,1,3114604972
1303201092,05/14/24,5.96,8.49,1,3114604972
1303201092,05/15/24,5.9675,8.24,3,3114604972
1303201092,05/16/24,5.96,9.99,1,3114604972
1303201092,05/18/24,5.97,9.99,1,3114604972
1303201092,05/20/24,5.96,7.99,1,3114604972
1303201092,05/21/24,5.96,9.99,1,3114604972
1303201092,05/23/24,5.96,9.99,1,3114604972
1303201092,05/24/24,5.965,8.99,2,3114604972
1303201092,05/28/24,5.9675,9.99,3,3114604972
1303201092,05/29/24,5.96,9.99,1,3114604972
1303201092,06/01/24,5.97,9.99,1,3114604972
1303201092,06/03/24,5.96,9.99,1,3114604972
1303201092,06/04/24,5.9675,9.49,3,3114604972
1303201092,06/05/24,5.96,9.99,1,3114604972
1303201092,06/06/24,5.9675,9.99,3,3114604972
1303201092,06/11/24,5.96,7.64,1,3114604972
1303201092,06/12/24,5.965,8.49,2,3114604972
1303201092,06/13/24,5.965,9.24,2,3114604972
1303201092,06/14/24,5.97,9.99,1,3114604972
1303201092,06/15/24,5.96,9.99,1,3114604972
1303201092,06/17/24,5.97,8.99,1,3114604972
1303201092,06/18/24,5.96,9.99,1,3114604972
1303201092,06/19/24,5.97,9.99,1,3114604972
1303201092,06/20/24,5.96,9.99,2,3114604972
1303201092,06/22/24,5.96335,8.99,4,3114604972
1303201092,06/25/24,5.96,8.99,1,3114604972
1303201092,06/26/24,5.97,9.99,1,3114604972
1303201092,06/27/24,5.965,9.99,4,3114604972
1303201092,07/01/24,5.96665,8.49,4,3114604972
1303201092,07/05/24,5.965,8.49,8,3114604972
1303201092,07/08/24,5.965,8.49,4,3114604972
1303201092,07/09/24,5.9633,9.99,3,3114604972
1303201092,07/10/24,5.964575,8.87,7,3114604972
1303201092,07/11/24,5.965,9.99,2,3114604972
1303201092,07/16/24,5.965,9.32,4,3114604972
1303201092,07/17/24,5.96,8.99,1,3114604972
1303201092,07/18/24,5.97,7.99,1,3114604972
1303201092,07/23/24,5.963333,8.66,4,3114604972
1303201092,07/25/24,5.961666,8.66,4,3114604972
1303201092,07/26/24,5.965825,8.49,6,3114604972
1303201092,07/27/24,5.96,9.99,1,3114604972
1303201092,07/29/24,5.9667,9.99,3,3114604972
1303201092,07/31/24,5.96,8.99,1,3114604972
1303201092,08/01/24,5.8445,9.99,10,3114604972
1303201092,08/02/24,5.24835,9.49,4,3114604972
1303201092,08/05/24,5.25,8.99,1,3114604972
1303201092,08/07/24,5.25,9.99,1,3114604972
1303201092,08/08/24,5.25,8.99,1,3114604972
1303201092,08/09/24,5.25,8.99,2,3114604972
1303201092,08/12/24,5.25,9.04,4,3114604972
1303201092,08/13/24,5.25,8.99,1,3114604972
1303201092,08/15/24,5.25,9.99,1,3114604972
1303201092,08/19/24,5.246666,9.49,5,3114604972
1303201092,08/20/24,5.25,9.99,1,3114604972
1303201092,08/22/24,5.25,9.24,2,3114604972
1303201092,08/24/24,5.246875,8.62,9,3114604972
1303201092,08/26/24,5.24875,9.24,5,3114604972
1303201092,08/27/24,5.24,9.99,1,3114604972
1303201092,09/03/24,5.25,9.99,1,3114604972
1303201092,09/04/24,5.2475,9.24,3,3114604972
1303201092,09/05/24,5.25,9.49,3,3114604972
1303201092,09/06/24,5.24735,9.99,13,3114604972
1303201092,09/07/24,5.25,9.99,2,3114604972
1303201092,09/09/24,5.25,9.99,1,3114604972
1303201092,09/10/24,5.25,9.49,3,3114604972
1303201092,09/11/24,5.249166,8.99,7,3114604972
1303201092,09/13/24,5.25,9.99,2,3114604972
1303201092,09/14/24,5.25,6.47,2,3114604972
1303201092,09/16/24,5.25,6.47,1,3114604972
1303201092,09/17/24,5.249175,7.59,6,3114604972
1303201092,09/18/24,5.25,7.59,4,3114604972
1303201092,09/19/24,5.25,7.99,3,3114604972
1303201092,09/21/24,5.25,6.47,1,3114604972
1303201092,09/23/24,5.25,7.59,2,3114604972
1303201092,09/24/24,5.247383,7.72,12,3114604972
1303201092,09/25/24,5.245,7.99,4,3114604972
1303201092,09/26/24,5.248333,7.56,6,3114604972
1303201092,09/28/24,5.598,7.76,7,3114604972
1303201092,09/30/24,6,6.47,1,3114604972
1303201092,10/01/24,5.9975,8.90,3,3114604972
1303201092,10/02/24,6,9.89,2,3114604972
1303201092,10/03/24,5.995,10.44,4,3114604972
1303201092,10/07/24,6,10.99,2,3114604972
1303201092,10/08/24,5.996675,9.92,8,3114604972
1303201092,10/10/24,5.998333,9.21,6,3114604972
1303201092,10/11/24,5.9978,9.89,10,3114604972
1303201092,10/14/24,5.995,9.40,4,3114604972
1303201092,10/15/24,5.99585,8.88,5,3114604972
1303201092,10/17/24,5.998766,9.89,10,3114604972
1303201092,10/18/24,6,10.99,1,3114604972
1303201092,10/19/24,6,9.89,2,3114604972
1303201092,10/21/24,6,10.99,1,3114604972
1303201092,10/22/24,5.995,9.89,2,3114604972
1303201092,10/24/24,5.998,10.99,11,3114604972
1303201092,10/28/24,5.995,7.99,2,3114604972
1303201092,10/29/24,6,7.59,2,3114604972
1303201092,10/30/24,5.995,7.59,4,3114604972
1303201092,10/31/24,6,7.99,2,3114604972
1303201092,11/02/24,5.9975,9.89,3,3114604972
1303201092,11/05/24,6,9.89,2,3114604972
1303201092,11/06/24,6,9.89,1,3114604972
1303201092,11/07/24,6,10.99,1,3114604972
1303201092,11/09/24,6,10.99,1,3114604972
1303201092,11/12/24,6,9.89,1,3114604972
1303201092,11/13/24,6,10.99,1,3114604972
1303201092,11/15/24,5.99,9.89,1,3114604972
1303201092,11/18/24,5.995,10.44,2,3114604972
1303201092,11/19/24,5.995,10.99,2,3114604972
1303201092,11/20/24,6,10.99,1,3114604972
1303201118,03/14/24,3.96,6.99,1,880104592199
1303201118,03/15/24,3.96,6.99,1,880104592199
1303201118,03/21/24,3.98,6.99,1,880104592199
1303201118,03/27/24,3.98,6.76,5,880104592199
1303201118,03/28/24,3.98,6.99,1,880104592199
1303201118,04/02/24,3.98,6.71,7,880104592199
1303201118,04/03/24,3.98,6.99,3,880104592199
1303201118,04/05/24,3.98,6.99,1,880104592199
1303201118,04/08/24,3.98,6.76,4,880104592199
1303201118,04/10/24,3.98,6.99,3,880104592199
1303201118,04/15/24,3.98,6.99,2,880104592199
1303201118,04/16/24,3.98,6.99,1,880104592199
1303201118,04/17/24,3.98,6.99,1,880104592199
1303201118,04/18/24,3.98,6.99,1,880104592199
1303201118,04/20/24,3.98,5.59,2,880104592199
1303201118,04/26/24,3.98,6.99,1,880104592199
1303201118,04/29/24,3.9767,6.99,3,880104592199
1303201118,05/01/24,3.98,5.68,4,880104592199
1303201118,05/02/24,3.975,6.47,2,880104592199
1303201118,05/04/24,3.975,5.94,2,880104592199
1303201118,05/07/24,3.98,5.94,1,880104592199
1303201118,05/08/24,4.195,6.47,2,880104592199
1303201118,05/09/24,4.42,6.29,3,880104592199
1303201118,05/10/24,4.42,6.47,2,880104592199
1303201118,05/14/24,4.42,6.99,2,880104592199
1303201118,05/18/24,4.42,5.59,1,880104592199
1303201118,05/20/24,4.42,6.99,1,880104592199
1303201118,05/21/24,4.42,5.59,3,880104592199
1303201118,05/29/24,4.42,6.99,3,880104592199
1303201118,05/31/24,4.42,6.99,1,880104592199
1303201118,06/01/24,4.42,6.99,4,880104592199
1303201118,06/04/24,4.42,6.29,1,880104592199
1303201118,06/05/24,4.42,6.29,1,880104592199
1303201118,06/06/24,4.42,5.59,1,880104592199
1303201118,06/07/24,5.19,6.99,1,880104592199
1303201118,06/10/24,5.19,5.35,1,880104592199
1303201118,06/13/24,5.1875,6.64,3,880104592199
1303201118,06/14/24,5.18625,6.99,6,880104592199
1303201118,06/17/24,5.18875,6.64,6,880104592199
1303201118,06/18/24,5.19,6.99,3,880104592199
1303201118,06/19/24,5.19,6.99,1,880104592199
1303201118,06/25/24,5.1825,6.99,3,880104592199
1303201118,06/27/24,3.76,6.99,1,880104592199
1303201118,06/28/24,3.76,5.94,2,880104592199
1303201118,07/06/24,3.76,5.94,3,880104592199
1303201118,07/08/24,3.76,5.94,2,880104592199
1303201118,07/09/24,3.76,5.94,2,880104592199
1303201118,07/10/24,3.76,5.94,4,880104592199
1303201118,07/11/24,3.76,6.47,2,880104592199
1303201118,07/12/24,3.76,6.29,1,880104592199
1303201118,07/15/24,3.76,6.29,2,880104592199
1303201118,07/18/24,3.76,6.29,2,880104592199
1303201118,07/24/24,4.07,5.59,4,880104592199
1303201118,07/26/24,4.42,6.29,2,880104592199
1303201118,07/30/24,4.42,6.99,1,880104592199
1303201118,08/01/24,4.42,4.94,1,880104592199
1303201118,08/02/24,4.42,5.22,8,880104592199
1303201118,08/05/24,4.42,4.45,1,880104592199
1303201118,08/06/24,4.42,4.90,2,880104592199
1303201118,08/07/24,4.42,4.94,1,880104592199
1303201118,08/08/24,4.42,4.94,3,880104592199
1303201118,08/09/24,4.42,4.96,3,880104592199
1303201118,08/23/24,4.42,4.94,1,880104592199
1303201118,09/02/24,4.42,6.99,1,880104592199
1303201118,09/03/24,4.42,5.94,3,880104592199
1303201118,09/04/24,4.42,6.64,5,880104592199
1303201118,09/05/24,4.42,5.94,1,880104592199
1303201118,09/06/24,4.42,6.29,3,880104592199
1303201118,09/07/24,4.42,5.94,1,880104592199
1303201118,09/12/24,4.42,6.64,7,880104592199
1303201118,09/13/24,4.42,6.99,1,880104592199
1303201118,09/14/24,4.42,6.31,4,880104592199
1303201118,09/16/24,4.42,6.33,2,880104592199
1303201118,09/17/24,4.42,6.99,2,880104592199
1303201118,09/18/24,4.42,6.29,2,880104592199
1303201118,09/19/24,4.42,6.99,1,880104592199
1303201118,09/20/24,4.42,5.66,1,880104592199
1303201118,09/23/24,4.42,6.29,1,880104592199
1303201118,09/24/24,4.42,6.29,1,880104592199
1303201118,09/27/24,4.42,5.66,1,880104592199
1303201118,09/28/24,4.42,6.29,1,880104592199
1303201118,10/03/24,4.42,6.29,2,880104592199
1303201118,10/05/24,4.42,6.99,2,880104592199
1303201118,10/07/24,4.42,6.99,1,880104592199
1303201118,10/08/24,3.76,6.29,1,880104592199
1303201118,10/10/24,3.76,5.94,2,880104592199
1303201118,10/12/24,3.76,5.94,1,880104592199
1303201118,10/14/24,3.76,5.94,1,880104592199
1303201118,10/15/24,3.76,6.99,2,880104592199
1303201118,10/16/24,3.76,6.99,4,880104592199
1303201118,10/17/24,3.76,6.99,2,880104592199
1303201118,10/21/24,3.76,6.99,4,880104592199
1303201118,10/24/24,3.76,6.99,1,880104592199
1303201118,10/25/24,3.76,6.99,1,880104592199
1303201118,10/26/24,3.76,6.29,3,880104592199
1303201118,10/29/24,3.76,6.52,7,880104592199
1303201118,10/30/24,3.76,6.99,1,880104592199
1303201118,10/31/24,3.76,6.99,7,880104592199
1303201118,11/01/24,3.76,6.82,8,880104592199
1303201118,11/02/24,4.26,6.29,1,880104592199
1303201118,11/04/24,4.26,6.99,1,880104592199
1303201118,11/05/24,4.26,6.76,4,880104592199
1303201118,11/06/24,4.26,6.99,1,880104592199
1303201118,11/07/24,4.26,6.99,1,880104592199
1303201118,11/08/24,4.26,6.29,1,880104592199
1303201118,11/11/24,4.26,6.29,1,880104592199
1303201118,11/12/24,4.2625,6.99,4,880104592199
1303201118,11/18/24,4.26,6.29,3,880104592199
1303201118,11/19/24,4.26,6.29,1,880104592199
