HSERVICE_ITEM.csv
ItemCode  ,Date                      ,Average_Cost,Average_Sales_Price,Total_Sales_Quantity,UPC          
1303201126,03/14/24,4.6,7.99,2,880107314236
1303201126,03/15/24,4.6,7.99,7,880107314236
1303201126,03/21/24,4.675,7.99,2,880107314236
1303201126,03/22/24,4.67,7.99,1,880107314236
1303201126,03/27/24,4.67,7.99,1,880107314236
1303201126,03/29/24,4.6733,7.99,3,880107314236
1303201126,04/02/24,4.67,7.99,2,880107314236
1303201126,04/05/24,4.671666,7.72,4,880107314236
1303201126,04/08/24,4.67,7.99,1,880107314236
1303201126,04/09/24,4.675,7.99,4,880107314236
1303201126,04/10/24,4.67,7.99,1,880107314236
1303201126,04/12/24,4.67,7.99,1,880107314236
1303201126,04/13/24,4.675,7.99,4,880107314236
1303201126,04/15/24,4.675,7.59,2,880107314236
1303201126,04/16/24,4.675,7.99,2,880107314236
1303201126,04/18/24,4.68,7.99,1,880107314236
1303201126,04/19/24,4.67,7.99,1,880107314236
1303201126,04/20/24,4.68,6.79,1,880107314236
1303201126,04/22/24,4.675,7.99,2,880107314236
1303201126,04/23/24,4.67,6.39,1,880107314236
1303201126,04/26/24,4.677,7.19,6,880107314236
1303201126,04/27/24,4.675,7.99,2,880107314236
1303201126,04/29/24,4.675,6.79,2,880107314236
1303201126,05/01/24,4.67,6.79,1,880107314236
1303201126,05/02/24,4.67,6.79,1,880107314236
1303201126,05/03/24,4.67415,7.39,5,880107314236
1303201126,05/07/24,4.6725,6.79,3,880107314236
1303201126,05/08/24,5.625,7.99,2,880107314236
1303201126,05/09/24,5.625,6.39,10,880107314236
1303201126,05/10/24,5.625,7.99,2,880107314236
1303201126,05/13/24,5.62,7.99,1,880107314236
1303201126,05/14/24,4.9933,6.79,3,880107314236
1303201126,05/15/24,5.625,6.59,2,880107314236
1303201126,05/18/24,5.145,7.99,2,880107314236
1303201126,05/21/24,4.6733,7.99,3,880107314236
1303201126,05/22/24,4.6725,7.99,3,880107314236
1303201126,05/23/24,4.67,7.99,2,880107314236
1303201126,05/24/24,5.626,6.79,5,880107314236
1303201126,05/25/24,4.67,7.19,1,880107314236
1303201126,05/27/24,4.67,7.19,1,880107314236
1303201126,05/29/24,4.67,7.99,1,880107314236
1303201126,05/31/24,4.67,7.19,1,880107314236
1303201126,06/01/24,4.6725,7.99,3,880107314236
1303201126,06/05/24,4.67,7.99,1,880107314236
1303201126,06/06/24,4.6767,7.99,3,880107314236
1303201126,06/07/24,4.67,7.99,1,880107314236
1303201126,06/13/24,4.68,7.99,1,880107314236
1303201126,06/17/24,4.675,7.19,2,880107314236
1303201126,06/18/24,4.68,7.99,1,880107314236
1303201126,06/20/24,4.6725,7.99,5,880107314236
1303201126,06/22/24,4.68,7.99,1,880107314236
1303201126,06/24/24,4.67,7.99,1,880107314236
1303201126,06/25/24,4.675,7.19,2,880107314236
1303201126,06/26/24,4.6725,7.99,5,880107314236
1303201126,06/28/24,4.673,6.79,31,880107314236
1303201126,07/01/24,4.67,6.79,1,880107314236
1303201126,07/02/24,4.6725,6.89,10,880107314236
1303201126,07/12/24,4.67165,7.19,4,880107314236
1303201126,07/15/24,4.67,7.99,1,880107314236
1303201126,07/17/24,4.67165,7.19,4,880107314236
1303201126,07/22/24,4.67,7.19,1,880107314236
1303201126,07/23/24,4.67,6.79,2,880107314236
1303201126,07/25/24,4.673333,6.39,7,880107314236
1303201126,07/26/24,4.67,6.39,4,880107314236
1303201126,07/27/24,4.67,7.59,4,880107314236
1303201126,07/31/24,4.67,7.99,1,880107314236
1303201126,08/01/24,4.68,7.99,1,880107314236
1303201126,08/02/24,4.67,7.19,1,880107314236
1303201126,08/07/24,4.675,7.99,10,880107314236
1303201126,08/08/24,4.6775,7.99,3,880107314236
1303201126,08/14/24,4.67,7.19,1,880107314236
1303201126,08/15/24,4.68,7.99,1,880107314236
1303201126,08/16/24,4.674,6.79,5,880107314236
1303201126,08/17/24,4.676666,7.19,3,880107314236
1303201126,08/20/24,4.67,7.99,1,880107314236
1303201126,08/21/24,4.675,6.79,2,880107314236
1303201126,08/23/24,4.675,7.39,2,880107314236
1303201126,08/27/24,4.68,6.79,1,880107314236
1303201126,08/29/24,4.675,7.39,2,880107314236
1303201126,08/30/24,4.6725,7.39,3,880107314236
1303201126,08/31/24,4.675,7.99,2,880107314236
1303201126,09/05/24,4.68,7.99,1,880107314236
1303201126,09/06/24,4.67,7.99,1,880107314236
1303201126,09/07/24,4.68,6.59,2,880107314236
1303201126,09/12/24,4.67,7.99,1,880107314236
1303201126,09/14/24,4.675,7.19,2,880107314236
1303201126,09/16/24,4.67,6.79,1,880107314236
1303201126,09/17/24,4.674,7.99,10,880107314236
1303201126,09/18/24,4.672,7.59,11,880107314236
1303201126,09/19/24,4.67,7.99,1,880107314236
1303201126,09/21/24,4.675,6.47,2,880107314236
1303201126,09/24/24,4.675,7.19,2,880107314236
1303201126,09/25/24,4.67,7.19,1,880107314236
1303201126,10/05/24,4.67,8.99,1,880107314236
1303201126,10/07/24,4.67,9.99,1,880107314236
1303201126,10/15/24,4.674,7.64,5,880107314236
1303201126,10/17/24,4.67,8.99,1,880107314236
1303201126,10/21/24,4.6725,9.99,3,880107314236
1303201126,10/22/24,4.675,9.99,4,880107314236
1303201126,10/24/24,4.67,9.99,1,880107314236
1303201126,10/29/24,4.675,8.99,2,880107314236
1303201126,10/30/24,4.675,9.99,2,880107314236
1303201126,10/31/24,4.67,9.99,2,880107314236
1303201126,11/02/24,4.67,9.99,1,880107314236
1303201126,11/06/24,4.67,9.99,4,880107314236
1303201126,11/08/24,4.6733,9.99,6,880107314236
1303201126,11/15/24,4.675,8.99,2,880107314236
1303201126,11/20/24,4.675,9.99,2,880107314236
1303201141,03/15/24,4.67,7.99,2,880107314320
1303201141,05/25/24,4.67,7.46,3,880107314320
1303201141,05/29/24,4.67,7.99,1,880107314320
1303201141,05/30/24,4.6725,7.99,3,880107314320
1303201141,05/31/24,4.67,7.99,1,880107314320
1303201141,06/01/24,4.67,6.83,2,880107314320
1303201141,06/03/24,4.67,6.83,2,880107314320
1303201141,06/04/24,4.6711,6.95,5,880107314320
1303201141,06/05/24,4.67125,6.92,10,880107314320
1303201141,06/06/24,4.67,7.19,2,880107314320
1303201141,06/07/24,4.670825,7.19,6,880107314320
1303201141,06/08/24,4.67,7.19,1,880107314320
1303201141,06/10/24,4.675,6.79,2,880107314320
1303201141,06/11/24,4.676666,6.34,3,880107314320
1303201141,06/12/24,4.673333,6.96,3,880107314320
1303201141,06/13/24,4.675714,7.36,21,880107314320
1303201141,06/14/24,4.674,7.19,15,880107314320
1303201141,06/17/24,4.675833,6.71,7,880107314320
1303201141,06/18/24,4.674444,7.19,9,880107314320
1303201141,06/19/24,4.676,7.19,5,880107314320
1303201141,06/20/24,4.67335,7.19,4,880107314320
1303201141,06/21/24,4.675,6.90,6,880107314320
1303201141,06/22/24,4.675,6.47,2,880107314320
1303201141,06/24/24,4.67,6.47,1,880107314320
1303201141,06/27/24,4.67,7.59,2,880107314320
1303201141,07/22/24,4.67,6.39,1,880107314320
1303201141,07/23/24,4.67,5.88,3,880107314320
1303201141,07/24/24,4.67195,5.77,20,880107314320
1303201141,07/25/24,4.670825,5.77,6,880107314320
1303201141,07/26/24,4.670555,5.73,10,880107314320
1303201141,07/27/24,4.670922,6.89,12,880107314320
1303201141,07/29/24,4.67,7.72,3,880107314320
1303201141,07/30/24,4.671666,7.72,4,880107314320
1303201141,07/31/24,4.6725,7.23,5,880107314320
1303201141,08/01/24,4.67,7.99,5,880107314320
1303201141,08/02/24,4.675,6.53,14,880107314320
1303201141,08/03/24,4.675,5.61,24,880107314320
1303201141,08/05/24,4.672666,5.45,49,880107314320
1303201141,08/06/24,4.67555,5.41,34,880107314320
1303201141,08/09/24,4.67,6.63,2,880107314320
1303201141,08/10/24,4.671883,5.49,21,880107314320
1303201141,08/12/24,4.67125,5.54,5,880107314320
1303201141,08/13/24,4.673,5.26,26,880107314320
1303201141,08/14/24,4.672287,5.62,13,880107314320
1303201141,08/15/24,4.672,5.66,18,880107314320
1303201141,08/16/24,4.672714,5.18,21,880107314320
1303201141,08/17/24,4.672333,5.34,12,880107314320
1303201141,08/19/24,4.671185,6.42,10,880107314320
1303201141,08/20/24,4.67,7.06,3,880107314320
1303201141,08/21/24,4.67,5.94,4,880107314320
1303201141,08/22/24,4.67,7.39,2,880107314320
1303201141,08/23/24,4.67,5.94,2,880107314320
1303201141,08/24/24,4.672075,7.69,7,880107314320
1303201141,08/26/24,4.671666,7.06,4,880107314320
1303201141,08/27/24,4.6711,7.46,5,880107314320
1303201141,08/28/24,4.67,7.99,1,880107314320
1303201141,08/29/24,4.67,7.19,2,880107314320
1303201141,08/30/24,4.67,7.19,3,880107314320
1303201141,08/31/24,4.67,7.19,2,880107314320
1303201141,09/02/24,4.671666,7.99,4,880107314320
1303201141,09/03/24,4.6775,6.79,3,880107314320
1303201141,09/04/24,4.67375,7.99,5,880107314320
1303201141,09/05/24,4.67375,6.99,5,880107314320
1303201141,09/06/24,4.676666,7.59,6,880107314320
1303201141,09/07/24,4.675,7.32,6,880107314320
1303201141,09/08/24,4.67,7.99,1,880107314320
1303201141,09/09/24,4.675,7.52,4,880107314320
1303201141,09/10/24,4.67,7.99,1,880107314320
1303201141,09/11/24,4.676666,7.72,3,880107314320
1303201141,09/12/24,4.6733,7.99,3,880107314320
1303201141,09/13/24,4.675,7.99,4,880107314320
1303201141,09/14/24,4.6775,7.19,3,880107314320
1303201141,09/16/24,4.675,7.39,2,880107314320
1303201141,09/17/24,4.674,7.83,15,880107314320
1303201141,09/18/24,4.68,7.99,1,880107314320
1303201141,09/19/24,4.6725,7.59,3,880107314320
1303201141,09/20/24,4.68,7.19,1,880107314320
1303201141,09/23/24,4.674,8.27,7,880107314320
1303201141,09/24/24,4.675,8.09,2,880107314320
1303201141,09/25/24,4.68,7.19,1,880107314320
1303201141,09/26/24,4.675,8.99,2,880107314320
1303201141,09/27/24,4.6725,8.54,3,880107314320
1303201141,09/28/24,4.675,7.69,2,880107314320
1303201141,09/30/24,4.675,7.28,4,880107314320
1303201141,10/01/24,4.675,7.99,2,880107314320
1303201141,10/02/24,4.6775,8.09,3,880107314320
1303201141,10/03/24,4.675,8.09,2,880107314320
1303201141,10/04/24,4.67,7.99,1,880107314320
1303201141,10/07/24,4.675,7.99,2,880107314320
1303201141,10/08/24,4.67625,7.69,5,880107314320
1303201141,10/09/24,4.67,7.99,1,880107314320
1303201141,10/11/24,4.68,7.99,1,880107314320
1303201141,10/12/24,4.6725,7.39,3,880107314320
1303201141,10/14/24,4.68,6.79,1,880107314320
1303201141,10/15/24,4.675,8.04,2,880107314320
1303201141,10/16/24,4.67,8.09,1,880107314320
1303201141,10/18/24,4.68,7.99,1,880107314320
1303201141,10/19/24,4.6725,8.04,3,880107314320
1303201141,10/21/24,4.6725,7.59,11,880107314320
1303201141,10/22/24,4.672142,7.88,10,880107314320
1303201141,10/23/24,4.67,7.99,2,880107314320
1303201141,10/24/24,4.671,8.19,8,880107314320
1303201141,10/25/24,4.673333,8.06,5,880107314320
1303201141,10/26/24,4.675,8.99,2,880107314320
1303201141,10/28/24,4.67,8.69,3,880107314320
1303201141,10/29/24,4.6725,8.09,3,880107314320
1303201141,10/31/24,4.6725,8.99,3,880107314320
1303201141,11/01/24,4.671666,8.99,4,880107314320
1303201141,11/02/24,4.67,8.09,1,880107314320
1303201141,11/06/24,4.67,8.99,1,880107314320
1303201141,11/07/24,4.673333,8.99,5,880107314320
1303201141,11/08/24,4.67,8.09,2,880107314320
1303201141,11/12/24,4.675,7.19,2,880107314320
1303201141,11/13/24,4.67,7.19,2,880107314320
1303201141,11/14/24,4.67,7.99,1,880107314320
1303201141,11/15/24,4.673333,7.46,5,880107314320
1303201141,11/16/24,4.6725,7.59,3,880107314320
1303201141,11/19/24,4.67125,7.82,5,880107314320
1303201141,11/20/24,4.67,7.99,1,880107314320
