HSERVICE_ITEM.csv
ItemCode  ,Date                      ,Average_Cost,Average_Sales_Price,Total_Sales_Quantity,UPC          
1303201151,03/14/24,3.05,5.99,5,3114602299
1303201151,03/15/24,3.05,5.99,2,3114602299
1303201151,03/18/24,3.05,5.99,2,3114602299
1303201151,03/19/24,3.05,5.99,4,3114602299
1303201151,03/20/24,3.045,5.99,3,3114602299
1303201151,03/21/24,3.04,5.99,1,3114602299
1303201151,03/22/24,3.04,5.39,1,3114602299
1303201151,03/27/24,3.04,5.77,9,3114602299
1303201151,03/28/24,3.04,5.99,2,3114602299
1303201151,03/29/24,3.04,5.99,1,3114602299
1303201151,03/30/24,3.04,5.79,4,3114602299
1303201151,04/01/24,3.04,5.84,4,3114602299
1303201151,04/02/24,3.04,5.99,6,3114602299
1303201151,04/03/24,3.04,5.99,4,3114602299
1303201151,04/04/24,3.04,5.99,6,3114602299
1303201151,04/05/24,3.04,5.69,2,3114602299
1303201151,04/08/24,3.04,5.75,5,3114602299
1303201151,04/09/24,3.04,5.99,3,3114602299
1303201151,04/10/24,3.04,5.99,2,3114602299
1303201151,04/12/24,3.04,5.99,2,3114602299
1303201151,04/13/24,3.04,5.59,4,3114602299
1303201151,04/15/24,3.04,5.99,1,3114602299
1303201151,04/16/24,3.04,5.99,8,3114602299
1303201151,04/17/24,3.04,5.99,1,3114602299
1303201151,04/18/24,3.04,5.99,2,3114602299
1303201151,04/20/24,3.04,5.99,3,3114602299
1303201151,04/22/24,3.04,5.09,1,3114602299
1303201151,04/23/24,3.045,5.09,2,3114602299
1303201151,04/24/24,3.04585,4.79,5,3114602299
1303201151,04/25/24,3.045,5.39,2,3114602299
1303201151,04/26/24,3.04,4.94,3,3114602299
1303201151,04/27/24,3.05,5.99,1,3114602299
1303201151,04/29/24,3.045,5.24,4,3114602299
1303201151,04/30/24,3.045,4.94,6,3114602299
1303201151,05/01/24,3.043333,5.19,3,3114602299
1303201151,05/02/24,3.05,5.99,1,3114602299
1303201151,05/03/24,3.04,5.99,1,3114602299
1303201151,05/04/24,3.0467,5.09,3,3114602299
1303201151,05/06/24,3.04,5.99,1,3114602299
1303201151,05/07/24,3.05,5.09,1,3114602299
1303201151,05/08/24,3.045,5.39,6,3114602299
1303201151,05/09/24,3.043333,5.09,3,3114602299
1303201151,05/10/24,3.045,5.54,2,3114602299
1303201151,05/11/24,3.0475,5.09,3,3114602299
1303201151,05/13/24,3.065,5.39,4,3114602299
1303201151,05/14/24,3.13,4.94,2,3114602299
1303201151,05/15/24,3.13,4.99,4,3114602299
1303201151,05/16/24,3.13,5.99,3,3114602299
1303201151,05/17/24,3.13,5.39,2,3114602299
1303201151,05/18/24,3.13,5.09,1,3114602299
1303201151,05/20/24,3.13,5.63,5,3114602299
1303201151,05/21/24,3.13,5.39,3,3114602299
1303201151,05/22/24,3.13,5.77,5,3114602299
1303201151,05/23/24,3.13,5.99,4,3114602299
1303201151,05/24/24,3.13,5.09,1,3114602299
1303201151,05/25/24,3.13,5.84,4,3114602299
1303201151,05/27/24,3.13,5.69,2,3114602299
1303201151,05/29/24,3.13,5.99,4,3114602299
1303201151,05/30/24,3.13,5.99,2,3114602299
1303201151,05/31/24,3.13,5.79,3,3114602299
1303201151,06/03/24,3.13,5.99,1,3114602299
1303201151,06/04/24,3.129166,5.86,13,3114602299
1303201151,06/05/24,3.1275,5.39,3,3114602299
1303201151,06/06/24,3.13,5.87,5,3114602299
1303201151,06/07/24,3.772928,2.85,97,3114602299
1303201151,06/08/24,4.137533,2.70,42,3114602299
1303201151,06/10/24,5.898522,3.25,75,3114602299
1303201151,06/11/24,3.1298,3.43,39,3114602299
1303201151,06/12/24,3.128712,3.23,22,3114602299
1303201151,06/13/24,5.216666,2.69,6,3114602299
1303201151,06/15/24,3.128783,2.69,14,3114602299
1303201151,06/17/24,3.129581,2.97,47,3114602299
1303201151,06/18/24,3.129655,2.97,53,3114602299
1303201151,06/19/24,3.128776,3.20,65,3114602299
1303201151,06/20/24,3.129362,2.97,52,3114602299
1303201151,06/21/24,3.12854,2.93,20,3114602299
1303201151,06/22/24,3.1285,2.69,19,3114602299
1303201151,06/24/24,3.157666,2.79,12,3114602299
1303201151,06/25/24,3.25,2.69,2,3114602299
1303201151,06/26/24,3.25,2.99,2,3114602299
1303201151,06/27/24,4.233333,4.03,10,3114602299
1303201151,06/28/24,3.25,4.62,2,3114602299
1303201151,06/29/24,3.25,4.99,2,3114602299
1303201151,07/01/24,3.12875,4.62,5,3114602299
1303201151,07/02/24,3.13,4.24,1,3114602299
1303201151,07/03/24,3.129,4.39,6,3114602299
1303201151,07/05/24,3.128333,4.62,9,3114602299
1303201151,07/06/24,3.128066,4.24,11,3114602299
1303201151,07/08/24,3.128333,4.24,8,3114602299
1303201151,07/09/24,3.1289,4.74,5,3114602299
1303201151,07/10/24,3.1275,4.43,6,3114602299
1303201151,07/11/24,3.16,4.99,8,3114602299
1303201151,07/12/24,3.126666,4.82,5,3114602299
1303201151,07/13/24,3.128333,6.16,4,3114602299
1303201151,07/16/24,3.13,5.59,1,3114602299
1303201151,07/17/24,3.125,6.99,2,3114602299
1303201151,07/18/24,3.1267,5.59,3,3114602299
1303201151,07/23/24,3.1275,6.29,3,3114602299
1303201151,07/25/24,3.13,5.59,1,3114602299
1303201151,07/26/24,3.13,6.29,2,3114602299
1303201151,07/27/24,3.13,6.64,2,3114602299
1303201151,07/29/24,3.125,4.99,2,3114602299
1303201151,07/30/24,3.204162,4.80,12,3114602299
1303201151,07/31/24,3.25,4.49,4,3114602299
1303201151,08/01/24,3.25,4.63,7,3114602299
1303201151,08/02/24,3.25,4.50,7,3114602299
1303201151,08/05/24,3.236666,4.50,13,3114602299
1303201151,08/06/24,3.13,4.70,8,3114602299
1303201151,08/07/24,3.129375,5.24,7,3114602299
1303201151,08/08/24,3.13,4.79,7,3114602299
1303201151,08/09/24,3.13,4.79,8,3114602299
1303201151,08/10/24,3.13,4.34,4,3114602299
1303201151,08/12/24,3.13,4.85,8,3114602299
1303201151,08/13/24,3.13,5.41,4,3114602299
1303201151,08/14/24,3.13,6.12,3,3114602299
1303201151,08/15/24,3.13,6.99,1,3114602299
1303201151,08/19/24,3.13,5.94,1,3114602299
1303201151,08/20/24,3.13,5.94,1,3114602299
1303201151,08/21/24,3.13,6.47,4,3114602299
1303201151,08/22/24,3.13,5.24,4,3114602299
1303201151,08/23/24,3.129375,4.83,7,3114602299
1303201151,08/24/24,3.13,4.00,5,3114602299
1303201151,08/26/24,3.129516,3.67,21,3114602299
1303201151,08/27/24,3.129462,3.62,33,3114602299
1303201151,08/28/24,3.128808,3.59,38,3114602299
1303201151,08/29/24,3.127586,3.73,42,3114602299
1303201151,08/30/24,3.128295,3.72,35,3114602299
1303201151,08/31/24,3.1297,3.76,36,3114602299
1303201151,09/02/24,3.13,6.29,3,3114602299
1303201151,09/03/24,3.13,5.18,11,3114602299
1303201151,09/04/24,3.13,5.79,3,3114602299
1303201151,09/05/24,3.13,6.99,1,3114602299
1303201151,09/06/24,3.13,5.82,4,3114602299
1303201151,09/07/24,3.13,5.85,5,3114602299
1303201151,09/08/24,3.13,6.99,1,3114602299
1303201151,09/09/24,3.13,6.99,1,3114602299
1303201151,09/10/24,3.13,6.08,3,3114602299
1303201151,09/11/24,3.13,6.99,3,3114602299
1303201151,09/13/24,3.13,6.19,12,3114602299
1303201151,09/17/24,3.1275,6.99,4,3114602299
1303201151,09/18/24,3.13,6.99,2,3114602299
1303201151,09/19/24,3.13,6.99,2,3114602299
1303201151,09/23/24,3.13,6.29,1,3114602299
1303201151,09/24/24,3.13,6.99,2,3114602299
1303201151,09/25/24,3.13,6.99,1,3114602299
1303201151,09/26/24,3.13,5.19,2,3114602299
1303201151,09/28/24,3.13,5.66,1,3114602299
1303201151,09/30/24,3.13,5.98,2,3114602299
1303201151,10/01/24,3.13,6.72,6,3114602299
1303201151,10/02/24,3.13,6.29,1,3114602299
1303201151,10/03/24,3.13,6.29,2,3114602299
1303201151,10/05/24,3.13,5.66,1,3114602299
1303201151,10/07/24,3.13,5.66,1,3114602299
1303201151,10/08/24,3.13,6.29,2,3114602299
1303201151,10/09/24,3.13,5.94,1,3114602299
1303201151,10/10/24,3.13,6.47,2,3114602299
1303201151,10/11/24,3.13,6.99,1,3114602299
1303201151,10/12/24,3.13,6.17,2,3114602299
1303201151,10/14/24,3.13,6.47,2,3114602299
1303201151,10/15/24,3.13,5.98,3,3114602299
1303201151,10/16/24,3.13,6.99,1,3114602299
1303201151,10/19/24,3.13,6.57,5,3114602299
1303201151,10/21/24,3.13,6.29,2,3114602299
1303201151,10/22/24,3.13,6.99,3,3114602299
1303201151,10/23/24,3.13,6.99,2,3114602299
1303201151,10/24/24,3.13,6.85,6,3114602299
1303201151,10/25/24,3.13,6.99,2,3114602299
1303201151,10/26/24,3.13,6.29,1,3114602299
1303201151,10/28/24,3.13,6.99,3,3114602299
1303201151,10/29/24,3.13,6.99,1,3114602299
1303201151,10/30/24,3.13,6.99,1,3114602299
1303201151,10/31/24,3.13,6.99,4,3114602299
1303201151,11/01/24,3.13,6.29,1,3114602299
1303201151,11/05/24,3.13,6.99,1,3114602299
1303201151,11/07/24,3.13,5.38,11,3114602299
1303201151,11/08/24,3.13,4.55,11,3114602299
1303201151,11/09/24,3.13,4.66,5,3114602299
1303201151,11/11/24,3.13,4.72,18,3114602299
1303201151,11/12/24,3.13,4.59,17,3114602299
1303201151,11/13/24,3.13,4.88,10,3114602299
1303201151,11/14/24,3.129472,4.99,18,3114602299
1303201151,11/15/24,3.13,4.91,7,3114602299
1303201151,11/16/24,3.13,5.06,11,3114602299
1303201151,11/18/24,3.129642,6.05,11,3114602299
1303201151,11/19/24,3.129752,4.97,26,3114602299
1303201151,11/20/24,3.13,4.91,8,3114602299
1303201153,03/14/24,2.98,5.99,2,3114602317
1303201153,03/15/24,2.98,5.99,3,3114602317
1303201153,03/16/24,2.98,5.99,1,3114602317
1303201153,03/18/24,2.98,5.99,2,3114602317
1303201153,03/19/24,2.98,5.99,4,3114602317
1303201153,03/27/24,2.98,5.89,6,3114602317
1303201153,03/30/24,2.98,5.99,1,3114602317
1303201153,04/01/24,2.98,5.79,9,3114602317
1303201153,04/03/24,2.98,5.99,1,3114602317
1303201153,04/05/24,2.98,5.69,2,3114602317
1303201153,04/08/24,2.98,5.99,2,3114602317
1303201153,04/09/24,2.98,5.99,8,3114602317
1303201153,04/10/24,2.98,5.99,2,3114602317
1303201153,04/15/24,2.98,5.99,3,3114602317
1303201153,04/16/24,2.98,5.99,2,3114602317
1303201153,04/18/24,2.98,5.99,1,3114602317
1303201153,04/19/24,2.98,5.99,1,3114602317
1303201153,04/20/24,2.98,5.99,1,3114602317
1303201153,04/22/24,2.98,4.79,3,3114602317
1303201153,04/23/24,2.98,5.59,3,3114602317
1303201153,04/24/24,2.98,4.79,2,3114602317
1303201153,04/26/24,2.98,4.79,1,3114602317
1303201153,04/29/24,2.98,5.29,5,3114602317
1303201153,04/30/24,2.98,5.09,1,3114602317
1303201153,05/01/24,2.98,4.79,1,3114602317
1303201153,05/02/24,3.115,5.09,7,3114602317
1303201153,05/03/24,3.126666,5.59,3,3114602317
1303201153,05/04/24,3.1289,5.69,5,3114602317
1303201153,05/08/24,3.125,5.09,2,3114602317
1303201153,05/09/24,3.13,5.09,1,3114602317
1303201153,05/10/24,3.13,5.09,1,3114602317
1303201153,05/11/24,3.125,5.09,2,3114602317
1303201153,05/14/24,3.13,4.99,3,3114602317
1303201153,05/15/24,3.13,4.94,2,3114602317
1303201153,05/16/24,3.13,5.29,3,3114602317
1303201153,05/17/24,3.13,5.19,3,3114602317
1303201153,05/20/24,3.128333,5.39,4,3114602317
1303201153,05/21/24,3.128333,5.99,4,3114602317
1303201153,05/23/24,3.12,5.99,1,3114602317
1303201153,05/27/24,3.13,5.99,1,3114602317
1303201153,05/29/24,3.125,5.39,2,3114602317
1303201153,06/05/24,3.13,5.69,3,3114602317
1303201153,06/06/24,3.13,5.99,2,3114602317
1303201153,06/08/24,3.13,5.99,1,3114602317
1303201153,06/10/24,3.13,4.58,1,3114602317
1303201153,06/11/24,3.13,4.58,1,3114602317
1303201153,06/13/24,3.125,5.54,4,3114602317
1303201153,06/14/24,3.128333,5.99,4,3114602317
1303201153,06/18/24,3.13,5.99,6,3114602317
1303201153,06/19/24,3.13,5.99,3,3114602317
1303201153,06/20/24,3.13,5.99,1,3114602317
1303201153,06/21/24,3.13,5.39,2,3114602317
1303201153,06/22/24,3.13,4.27,3,3114602317
1303201153,06/24/24,3.13,4.31,5,3114602317
1303201153,06/25/24,3.12945,4.04,12,3114602317
1303201153,06/26/24,3.1275,4.38,4,3114602317
1303201153,06/27/24,3.196428,4.51,14,3114602317
1303201153,06/28/24,3.25,3.82,3,3114602317
1303201153,06/29/24,3.25,3.97,8,3114602317
1303201153,07/01/24,3.13,4.06,13,3114602317
1303201153,07/02/24,3.13,4.02,13,3114602317
1303201153,07/03/24,3.13,3.97,12,3114602317
1303201153,07/05/24,3.13,3.98,9,3114602317
1303201153,07/06/24,3.1281,3.82,24,3114602317
1303201153,07/08/24,3.128744,3.82,19,3114602317
1303201153,07/09/24,3.12,5.09,1,3114602317
1303201153,07/10/24,3.13,5.09,1,3114602317
1303201153,07/11/24,3.126666,5.27,3,3114602317
1303201153,07/12/24,3.13,5.99,1,3114602317
1303201153,07/15/24,3.403333,5.27,4,3114602317
1303201153,07/16/24,3.46,4.79,1,3114602317
1303201153,07/17/24,3.46,5.99,1,3114602317
1303201153,07/20/24,3.46,4.79,2,3114602317
1303201153,07/22/24,3.46,4.59,6,3114602317
1303201153,07/23/24,3.394,4.06,5,3114602317
1303201153,07/24/24,3.46,3.79,11,3114602317
1303201153,07/25/24,3.46,3.74,8,3114602317
1303201153,07/26/24,3.46,3.79,13,3114602317
1303201153,07/27/24,3.46,4.49,4,3114602317
1303201153,07/29/24,3.46,4.13,14,3114602317
1303201153,07/30/24,3.46,4.11,13,3114602317
1303201153,07/31/24,3.46,4.04,3,3114602317
1303201153,08/01/24,3.46,4.31,7,3114602317
1303201153,08/02/24,3.459833,4.35,16,3114602317
1303201153,08/03/24,3.46,3.27,13,3114602317
1303201153,08/05/24,3.46,4.49,6,3114602317
1303201153,08/06/24,3.46,4.04,1,3114602317
1303201153,08/07/24,3.46,5.99,5,3114602317
1303201153,08/08/24,3.46,5.99,1,3114602317
1303201153,08/09/24,3.46,5.24,17,3114602317
1303201153,08/12/24,3.46,5.12,4,3114602317
1303201153,08/13/24,3.46,5.99,3,3114602317
1303201153,08/15/24,3.46,5.79,4,3114602317
1303201153,08/17/24,3.46,4.79,2,3114602317
1303201153,08/19/24,3.46,5.54,2,3114602317
1303201153,08/20/24,3.46,5.29,3,3114602317
1303201153,08/21/24,3.46,5.54,3,3114602317
1303201153,08/22/24,3.46,5.32,5,3114602317
1303201153,08/23/24,3.46,5.54,3,3114602317
1303201153,08/24/24,3.46,5.39,3,3114602317
1303201153,08/27/24,3.46,5.99,2,3114602317
1303201153,08/28/24,3.46,5.59,4,3114602317
1303201153,08/29/24,3.46,5.59,5,3114602317
1303201153,08/30/24,3.46,5.39,3,3114602317
1303201153,08/31/24,3.46,5.09,1,3114602317
1303201153,09/04/24,3.46,5.99,2,3114602317
1303201153,09/05/24,3.46,5.54,2,3114602317
1303201153,09/06/24,3.46,4.94,3,3114602317
1303201153,09/07/24,3.4586,5.09,7,3114602317
1303201153,09/11/24,3.46,5.39,5,3114602317
1303201153,09/13/24,3.46,5.99,3,3114602317
1303201153,09/14/24,3.46,5.99,1,3114602317
1303201153,09/16/24,3.45945,4.85,11,3114602317
1303201153,09/18/24,3.46,5.84,5,3114602317
1303201153,09/20/24,3.46,4.85,1,3114602317
1303201153,09/23/24,3.46,5.12,4,3114602317
1303201153,09/24/24,3.46,5.39,1,3114602317
1303201153,09/25/24,3.46,5.69,3,3114602317
1303201153,09/26/24,3.46,5.99,1,3114602317
1303201153,09/28/24,3.46,4.85,1,3114602317
1303201153,09/30/24,3.46,5.09,2,3114602317
1303201153,10/01/24,3.46,6.19,5,3114602317
1303201153,10/03/24,3.46,6.29,1,3114602317
1303201153,10/05/24,3.46,5.66,3,3114602317
1303201153,10/07/24,3.46,6.31,3,3114602317
1303201153,10/09/24,3.46,5.98,4,3114602317
1303201153,10/10/24,3.46,4.92,10,3114602317
1303201153,10/11/24,3.45835,4.62,4,3114602317
1303201153,10/12/24,3.46,4.99,2,3114602317
1303201153,10/14/24,3.45925,4.24,14,3114602317
1303201153,10/15/24,3.45867,4.54,16,3114602317
1303201153,10/16/24,3.45875,4.99,5,3114602317
1303201153,10/17/24,3.46,4.99,2,3114602317
1303201153,10/19/24,3.45,6.29,1,3114602317
1303201153,10/21/24,3.46,6.29,1,3114602317
1303201153,10/22/24,3.455,6.76,4,3114602317
1303201153,10/23/24,3.025,6.99,2,3114602317
1303201153,10/24/24,3.0275,6.64,3,3114602317
1303201153,10/25/24,3.03,6.29,2,3114602317
1303201153,10/29/24,3.03,6.99,1,3114602317
1303201153,10/30/24,3.03,6.99,1,3114602317
1303201153,10/31/24,3.025,6.99,2,3114602317
1303201153,11/06/24,3.03,6.99,1,3114602317
1303201153,11/07/24,3.03,6.99,3,3114602317
1303201153,11/08/24,3.03,5.74,2,3114602317
1303201153,11/09/24,3.03,4.49,1,3114602317
1303201153,11/11/24,3.03,4.60,7,3114602317
1303201153,11/12/24,3.029528,4.56,9,3114602317
1303201153,11/13/24,3.0275,4.87,6,3114602317
1303201153,11/14/24,3.03,4.99,1,3114602317
1303201153,11/15/24,3.02875,4.74,5,3114602317
1303201153,11/16/24,3.03,4.49,3,3114602317
1303201153,11/18/24,3.03,4.62,4,3114602317
1303201153,11/19/24,3.028616,4.66,9,3114602317
1303201153,11/20/24,3.02835,4.74,4,3114602317
