HSERVICE_ITEM.csv
ItemCode  ,Date                      ,Average_Cost,Average_Sales_Price,Total_Sales_Quantity,UPC          
1303202023,03/14/24,4.93,9.99,2,880104552256
1303202023,03/15/24,4.93,9.99,2,880104552256
1303202023,03/16/24,4.93,9.99,1,880104552256
1303202023,03/18/24,4.93,9.99,1,880104552256
1303202023,03/19/24,4.93,9.99,2,880104552256
1303202023,03/21/24,4.74,9.99,1,880104552256
1303202023,03/27/24,4.74,9.99,2,880104552256
1303202023,03/29/24,4.74,9.99,1,880104552256
1303202023,03/30/24,4.74,8.99,3,880104552256
1303202023,04/02/24,4.74,9.99,2,880104552256
1303202023,04/04/24,4.74,9.99,1,880104552256
1303202023,04/05/24,4.74,9.32,9,880104552256
1303202023,04/08/24,4.74,9.49,2,880104552256
1303202023,04/16/24,4.74,9.99,2,880104552256
1303202023,04/17/24,4.74,9.99,1,880104552256
1303202023,04/22/24,4.74,9.99,3,880104552256
1303202023,04/24/24,4.74,9.99,1,880104552256
1303202023,04/26/24,4.74,8.49,1,880104552256
1303202023,04/29/24,4.74,9.99,2,880104552256
1303202023,04/30/24,4.74,8.49,2,880104552256
1303202023,05/01/24,4.74,8.24,2,880104552256
1303202023,05/03/24,4.74,7.99,2,880104552256
1303202023,05/06/24,5.58,8.16,3,880104552256
1303202023,05/09/24,5.58,8.24,2,880104552256
1303202023,05/11/24,5.58,6.79,1,880104552256
1303202023,05/13/24,5.58,7.32,6,880104552256
1303202023,05/14/24,5.58,7.69,7,880104552256
1303202023,05/15/24,5.58,6.66,4,880104552256
1303202023,05/16/24,5.58,6.59,2,880104552256
1303202023,05/17/24,5.58,6.39,2,880104552256
1303202023,05/18/24,5.58,7.19,2,880104552256
1303202023,05/20/24,5.58,6.39,4,880104552256
1303202023,05/21/24,5.58,6.66,3,880104552256
1303202023,05/23/24,5.58,7.99,4,880104552256
1303202023,05/24/24,5.58,7.99,1,880104552256
1303202023,05/27/24,5.58,7.19,1,880104552256
1303202023,05/29/24,5.58,7.59,4,880104552256
1303202023,05/30/24,5.58,8.99,2,880104552256
1303202023,05/31/24,5.58,7.46,8,880104552256
1303202023,06/04/24,5.58,7.35,6,880104552256
1303202023,06/05/24,5.58,7.39,4,880104552256
1303202023,06/07/24,5.58,7.19,1,880104552256
1303202023,06/08/24,5.58,7.19,3,880104552256
1303202023,06/10/24,5.58,7.93,4,880104552256
1303202023,06/11/24,5.58,8.07,2,880104552256
1303202023,06/12/24,5.58,9.02,2,880104552256
1303202023,06/13/24,5.58,8.07,1,880104552256
1303202023,06/15/24,5.58,9.49,1,880104552256
1303202023,06/19/24,5.58,9.49,4,880104552256
1303202023,06/20/24,5.58,9.49,2,880104552256
1303202023,06/22/24,5.58,7.19,4,880104552256
1303202023,06/24/24,5.58,7.51,7,880104552256
1303202023,06/25/24,5.58,7.46,10,880104552256
1303202023,06/26/24,5.58,7.99,2,880104552256
1303202023,06/27/24,5.58,7.75,5,880104552256
1303202023,06/28/24,5.58,6.79,8,880104552256
1303202023,07/01/24,5.58,7.09,5,880104552256
1303202023,07/02/24,5.58,6.99,6,880104552256
1303202023,07/03/24,5.58,7.05,5,880104552256
1303202023,07/05/24,5.58,6.96,16,880104552256
1303202023,07/06/24,5.58,6.79,3,880104552256
1303202023,07/08/24,5.58,6.99,7,880104552256
1303202023,07/09/24,5.58,8.07,2,880104552256
1303202023,07/11/24,5.58,6.79,2,880104552256
1303202023,07/12/24,5.58,8.54,1,880104552256
1303202023,07/16/24,5.58,8.54,2,880104552256
1303202023,07/20/24,5.58,7.59,2,880104552256
1303202023,07/22/24,5.58,7.59,1,880104552256
1303202023,07/23/24,5.58,8.07,1,880104552256
1303202023,07/24/24,5.58,7.59,1,880104552256
1303202023,07/26/24,5.58,8.54,2,880104552256
1303202023,07/29/24,5.58,9.02,7,880104552256
1303202023,07/30/24,5.58,9.49,1,880104552256
1303202023,07/31/24,5.58,8.54,1,880104552256
1303202023,08/01/24,5.58,9.49,1,880104552256
1303202023,08/03/24,5.58,9.49,3,880104552256
1303202023,08/05/24,5.58,9.49,2,880104552256
1303202023,08/09/24,5.58,9.02,2,880104552256
1303202023,08/10/24,5.58,9.49,1,880104552256
1303202023,08/12/24,5.58,9.49,2,880104552256
1303202023,08/15/24,5.58,8.07,1,880104552256
1303202023,08/17/24,5.58,9.02,3,880104552256
1303202023,08/19/24,5.58,9.49,1,880104552256
1303202023,08/20/24,5.58,8.07,1,880104552256
1303202023,08/21/24,5.58,9.49,2,880104552256
1303202023,08/26/24,5.58,8.07,2,880104552256
1303202023,08/27/24,5.58,8.07,1,880104552256
1303202023,08/28/24,5.58,8.54,3,880104552256
1303202023,08/30/24,5.58,8.07,2,880104552256
1303202023,09/03/24,5.58,8.78,2,880104552256
1303202023,09/04/24,5.58,8.78,3,880104552256
1303202023,09/05/24,5.58,7.59,1,880104552256
1303202023,09/06/24,5.58,8.78,2,880104552256
1303202023,09/07/24,5.58,8.86,5,880104552256
1303202023,09/09/24,5.58,8.54,2,880104552256
1303202023,09/11/24,5.58,8.54,1,880104552256
1303202023,09/14/24,5.58,8.74,2,880104552256
1303202023,09/16/24,5.58,7.03,7,880104552256
1303202023,09/17/24,5.58,7.59,5,880104552256
1303202023,09/18/24,5.58,7.99,4,880104552256
1303202023,09/19/24,5.58,7.41,4,880104552256
1303202023,09/20/24,5.58,7.99,1,880104552256
1303202023,09/23/24,5.58,7.59,2,880104552256
1303202023,09/24/24,5.58,7.35,5,880104552256
1303202023,09/25/24,5.58,7.99,3,880104552256
1303202023,09/26/24,5.58,7.99,2,880104552256
1303202023,09/27/24,5.58,7.19,1,880104552256
1303202023,09/28/24,5.58,6.79,1,880104552256
1303202023,09/30/24,5.58,8.94,4,880104552256
1303202023,10/01/24,5.58,10.99,1,880104552256
1303202023,10/03/24,5.58,9.89,2,880104552256
1303202023,10/04/24,5.58,8.90,1,880104552256
1303202023,10/08/24,5.58,9.89,1,880104552256
1303202023,10/11/24,5.58,10.44,2,880104552256
1303202023,10/12/24,5.58,9.95,2,880104552256
1303202023,10/14/24,5.58,9.15,2,880104552256
1303202023,10/16/24,5.58,9.89,1,880104552256
1303202023,10/18/24,5.58,10.99,1,880104552256
1303202023,10/19/24,5.58,7.87,4,880104552256
1303202023,10/21/24,5.58,8.54,3,880104552256
1303202023,10/22/24,5.58,7.51,5,880104552256
1303202023,10/23/24,5.58,7.99,7,880104552256
1303202023,10/24/24,5.58,7.99,2,880104552256
1303202023,10/25/24,5.58,8.72,3,880104552256
1303202023,10/26/24,5.58,7.99,1,880104552256
1303202023,10/28/24,5.58,7.42,9,880104552256
1303202023,10/29/24,5.58,7.39,5,880104552256
1303202023,10/30/24,5.58,7.99,2,880104552256
1303202023,10/31/24,5.58,7.99,4,880104552256
1303202023,11/01/24,5.58,7.99,4,880104552256
1303202023,11/04/24,5.58,7.46,3,880104552256
1303202023,11/05/24,5.58,7.67,7,880104552256
1303202023,11/06/24,5.58,7.99,1,880104552256
1303202023,11/07/24,5.58,7.79,13,880104552256
1303202023,11/08/24,5.58,7.19,1,880104552256
1303202023,11/09/24,5.58,9.89,1,880104552256
1303202023,11/12/24,5.58,9.89,1,880104552256
1303202023,11/13/24,5.58,10.99,1,880104552256
1303202023,11/16/24,5.58,9.89,2,880104552256
1303202023,11/19/24,5.58,9.89,2,880104552256
1303203003,03/14/24,4.06,7.99,2,64843610422
1303203003,03/16/24,4.06,7.99,3,64843610422
1303203003,03/18/24,4.06,7.99,4,64843610422
1303203003,03/21/24,4.0757,7.99,7,64843610422
1303203003,03/27/24,4.07,7.19,1,64843610422
1303203003,03/28/24,4.08,7.99,1,64843610422
1303203003,04/03/24,4.07,7.99,1,64843610422
1303203003,04/08/24,4.075,7.72,4,64843610422
1303203003,04/11/24,4.08,7.99,1,64843610422
1303203003,04/12/24,4.07,7.99,1,64843610422
1303203003,04/13/24,4.075,7.99,2,64843610422
1303203003,04/15/24,4.08,7.99,1,64843610422
1303203003,04/16/24,4.07,7.19,1,64843610422
1303203003,04/18/24,4.08,7.99,1,64843610422
1303203003,04/19/24,4.075,7.99,2,64843610422
1303203003,04/22/24,4.0725,7.19,3,64843610422
1303203003,04/23/24,4.08,7.99,1,64843610422
1303203003,04/24/24,4.07,6.39,1,64843610422
1303203003,04/30/24,4.075,7.99,2,64843610422
1303203003,05/03/24,4.075,7.99,2,64843610422
1303203003,05/07/24,4.0761,7.19,6,64843610422
1303203003,05/09/24,4.075,7.39,2,64843610422
1303203003,05/11/24,4.08,6.79,10,64843610422
1303203003,05/13/24,4.07,7.99,1,64843610422
1303203003,05/14/24,4.08,6.79,1,64843610422
1303203003,05/22/24,4.005,7.99,2,64843610422
1303203003,05/24/24,4.0025,7.99,3,64843610422
1303203003,05/25/24,4,7.19,1,64843610422
1303203003,05/27/24,4,7.19,1,64843610422
1303203003,05/29/24,4.005,7.99,2,64843610422
1303203003,05/31/24,4,7.99,1,64843610422
1303203003,06/01/24,4.01,7.99,1,64843610422
1303203003,06/04/24,4.005,7.99,2,64843610422
1303203003,06/06/24,4.005,5.99,2,64843610422
1303203003,06/07/24,4.708428,3.86,58,64843610422
1303203003,06/08/24,7.604546,3.62,39,64843610422
1303203003,06/10/24,8.15,4.51,48,64843610422
1303203003,06/11/24,4.075416,5.12,25,64843610422
1303203003,06/12/24,4.074633,5.08,24,64843610422
1303203003,06/13/24,6.11,5.19,2,64843610422
1303203003,06/17/24,4.08,7.99,1,64843610422
1303203003,06/18/24,4.005,7.99,5,64843610422
1303203003,06/19/24,3.97,5.79,3,64843610422
1303203003,06/20/24,3.97,6.66,8,64843610422
1303203003,06/22/24,3.97,7.99,1,64843610422
1303203003,06/24/24,3.97,7.99,1,64843610422
1303203003,06/25/24,3.97,7.59,2,64843610422
1303203003,06/26/24,3.97,7.99,1,64843610422
1303203003,06/27/24,6.1125,3.59,7,64843610422
1303203003,06/28/24,3.97,6.92,7,64843610422
1303203003,07/01/24,3.97,7.99,1,64843610422
1303203003,07/09/24,3.97,7.39,2,64843610422
1303203003,07/10/24,3.970625,7.39,7,64843610422
1303203003,07/11/24,3.971,7.99,6,64843610422
1303203003,07/13/24,3.97,7.99,2,64843610422
1303203003,07/16/24,3.97,7.19,2,64843610422
1303203003,07/17/24,3.97,6.39,3,64843610422
1303203003,07/18/24,3.97,6.39,1,64843610422
1303203003,07/22/24,3.970625,7.19,10,64843610422
1303203003,07/24/24,3.89,6.39,1,64843610422
1303203003,07/25/24,3.89,6.39,2,64843610422
1303203003,07/26/24,3.891666,6.39,4,64843610422
1303203003,07/29/24,3.89,7.19,1,64843610422
1303203003,07/30/24,3.89,7.99,2,64843610422
1303203003,07/31/24,3.89,7.59,2,64843610422
1303203003,08/01/24,3.89,7.99,2,64843610422
1303203003,08/02/24,3.9,7.99,1,64843610422
1303203003,08/06/24,3.895,7.59,4,64843610422
1303203003,08/07/24,3.89,7.19,1,64843610422
1303203003,08/08/24,3.89625,4.89,5,64843610422
1303203003,08/09/24,3.892993,3.54,38,64843610422
1303203003,08/10/24,3.89225,3.64,48,64843610422
1303203003,08/12/24,3.891423,3.85,36,64843610422
1303203003,08/13/24,3.891776,3.56,38,64843610422
1303203003,08/14/24,3.891875,3.79,28,64843610422
1303203003,08/15/24,3.892008,3.58,26,64843610422
1303203003,08/16/24,3.89174,3.54,35,64843610422
1303203003,08/19/24,3.8915,4.31,10,64843610422
1303203003,08/20/24,3.89,7.99,1,64843610422
1303203003,08/21/24,3.89,6.79,1,64843610422
1303203003,08/22/24,3.89,6.39,1,64843610422
1303203003,08/23/24,3.8923,5.19,23,64843610422
1303203003,08/26/24,3.89,6.79,1,64843610422
1303203003,08/28/24,3.89,7.99,1,64843610422
1303203003,08/29/24,3.89,7.99,3,64843610422
1303203003,08/31/24,3.89,6.59,2,64843610422
1303203003,09/05/24,3.895,7.99,2,64843610422
1303203003,09/06/24,3.892,7.27,7,64843610422
1303203003,09/07/24,3.89,7.99,1,64843610422
1303203003,09/08/24,3.892,7.39,11,64843610422
1303203003,09/09/24,3.9,7.99,1,64843610422
1303203003,09/11/24,3.89,7.99,2,64843610422
1303203003,09/12/24,3.89,7.99,1,64843610422
1303203003,09/13/24,3.89,7.19,2,64843610422
1303203003,09/14/24,3.89,7.99,2,64843610422
1303203003,09/16/24,3.893,7.67,6,64843610422
1303203003,09/17/24,3.8911,7.72,5,64843610422
1303203003,09/19/24,3.89,7.59,2,64843610422
1303203003,09/21/24,3.895,7.99,2,64843610422
1303203003,09/23/24,3.89,7.59,2,64843610422
1303203003,09/24/24,3.895,6.47,2,64843610422
1303203003,09/25/24,3.89,7.19,1,64843610422
1303203003,09/30/24,3.895,6.47,2,64843610422
1303203003,10/01/24,3.895,6.47,4,64843610422
1303203003,10/05/24,3.89,7.19,1,64843610422
1303203003,10/09/24,3.8925,6.79,3,64843610422
1303203003,10/10/24,3.8925,6.11,3,64843610422
1303203003,10/11/24,3.89,6.11,1,64843610422
1303203003,10/14/24,3.89,7.59,2,64843610422
1303203003,10/15/24,3.894,6.89,7,64843610422
1303203003,10/16/24,3.894433,7.19,5,64843610422
1303203003,10/17/24,3.9,7.19,1,64843610422
1303203003,10/19/24,3.895,5.89,4,64843610422
1303203003,10/21/24,3.917477,4.88,17,64843610422
1303203003,10/22/24,4.000454,4.76,12,64843610422
1303203003,10/23/24,4.000825,4.87,9,64843610422
1303203003,10/24/24,4.004587,4.87,16,64843610422
1303203003,10/25/24,4.265714,4.56,9,64843610422
1303203003,10/26/24,4.31,4.79,7,64843610422
1303203003,10/28/24,4.31,4.62,9,64843610422
1303203003,10/29/24,4.31,4.67,15,64843610422
1303203003,10/30/24,4.31,4.87,12,64843610422
1303203003,10/31/24,4.31,4.99,10,64843610422
1303203003,11/01/24,4.31,5.56,4,64843610422
1303203003,11/02/24,4.31,5.39,4,64843610422
1303203003,11/04/24,4.31,4.49,3,64843610422
1303203003,11/05/24,4.31,7.72,4,64843610422
1303203003,11/06/24,4.31,7.59,3,64843610422
1303203003,11/07/24,4.31,7.99,6,64843610422
1303203003,11/08/24,4.31,7.99,1,64843610422
1303203003,11/09/24,4.31,7.99,2,64843610422
1303203003,11/11/24,4.31,6.49,4,64843610422
1303203003,11/12/24,4.307925,7.59,7,64843610422
1303203003,11/15/24,4.308125,7.39,8,64843610422
1303203003,11/16/24,4.3,7.19,1,64843610422
1303203003,11/18/24,4.31,7.19,4,64843610422
1303203003,11/19/24,4.31,7.59,2,64843610422
1303203003,11/20/24,4.31,7.99,1,64843610422
1303203008,03/16/24,4.42,7.99,1,64517552144
1303203008,03/19/24,4.42,7.99,2,64517552144
1303203008,03/22/24,4.42,7.99,1,64517552144
1303203008,03/27/24,4.42,5.59,6,64517552144
1303203008,03/28/24,4.42,5.99,1,64517552144
1303203008,03/29/24,4.42,5.39,1,64517552144
1303203008,04/01/24,4.42,5.39,1,64517552144
1303203008,04/02/24,4.42,5.99,4,64517552144
1303203008,04/03/24,4.42,5.99,1,64517552144
1303203008,04/08/24,4.42,5.39,3,64517552144
1303203008,04/09/24,4.42,5.99,2,64517552144
1303203008,04/16/24,4.42,7.99,1,64517552144
1303203008,04/20/24,4.42,7.99,1,64517552144
1303203008,04/27/24,4.42,6.39,1,64517552144
1303203008,04/30/24,4.42,4.94,2,64517552144
1303203008,05/03/24,4.42,5.54,2,64517552144
1303203008,05/04/24,4.42,5.09,2,64517552144
1303203008,05/06/24,4.42,5.09,3,64517552144
1303203008,05/07/24,4.42,5.54,2,64517552144
1303203008,05/23/24,4.42,7.99,1,64517552144
1303203008,05/25/24,4.42,7.19,1,64517552144
1303203008,06/01/24,4.42,7.19,1,64517552144
1303203008,06/04/24,4.42,7.19,1,64517552144
1303203008,06/05/24,4.42,7.99,2,64517552144
1303203008,06/11/24,4.42,6.79,1,64517552144
1303203008,06/14/24,4.42,5.39,1,64517552144
1303203008,06/15/24,3.98,5.39,1,64517552144
1303203008,06/17/24,3.98,5.39,1,64517552144
1303203008,06/18/24,3.9775,5.69,3,64517552144
1303203008,06/19/24,3.975,5.99,2,64517552144
1303203008,06/24/24,3.98,5.99,1,64517552144
1303203008,06/26/24,4.375,5.99,2,64517552144
1303203008,06/27/24,4.373,5.69,6,64517552144
1303203008,07/03/24,4.38,5.09,1,64517552144
1303203008,07/05/24,4.375,5.54,2,64517552144
1303203008,07/06/24,4.37375,5.97,5,64517552144
1303203008,07/08/24,4.376666,5.66,3,64517552144
1303203008,07/09/24,4.373333,5.39,3,64517552144
1303203008,07/11/24,4.42,5.99,3,64517552144
1303203008,07/12/24,4.42,5.39,4,64517552144
1303203008,07/13/24,4.42,5.39,3,64517552144
1303203008,07/17/24,4.42,5.39,2,64517552144
1303203008,07/18/24,4.42,4.69,14,64517552144
1303203008,07/19/24,4.42,3.99,1,64517552144
1303203008,07/20/24,4.42,4.26,5,64517552144
1303203008,07/22/24,4.42,4.42,9,64517552144
1303203008,07/23/24,4.41625,4.43,21,64517552144
1303203008,07/24/24,4.42,4.37,13,64517552144
1303203008,07/25/24,4.42,4.27,15,64517552144
1303203008,07/26/24,4.42,4.18,29,64517552144
1303203008,07/27/24,4.42,5.49,2,64517552144
1303203008,07/29/24,4.42,5.12,5,64517552144
1303203008,07/30/24,4.42,5.59,5,64517552144
1303203008,07/31/24,4.42,4.69,2,64517552144
1303203008,08/01/24,4.42,4.74,2,64517552144
1303203008,08/02/24,4.42,5.25,13,64517552144
1303203008,08/03/24,4.42,3.91,7,64517552144
1303203008,08/05/24,4.42,5.69,5,64517552144
1303203008,08/06/24,4.42,5.40,9,64517552144
1303203008,08/07/24,3.979166,5.50,8,64517552144
1303203008,08/08/24,4.052083,5.34,10,64517552144
1303203008,08/09/24,4.199166,5.16,10,64517552144
1303203008,08/12/24,3.979642,5.73,10,64517552144
1303203008,08/13/24,3.98,5.59,3,64517552144
1303203008,08/14/24,3.98,5.12,2,64517552144
1303203008,08/15/24,3.9775,5.99,3,64517552144
1303203008,08/16/24,3.98,5.09,4,64517552144
1303203008,08/17/24,3.978881,5.15,18,64517552144
1303203008,08/19/24,3.98,6.79,1,64517552144
1303203008,08/21/24,3.975,5.09,2,64517552144
1303203008,08/24/24,3.98,6.79,1,64517552144
1303203008,08/27/24,3.9775,7.39,3,64517552144
1303203008,08/30/24,3.98,7.99,1,64517552144
1303203008,08/31/24,3.978333,5.63,8,64517552144
1303203008,09/02/24,3.9781,4.47,17,64517552144
1303203008,09/03/24,3.97875,4.59,15,64517552144
1303203008,09/04/24,3.9775,4.39,16,64517552144
1303203008,09/05/24,3.99892,4.62,29,64517552144
1303203008,09/06/24,3.9725,4.62,3,64517552144
1303203008,09/11/24,4.42,7.19,1,64517552144
1303203008,09/13/24,4.2,6.09,2,64517552144
1303203008,09/14/24,4.42,7.99,1,64517552144
1303203008,09/16/24,3.975,4.24,2,64517552144
1303203008,09/17/24,4.42,7.72,4,64517552144
1303203008,09/18/24,4.42,7.59,3,64517552144
1303203008,09/26/24,4.2,6.12,2,64517552144
1303203008,09/28/24,4.42,8.09,1,64517552144
1303203008,10/05/24,4.42,8.09,1,64517552144
1303203008,10/08/24,4.42,7.64,1,64517552144
1303203008,10/12/24,4.42,8.09,2,64517552144
1303203008,10/16/24,4.42,8.09,3,64517552144
1303203008,10/19/24,4.42,6.01,4,64517552144
1303203008,10/21/24,4.42,5.54,7,64517552144
1303203008,10/22/24,4.42,5.69,3,64517552144
1303203008,10/28/24,4.42,8.09,1,64517552144
1303203008,11/05/24,4.42,8.99,1,64517552144
1303203008,11/07/24,4.42,8.99,1,64517552144
