HSERVICE_ITEM.csv
ItemCode  ,Date                      ,Average_Cost,Average_Sales_Price,Total_Sales_Quantity,UPC          
1303301003,03/14/24,10.5,14.99,10,3114685264
1303301003,03/15/24,10.5,14.69,6,3114685264
1303301003,03/18/24,10.5,14.99,1,3114685264
1303301003,03/19/24,10.5,15.99,3,3114685264
1303301003,03/22/24,10.5,13.29,3,3114685264
1303301003,03/27/24,10.5,12.90,14,3114685264
1303301003,03/28/24,10.5,13.99,1,3114685264
1303301003,03/29/24,10.5,13.52,3,3114685264
1303301003,04/03/24,10.495,17.99,2,3114685264
1303301003,04/04/24,10.49,17.99,2,3114685264
1303301003,04/16/24,10.495,17.99,2,3114685264
1303301003,04/24/24,10.49,15.29,1,3114685264
1303301003,04/25/24,10.5,15.29,1,3114685264
1303301003,05/04/24,10.49,17.99,1,3114685264
1303301003,05/07/24,10.495,16.64,2,3114685264
1303301003,05/10/24,10.49,17.99,1,3114685264
1303301003,05/11/24,10.5,17.99,1,3114685264
1303301003,05/15/24,10.49,17.99,1,3114685264
1303301003,05/17/24,10.5,14.39,1,3114685264
1303301003,05/18/24,10.495,17.99,2,3114685264
1303301003,05/20/24,10.5,17.99,1,3114685264
1303301003,05/27/24,10.49,17.99,1,3114685264
1303301003,05/29/24,10.4975,17.99,3,3114685264
1303301003,06/05/24,10.495,16.19,2,3114685264
1303301003,06/06/24,10.495,17.99,2,3114685264
1303301003,06/07/24,10.5,17.99,1,3114685264
1303301003,06/10/24,10.5,13.76,1,3114685264
1303301003,06/14/24,10.49,17.99,1,3114685264
1303301003,06/19/24,10.5,17.99,1,3114685264
1303301003,06/20/24,10.495,17.99,2,3114685264
1303301003,06/25/24,10.5,16.19,2,3114685264
1303301003,07/03/24,10.49,17.99,1,3114685264
1303301003,07/11/24,10.5,15.29,1,3114685264
1303301003,07/17/24,10.49,17.99,1,3114685264
1303301003,07/27/24,10.5,17.99,1,3114685264
1303301003,07/31/24,10.49,17.99,1,3114685264
1303301003,08/01/24,10.495,17.99,2,3114685264
1303301003,08/02/24,10.5,17.09,2,3114685264
1303301003,08/03/24,10.5,14.57,1,3114685264
1303301003,08/09/24,10.495,17.09,2,3114685264
1303301003,08/14/24,10.50665,17.99,4,3114685264
1303301003,08/15/24,10.52,17.99,1,3114685264
1303301003,08/16/24,10.52,17.99,1,3114685264
1303301003,08/27/24,10.513333,17.99,3,3114685264
1303301003,08/28/24,10.515,17.99,2,3114685264
1303301003,08/30/24,10.52,17.99,1,3114685264
1303301003,09/05/24,10.51,15.29,1,3114685264
1303301003,09/06/24,10.4975,17.99,3,3114685264
1303301003,09/07/24,10.5,17.99,1,3114685264
1303301003,09/09/24,10.495,17.99,2,3114685264
1303301003,09/14/24,10.768,17.99,5,3114685264
1303301003,09/16/24,10.5,15.29,1,3114685264
1303301003,09/17/24,11.18,16.28,2,3114685264
1303301003,09/19/24,11.18,17.99,1,3114685264
1303301003,09/20/24,11.18,17.99,1,3114685264
1303301003,09/21/24,11.18,19.99,1,3114685264
1303301003,09/23/24,11.18,19.99,1,3114685264
1303301003,09/24/24,11.185,19.99,2,3114685264
1303301003,09/25/24,11.1825,17.64,3,3114685264
1303301003,09/26/24,11.19,19.99,1,3114685264
1303301003,09/28/24,11.18,17.99,1,3114685264
1303301003,10/03/24,11.18,17.99,1,3114685264
1303301003,10/12/24,11.18,15.29,1,3114685264
1303301003,11/04/24,11.18,17.99,1,3114685264
1303301005,03/14/24,11.18,15.99,6,3114685208
1303301005,03/15/24,11.18,15.03,5,3114685208
1303301005,03/16/24,11.18,16.12,4,3114685208
1303301005,03/19/24,11.18,15.99,4,3114685208
1303301005,03/20/24,11.18,15.99,1,3114685208
1303301005,03/21/24,11.18,14.39,2,3114685208
1303301005,03/22/24,11.18,15.99,1,3114685208
1303301005,03/27/24,11.18,15.92,17,3114685208
1303301005,03/28/24,11.18,16.99,7,3114685208
1303301005,03/29/24,11.18,15.99,2,3114685208
1303301005,04/02/24,11.01,17.09,3,3114685208
1303301005,04/03/24,10.5,17.99,2,3114685208
1303301005,04/04/24,10.5,17.99,1,3114685208
1303301005,04/05/24,10.495,17.09,2,3114685208
1303301005,04/08/24,10.496,17.63,5,3114685208
1303301005,04/09/24,10.493333,17.99,3,3114685208
1303301005,04/11/24,10.5,17.99,1,3114685208
1303301005,04/12/24,10.495,15.29,2,3114685208
1303301005,04/13/24,10.495,15.29,2,3114685208
1303301005,04/15/24,10.494,15.99,5,3114685208
1303301005,04/16/24,10.5,15.99,4,3114685208
1303301005,04/19/24,10.495,14.79,2,3114685208
1303301005,04/20/24,10.495,13.19,2,3114685208
1303301005,04/22/24,10.495,12.79,2,3114685208
1303301005,04/23/24,10.496666,15.19,3,3114685208
1303301005,04/24/24,10.49,12.79,1,3114685208
1303301005,04/25/24,10.495,13.59,6,3114685208
1303301005,04/26/24,10.496666,13.06,3,3114685208
1303301005,04/27/24,10.49,15.99,1,3114685208
1303301005,04/29/24,10.5,14.39,1,3114685208
1303301005,04/30/24,10.495,14.84,2,3114685208
1303301005,05/01/24,10.495,17.99,2,3114685208
1303301005,05/02/24,10.49,17.99,1,3114685208
1303301005,05/07/24,10.49625,16.42,5,3114685208
1303301005,05/11/24,10.498333,16.19,4,3114685208
1303301005,05/14/24,10.495,17.99,2,3114685208
1303301005,05/15/24,10.493333,17.09,3,3114685208
1303301005,05/16/24,10.5,17.99,1,3114685208
1303301005,05/17/24,10.49,14.39,1,3114685208
1303301005,05/23/24,10.49835,17.99,4,3114685208
1303301005,05/25/24,10.5,16.19,1,3114685208
1303301005,06/03/24,10.495,17.39,4,3114685208
1303301005,06/04/24,10.49,17.99,1,3114685208
1303301005,06/07/24,10.5,17.99,1,3114685208
1303301005,06/12/24,10.5,13.76,1,3114685208
1303301005,06/14/24,10.49625,17.54,5,3114685208
1303301005,06/15/24,10.49,16.19,1,3114685208
1303301005,06/17/24,10.495,17.09,2,3114685208
1303301005,06/18/24,10.5,17.39,3,3114685208
1303301005,06/19/24,10.5,17.99,1,3114685208
1303301005,06/20/24,10.5,17.99,1,3114685208
1303301005,06/21/24,10.5,16.19,1,3114685208
1303301005,06/24/24,10.495,15.99,4,3114685208
1303301005,06/25/24,10.495,14.79,4,3114685208
1303301005,06/26/24,10.495,15.99,2,3114685208
1303301005,06/27/24,10.5,15.99,1,3114685208
1303301005,06/28/24,10.496,14.95,5,3114685208
1303301005,06/29/24,10.495,14.79,2,3114685208
1303301005,07/01/24,10.495,13.59,2,3114685208
1303301005,07/02/24,10.497,15.03,7,3114685208
1303301005,07/03/24,10.498883,12.13,11,3114685208
1303301005,07/05/24,10.5,13.59,2,3114685208
1303301005,07/06/24,10.5,13.59,3,3114685208
1303301005,07/08/24,10.5,14.19,4,3114685208
1303301005,07/09/24,10.5,15.29,1,3114685208
1303301005,07/10/24,10.5,17.99,2,3114685208
1303301005,07/11/24,10.5,17.99,1,3114685208
1303301005,07/12/24,10.5,17.99,1,3114685208
1303301005,07/13/24,10.5,17.99,1,3114685208
1303301005,07/15/24,10.5,16.19,1,3114685208
1303301005,07/16/24,10.5,16.19,1,3114685208
1303301005,07/17/24,10.5,16.19,6,3114685208
1303301005,07/23/24,10.5,12.79,2,3114685208
1303301005,07/24/24,11.18,15.99,1,3114685208
1303301005,07/26/24,11.18,13.86,6,3114685208
1303301005,07/27/24,11.18,15.99,4,3114685208
1303301005,07/29/24,11.18,14.39,3,3114685208
1303301005,07/30/24,11.18,16.19,2,3114685208
1303301005,07/31/24,11.18,14.47,4,3114685208
1303301005,08/01/24,11.18,15.46,4,3114685208
1303301005,08/03/24,11.18,14.39,2,3114685208
1303301005,08/05/24,11.18,16.09,3,3114685208
1303301005,08/06/24,11.18,16.19,1,3114685208
1303301005,08/08/24,11.18,15.29,2,3114685208
1303301005,08/09/24,11.18,17.99,2,3114685208
1303301005,08/14/24,11.18,17.99,2,3114685208
1303301005,08/15/24,10.5,15.29,1,3114685208
1303301005,08/17/24,10.5,17.99,1,3114685208
1303301005,08/20/24,11.18,15.29,1,3114685208
1303301005,08/21/24,11.18,15.29,5,3114685208
1303301005,08/22/24,11.18,14.39,1,3114685208
1303301005,08/24/24,11.18,15.29,1,3114685208
1303301005,08/27/24,11.18,17.99,3,3114685208
1303301005,08/28/24,11.18,16.19,1,3114685208
1303301005,08/30/24,11.18,15.29,2,3114685208
1303301005,08/31/24,11.18,15.74,4,3114685208
1303301005,09/02/24,11.181,16.91,6,3114685208
1303301005,09/03/24,11.18,15.29,1,3114685208
1303301005,09/05/24,11.18,15.29,2,3114685208
1303301005,09/06/24,11.18,16.64,4,3114685208
1303301005,09/07/24,11.185,16.64,2,3114685208
1303301005,09/09/24,11.185,17.99,2,3114685208
1303301005,09/10/24,11.183333,16.25,3,3114685208
1303301005,09/13/24,11.185,17.99,4,3114685208
1303301005,09/14/24,11.136,17.39,7,3114685208
1303301005,09/16/24,11.18,16.59,6,3114685208
1303301005,09/17/24,9.58,17.09,2,3114685208
1303301005,09/19/24,9.585,17.99,2,3114685208
1303301005,09/20/24,9.59,14.57,1,3114685208
1303301005,09/21/24,9.58,17.99,1,3114685208
1303301005,09/23/24,9.59,16.19,1,3114685208
1303301005,09/24/24,9.58375,17.09,5,3114685208
1303301005,09/25/24,11.185,17.99,2,3114685208
1303301005,09/26/24,9.59,17.99,1,3114685208
1303301005,09/27/24,9.583333,16.79,3,3114685208
1303301005,09/28/24,9.585,17.99,2,3114685208
1303301005,09/30/24,9.59,17.99,1,3114685208
1303301005,10/01/24,9.58,19.99,1,3114685208
1303301005,10/02/24,9.584433,18.06,5,3114685208
1303301005,10/03/24,9.580825,18.49,6,3114685208
1303301005,10/04/24,9.58,17.99,1,3114685208
1303301005,10/07/24,9.59,19.99,1,3114685208
1303301005,10/08/24,9.585,17.99,2,3114685208
1303301005,10/12/24,9.58,15.29,1,3114685208
1303301005,10/14/24,9.585,17.99,2,3114685208
1303301005,10/15/24,9.59,17.99,1,3114685208
1303301005,10/24/24,9.58,19.99,1,3114685208
1303301005,10/28/24,9.59,19.99,1,3114685208
1303301005,11/02/24,9.5825,16.19,3,3114685208
1303301005,11/05/24,9.586666,17.39,3,3114685208
1303301014,03/16/24,5.18,9.66,4,64517592008
1303301014,03/18/24,5.18,9.99,2,64517592008
1303301014,03/19/24,5.18,9.99,1,64517592008
1303301014,03/21/24,5.18,9.99,1,64517592008
1303301014,03/22/24,5.18,9.99,4,64517592008
1303301014,03/27/24,5.18,9.99,7,64517592008
1303301014,03/28/24,5.18,7.99,7,64517592008
1303301014,03/29/24,5.18,6.47,4,64517592008
1303301014,03/30/24,5.18,6.52,4,64517592008
1303301014,04/01/24,5.18,6.29,2,64517592008
1303301014,04/02/24,5.18,7.99,12,64517592008
1303301014,04/03/24,5.18,6.99,1,64517592008
1303301014,04/04/24,5.18,9.99,1,64517592008
1303301014,04/05/24,5.18,9.99,4,64517592008
1303301014,04/08/24,5.18,9.99,4,64517592008
1303301014,04/09/24,5.18,9.99,3,64517592008
1303301014,04/11/24,5.18,9.99,3,64517592008
1303301014,04/12/24,5.18,9.74,4,64517592008
1303301014,04/15/24,5.18,8.99,1,64517592008
1303301014,04/17/24,5.18,9.99,3,64517592008
1303301014,04/20/24,5.18,8.99,2,64517592008
1303301014,04/22/24,5.18,9.62,5,64517592008
1303301014,04/23/24,5.18,9.99,2,64517592008
1303301014,04/25/24,5.18,8.49,1,64517592008
1303301014,04/29/24,5.18,7.03,7,64517592008
1303301014,04/30/24,5.18,6.79,5,64517592008
1303301014,05/01/24,5.18,6.87,6,64517592008
1303301014,05/02/24,5.18,6.66,3,64517592008
1303301014,05/03/24,5.18,7.29,6,64517592008
1303301014,05/04/24,5.18,7.19,2,64517592008
1303301014,05/06/24,5.18,7.19,3,64517592008
1303301014,05/07/24,5.18,6.99,5,64517592008
1303301014,05/08/24,5.18,6.39,1,64517592008
1303301014,05/09/24,5.18,6.79,9,64517592008
1303301014,05/11/24,5.18,7.99,1,64517592008
1303301014,05/13/24,5.18,7.99,2,64517592008
1303301014,05/14/24,5.18,8.49,1,64517592008
1303301014,05/15/24,5.18,8.74,13,64517592008
1303301014,05/16/24,5.18,9.24,2,64517592008
1303301014,05/20/24,5.18,8.99,3,64517592008
1303301014,05/21/24,5.18,8.82,4,64517592008
1303301014,05/22/24,5.18,9.99,2,64517592008
1303301014,05/23/24,5.18,9.99,4,64517592008
1303301014,05/29/24,5.18,9.99,1,64517592008
1303301014,05/30/24,5.18,9.32,4,64517592008
1303301014,06/03/24,5.18,9.99,1,64517592008
1303301014,06/04/24,5.18,8.99,1,64517592008
1303301014,06/07/24,5.26,7.99,4,64517592008
1303301014,06/08/24,5.34,6.64,6,64517592008
1303301014,06/11/24,5.34,6.79,1,64517592008
1303301014,06/12/24,5.34,6.79,3,64517592008
1303301014,06/13/24,5.34,6.79,11,64517592008
1303301014,06/14/24,5.34,7.99,2,64517592008
1303301014,06/18/24,5.34,7.51,7,64517592008
1303301014,06/19/24,5.34,7.99,7,64517592008
1303301014,06/21/24,5.34,7.46,12,64517592008
1303301014,06/22/24,5.34,7.59,6,64517592008
1303301014,06/24/24,5.34,7.99,1,64517592008
1303301014,06/25/24,5.34,7.19,2,64517592008
1303301014,06/26/24,5.34,7.99,2,64517592008
1303301014,06/27/24,5.34,7.59,2,64517592008
1303301014,06/29/24,5.34,6.79,1,64517592008
1303301014,07/01/24,5.34,7.39,3,64517592008
1303301014,07/02/24,5.34,6.79,1,64517592008
1303301014,07/03/24,5.286666,6.86,7,64517592008
1303301014,07/05/24,5.34,7.99,2,64517592008
1303301014,07/06/24,5.34,6.79,1,64517592008
1303301014,07/09/24,5.34,6.79,4,64517592008
1303301014,07/10/24,5.34,6.79,2,64517592008
1303301014,07/11/24,5.34,7.24,5,64517592008
1303301014,07/12/24,5.34,4.62,21,64517592008
1303301014,07/13/24,5.34,4.62,16,64517592008
1303301014,07/15/24,5.34,4.49,1,64517592008
1303301014,07/16/24,5.34,4.43,12,64517592008
1303301014,07/17/24,5.34,4.37,10,64517592008
1303301014,07/18/24,5.26,3.99,8,64517592008
1303301014,07/20/24,5.18,6.39,1,64517592008
1303301014,07/22/24,5.26,6.24,2,64517592008
1303301014,07/23/24,5.18,6.39,5,64517592008
1303301014,07/24/24,5.18,6.39,2,64517592008
1303301014,07/26/24,5.18,7.19,2,64517592008
1303301014,07/27/24,5.18,7.99,3,64517592008
1303301014,07/29/24,5.18,7.19,10,64517592008
1303301014,07/31/24,5.18,7.99,1,64517592008
1303301014,08/01/24,5.18,7.99,1,64517592008
1303301014,08/02/24,5.18,7.59,2,64517592008
1303301014,08/03/24,5.18,6.47,2,64517592008
1303301014,08/05/24,5.18,7.99,3,64517592008
1303301014,08/06/24,5.18,7.19,5,64517592008
1303301014,08/07/24,5.18,7.59,2,64517592008
1303301014,08/08/24,5.18,7.59,4,64517592008
1303301014,08/10/24,5.18,7.99,2,64517592008
1303301014,08/12/24,5.18,7.19,3,64517592008
1303301014,08/13/24,5.18,7.19,4,64517592008
1303301014,08/14/24,5.18,7.59,3,64517592008
1303301014,08/15/24,5.18,6.47,2,64517592008
1303301014,08/16/24,5.18,7.19,2,64517592008
1303301014,08/17/24,5.18,6.79,3,64517592008
1303301014,08/19/24,5.18,6.99,1,64517592008
1303301014,08/20/24,5.18,6.29,4,64517592008
1303301014,08/21/24,5.18,6.36,5,64517592008
1303301014,08/22/24,5.18,6.64,4,64517592008
1303301014,08/23/24,5.18,6.61,6,64517592008
1303301014,08/24/24,5.18,6.48,17,64517592008
1303301014,08/26/24,5.18,6.29,4,64517592008
1303301014,08/27/24,5.18,6.33,23,64517592008
1303301014,08/28/24,5.18,6.69,12,64517592008
1303301014,08/29/24,5.18,6.47,17,64517592008
1303301014,08/30/24,5.18,6.57,6,64517592008
1303301014,08/31/24,5.18,6.33,20,64517592008
1303301014,09/02/24,5.18,6.49,19,64517592008
1303301014,09/03/24,5.18,6.63,9,64517592008
1303301014,09/04/24,5.18,6.79,1,64517592008
1303301014,09/05/24,5.18,6.66,5,64517592008
1303301014,09/06/24,5.18,7.59,4,64517592008
1303301014,09/07/24,5.18,6.37,2,64517592008
1303301014,09/08/24,5.18,6.79,2,64517592008
1303301014,09/09/24,5.18,6.56,3,64517592008
1303301014,09/10/24,5.18,6.83,2,64517592008
1303301014,09/11/24,5.18,7.19,6,64517592008
1303301014,09/12/24,5.18,7.99,3,64517592008
1303301014,09/13/24,5.18,7.82,20,64517592008
1303301014,09/14/24,5.18,6.07,6,64517592008
1303301014,09/16/24,5.18,5.42,9,64517592008
1303301014,09/17/24,5.18,5.20,12,64517592008
1303301014,09/18/24,4.935,5.76,15,64517592008
1303301014,09/19/24,4.69,5.72,14,64517592008
1303301014,09/20/24,4.69,5.47,11,64517592008
1303301014,09/21/24,4.69,5.39,3,64517592008
1303301014,09/23/24,4.69,5.46,21,64517592008
1303301014,09/24/24,4.69,5.52,42,64517592008
1303301014,09/25/24,4.76,5.66,16,64517592008
1303301014,09/26/24,4.69,5.86,15,64517592008
1303301014,09/27/24,4.69,5.47,18,64517592008
1303301014,09/28/24,4.69,6.28,8,64517592008
1303301014,09/30/24,4.69,6.13,5,64517592008
1303301014,10/01/24,4.69,9.89,2,64517592008
1303301014,10/02/24,4.69,9.89,6,64517592008
1303301014,10/03/24,4.69,9.69,8,64517592008
1303301014,10/04/24,4.69,9.40,10,64517592008
1303301014,10/05/24,4.69,9.40,7,64517592008
1303301014,10/07/24,4.69,9.40,8,64517592008
1303301014,10/08/24,4.69,9.34,1,64517592008
1303301014,10/09/24,4.69,9.15,3,64517592008
1303301014,10/10/24,4.69,8.41,1,64517592008
1303301014,10/14/24,4.69,9.89,1,64517592008
1303301014,10/15/24,4.69,8.90,3,64517592008
1303301014,10/16/24,4.69,9.89,7,64517592008
1303301014,10/17/24,4.69,10.99,1,64517592008
1303301014,10/19/24,4.69,9.34,1,64517592008
1303301014,10/21/24,4.69,10.44,3,64517592008
1303301014,10/23/24,4.69,10.99,4,64517592008
1303301014,10/24/24,4.69,10.99,1,64517592008
1303301014,10/25/24,4.69,5.39,1,64517592008
1303301014,10/26/24,4.69,5.69,5,64517592008
1303301014,10/28/24,4.69,6.94,4,64517592008
1303301014,10/29/24,4.69,5.39,1,64517592008
1303301014,10/30/24,4.69,5.99,3,64517592008
1303301014,10/31/24,4.69,5.99,1,64517592008
1303301014,11/01/24,4.69,5.69,2,64517592008
1303301014,11/02/24,4.69,5.24,5,64517592008
1303301014,11/04/24,4.69,5.69,10,64517592008
1303301014,11/05/24,4.69,5.59,7,64517592008
1303301014,11/06/24,4.69,5.99,4,64517592008
1303301014,11/07/24,4.69,5.89,15,64517592008
1303301014,11/08/24,4.69,5.69,3,64517592008
1303301014,11/09/24,4.69,6.69,2,64517592008
1303301014,11/11/24,4.69,8.09,3,64517592008
1303301014,11/12/24,4.69,7.59,4,64517592008
1303301014,11/13/24,4.69,7.72,3,64517592008
1303301014,11/14/24,4.69,7.99,7,64517592008
1303301014,11/15/24,4.69,6.79,15,64517592008
1303301014,11/16/24,4.69,6.41,13,64517592008
1303301014,11/18/24,4.69,6.71,10,64517592008
1303301014,11/19/24,4.69,6.44,16,64517592008
1303301014,11/20/24,4.69,6.99,4,64517592008
