HSERVICE_ITEM.csv
ItemCode  ,Date                      ,Average_Cost,Average_Sales_Price,Total_Sales_Quantity,UPC          
1303301015,03/14/24,5.01,9.99,12,64517592009
1303301015,03/15/24,5.01,9.99,2,64517592009
1303301015,03/16/24,5.01,9.99,1,64517592009
1303301015,03/18/24,5.18,9.99,2,64517592009
1303301015,03/19/24,5.18,9.99,2,64517592009
1303301015,03/22/24,5.18,9.49,4,64517592009
1303301015,03/27/24,5.18,9.49,4,64517592009
1303301015,03/28/24,5.18,7.74,7,64517592009
1303301015,03/29/24,5.18,7.09,11,64517592009
1303301015,03/30/24,5.18,6.45,10,64517592009
1303301015,04/01/24,5.18,6.29,2,64517592009
1303301015,04/02/24,5.18,7.32,16,64517592009
1303301015,04/03/24,5.18,6.99,1,64517592009
1303301015,04/04/24,5.18,9.99,2,64517592009
1303301015,04/05/24,5.18,9.99,3,64517592009
1303301015,04/08/24,5.18,9.99,3,64517592009
1303301015,04/09/24,5.18,9.99,5,64517592009
1303301015,04/10/24,5.18,9.99,1,64517592009
1303301015,04/11/24,5.18,9.99,1,64517592009
1303301015,04/16/24,5.18,9.99,1,64517592009
1303301015,04/19/24,5.18,9.99,5,64517592009
1303301015,04/20/24,5.18,8.82,3,64517592009
1303301015,04/24/24,5.18,9.99,9,64517592009
1303301015,04/25/24,5.18,8.49,2,64517592009
1303301015,04/26/24,5.18,7.99,1,64517592009
1303301015,04/29/24,5.18,7.59,7,64517592009
1303301015,04/30/24,5.18,6.89,4,64517592009
1303301015,05/01/24,5.18,6.96,9,64517592009
1303301015,05/02/24,5.18,6.79,1,64517592009
1303301015,05/03/24,5.18,7.29,5,64517592009
1303301015,05/04/24,5.18,7.19,3,64517592009
1303301015,05/06/24,5.18,6.99,5,64517592009
1303301015,05/07/24,5.18,7.03,5,64517592009
1303301015,05/08/24,5.18,7.29,9,64517592009
1303301015,05/09/24,5.18,6.66,5,64517592009
1303301015,05/10/24,5.18,6.79,2,64517592009
1303301015,05/11/24,5.18,7.99,2,64517592009
1303301015,05/13/24,5.18,9.99,1,64517592009
1303301015,05/14/24,5.18,9.99,2,64517592009
1303301015,05/15/24,5.18,8.82,12,64517592009
1303301015,05/16/24,5.18,9.99,1,64517592009
1303301015,05/18/24,5.18,8.24,3,64517592009
1303301015,05/20/24,5.18,9.99,1,64517592009
1303301015,05/21/24,5.18,8.99,3,64517592009
1303301015,05/22/24,5.18,9.99,2,64517592009
1303301015,05/25/24,5.18,9.49,3,64517592009
1303301015,05/27/24,5.18,9.99,1,64517592009
1303301015,05/29/24,5.18,9.99,1,64517592009
1303301015,06/03/24,5.18,9.99,2,64517592009
1303301015,06/04/24,5.18,8.99,1,64517592009
1303301015,06/05/24,5.18,9.99,1,64517592009
1303301015,06/07/24,5.18,6.99,1,64517592009
1303301015,06/08/24,5.18,6.59,3,64517592009
1303301015,06/10/24,5.18,6.99,2,64517592009
1303301015,06/11/24,5.18,5.73,5,64517592009
1303301015,06/12/24,5.18,7.24,2,64517592009
1303301015,06/13/24,5.18,6.53,11,64517592009
1303301015,06/14/24,5.18,6.99,4,64517592009
1303301015,06/17/24,5.18,6.29,3,64517592009
1303301015,06/19/24,5.18,7.07,3,64517592009
1303301015,06/20/24,5.18,6.99,3,64517592009
1303301015,06/21/24,5.18,6.92,4,64517592009
1303301015,06/22/24,5.18,6.99,1,64517592009
1303301015,06/24/24,5.18,6.99,1,64517592009
1303301015,06/25/24,5.18,6.47,4,64517592009
1303301015,06/26/24,5.18,6.99,6,64517592009
1303301015,06/27/24,5.18,6.61,2,64517592009
1303301015,06/28/24,5.18,7.49,2,64517592009
1303301015,06/29/24,5.18,6.37,2,64517592009
1303301015,07/01/24,5.18,6.37,4,64517592009
1303301015,07/02/24,5.18,6.37,3,64517592009
1303301015,07/03/24,5.18,7.24,11,64517592009
1303301015,07/05/24,5.18,7.12,7,64517592009
1303301015,07/06/24,5.18,6.37,2,64517592009
1303301015,07/08/24,5.18,6.37,2,64517592009
1303301015,07/09/24,5.18,6.37,3,64517592009
1303301015,07/10/24,5.18,7.12,4,64517592009
1303301015,07/11/24,5.18,7.21,5,64517592009
1303301015,07/12/24,5.18,4.77,19,64517592009
1303301015,07/13/24,5.18,4.62,27,64517592009
1303301015,07/15/24,5.18,4.59,5,64517592009
1303301015,07/16/24,5.18,4.44,40,64517592009
1303301015,07/17/24,5.18,4.34,17,64517592009
1303301015,07/18/24,5.18,4.34,11,64517592009
1303301015,07/20/24,5.18,6.37,7,64517592009
1303301015,07/22/24,5.18,5.49,9,64517592009
1303301015,07/23/24,5.18,6.49,3,64517592009
1303301015,07/24/24,5.18,5.99,1,64517592009
1303301015,07/25/24,5.18,6.37,5,64517592009
1303301015,07/29/24,5.18,7.49,1,64517592009
1303301015,07/30/24,5.18,7.49,1,64517592009
1303301015,07/31/24,5.18,6.95,4,64517592009
1303301015,08/02/24,5.18,7.12,3,64517592009
1303301015,08/03/24,5.18,6.52,5,64517592009
1303301015,08/05/24,5.18,6.99,4,64517592009
1303301015,08/06/24,5.18,6.37,4,64517592009
1303301015,08/07/24,5.18,7.49,1,64517592009
1303301015,08/08/24,5.18,7.49,1,64517592009
1303301015,08/09/24,5.18,7.12,2,64517592009
1303301015,08/12/24,5.18,6.74,1,64517592009
1303301015,08/13/24,5.18,6.74,1,64517592009
1303301015,08/14/24,5.18,6.74,2,64517592009
1303301015,08/15/24,5.18,6.07,2,64517592009
1303301015,08/16/24,5.18,6.37,3,64517592009
1303301015,08/17/24,5.18,6.93,2,64517592009
1303301015,08/19/24,5.18,6.45,3,64517592009
1303301015,08/20/24,5.18,6.47,2,64517592009
1303301015,08/21/24,5.18,6.09,8,64517592009
1303301015,08/22/24,5.18,6.12,4,64517592009
1303301015,08/23/24,5.18,6.24,5,64517592009
1303301015,08/24/24,5.18,6.20,7,64517592009
1303301015,08/26/24,5.18,6.20,4,64517592009
1303301015,08/27/24,5.18,6.47,20,64517592009
1303301015,08/28/24,5.18,6.47,7,64517592009
1303301015,08/29/24,5.18,6.01,14,64517592009
1303301015,08/30/24,5.18,6.26,11,64517592009
1303301015,08/31/24,5.18,5.91,17,64517592009
1303301015,09/02/24,5.18,6.12,11,64517592009
1303301015,09/03/24,5.18,6.55,13,64517592009
1303301015,09/04/24,5.18,7.49,2,64517592009
1303301015,09/05/24,5.18,6.12,4,64517592009
1303301015,09/06/24,5.18,6.37,4,64517592009
1303301015,09/07/24,5.18,7.04,9,64517592009
1303301015,09/08/24,5.18,6.93,6,64517592009
1303301015,09/09/24,5.18,6.58,4,64517592009
1303301015,09/10/24,5.18,7.49,1,64517592009
1303301015,09/11/24,5.18,7.12,7,64517592009
1303301015,09/12/24,5.18,7.49,4,64517592009
1303301015,09/13/24,5.18,6.79,5,64517592009
1303301015,09/14/24,5.145,6.45,9,64517592009
1303301015,09/16/24,4.744444,5.84,14,64517592009
1303301015,09/17/24,4.69,5.48,9,64517592009
1303301015,09/18/24,4.69,5.48,11,64517592009
1303301015,09/19/24,4.69,5.79,8,64517592009
1303301015,09/20/24,4.69,5.12,4,64517592009
1303301015,09/21/24,4.69,5.29,11,64517592009
1303301015,09/23/24,4.69,5.48,19,64517592009
1303301015,09/24/24,4.69,5.53,32,64517592009
1303301015,09/25/24,4.69,5.70,18,64517592009
1303301015,09/26/24,4.69,5.99,1,64517592009
1303301015,09/27/24,4.69,5.22,6,64517592009
1303301015,09/28/24,4.69,7.39,6,64517592009
1303301015,09/30/24,4.69,5.69,2,64517592009
1303301015,10/01/24,4.69,8.95,2,64517592009
1303301015,10/02/24,4.69,9.89,3,64517592009
1303301015,10/03/24,4.69,10.17,7,64517592009
1303301015,10/07/24,4.69,9.89,1,64517592009
1303301015,10/08/24,4.69,10.99,1,64517592009
1303301015,10/09/24,4.69,9.40,3,64517592009
1303301015,10/10/24,4.69,9.15,2,64517592009
1303301015,10/11/24,4.69,8.72,4,64517592009
1303301015,10/12/24,4.69,9.89,1,64517592009
1303301015,10/15/24,4.69,9.49,6,64517592009
1303301015,10/16/24,4.69,10.99,1,64517592009
1303301015,10/17/24,4.69,10.44,4,64517592009
1303301015,10/18/24,4.69,8.90,1,64517592009
1303301015,10/22/24,4.69,9.89,1,64517592009
1303301015,10/23/24,4.69,10.99,2,64517592009
1303301015,10/26/24,4.69,5.99,2,64517592009
1303301015,10/28/24,4.69,5.39,1,64517592009
1303301015,10/29/24,4.69,5.69,7,64517592009
1303301015,10/30/24,4.69,5.99,3,64517592009
1303301015,10/31/24,4.69,5.99,4,64517592009
1303301015,11/02/24,4.69,5.59,9,64517592009
1303301015,11/04/24,4.69,7.26,5,64517592009
1303301015,11/05/24,4.69,5.54,4,64517592009
1303301015,11/06/24,4.69,5.99,1,64517592009
1303301015,11/07/24,4.69,5.99,13,64517592009
1303301015,11/08/24,4.69,5.99,4,64517592009
1303301015,11/09/24,4.69,7.99,1,64517592009
1303301015,11/11/24,4.69,7.49,8,64517592009
1303301015,11/12/24,4.69,7.39,10,64517592009
1303301015,11/13/24,4.69,7.92,40,64517592009
1303301015,11/14/24,4.771666,8.49,8,64517592009
1303301015,11/15/24,4.712272,7.32,17,64517592009
1303301015,11/16/24,4.69,7.99,8,64517592009
1303301015,11/18/24,4.69,6.59,10,64517592009
1303301015,11/19/24,4.69,6.54,15,64517592009
1303301015,11/20/24,4.69,6.99,6,64517592009
1303301015,11/21/24,4.69,10.99,1,64517592009
1303301072,03/21/24,5.67,9.99,2,3114603576
1303301072,03/22/24,5.67,8.99,1,3114603576
1303301072,03/27/24,5.67,9.99,1,3114603576
1303301072,04/02/24,5.67,9.99,2,3114603576
1303301072,04/05/24,5.67,9.99,1,3114603576
1303301072,04/08/24,5.67,9.99,1,3114603576
1303301072,04/09/24,5.67,9.99,3,3114603576
1303301072,04/19/24,2.835,9.99,5,3114603576
1303301072,04/23/24,5.67,9.99,2,3114603576
1303301072,04/25/24,5.67,8.49,1,3114603576
1303301072,05/02/24,5.67,8.49,1,3114603576
1303301072,05/04/24,5.68,9.99,1,3114603576
1303301072,05/07/24,5.675,8.49,2,3114603576
1303301072,05/09/24,5.67,8.49,1,3114603576
1303301072,05/10/24,5.68,8.49,1,3114603576
1303301072,05/11/24,5.67,8.49,1,3114603576
1303301072,05/15/24,5.68,7.99,1,3114603576
1303301072,05/17/24,5.67,7.99,1,3114603576
1303301072,05/20/24,5.67,7.99,1,3114603576
1303301072,05/21/24,5.675,8.49,2,3114603576
1303301072,05/23/24,5.6733,9.99,3,3114603576
1303301072,05/27/24,5.68,9.99,1,3114603576
1303301072,06/03/24,5.67,9.99,1,3114603576
1303301072,06/10/24,5.68,8.99,1,3114603576
1303301072,06/13/24,5.67,8.49,1,3114603576
1303301072,06/14/24,5.67,5.99,10,3114603576
1303301072,06/17/24,5.184545,5.40,23,3114603576
1303301072,06/18/24,5.181266,4.87,33,3114603576
1303301072,06/19/24,5.183108,4.91,32,3114603576
1303301072,06/20/24,5.187766,8.32,5,3114603576
1303301072,06/21/24,5.185,9.99,2,3114603576
1303301072,06/22/24,5.184,9.99,5,3114603576
1303301072,06/25/24,5.19,9.99,1,3114603576
1303301072,06/27/24,5.18,6.32,3,3114603576
1303301072,07/01/24,5.19,8.49,1,3114603576
1303301072,07/05/24,5.18,9.99,1,3114603576
1303301072,07/06/24,5.19,8.49,1,3114603576
1303301072,07/09/24,5.18,8.49,1,3114603576
1303301072,07/11/24,5.186666,9.99,3,3114603576
1303301072,07/16/24,5.18,9.99,1,3114603576
1303301072,07/18/24,5.19,9.99,1,3114603576
1303301072,07/22/24,5.185,8.99,2,3114603576
1303301072,07/24/24,5.18,7.99,1,3114603576
1303301072,07/26/24,5.19,7.99,1,3114603576
1303301072,07/27/24,5.18,9.99,1,3114603576
1303301072,07/29/24,5.19,8.99,1,3114603576
1303301072,07/30/24,5.18,8.99,1,3114603576
1303301072,07/31/24,5.19,9.99,1,3114603576
1303301072,08/01/24,5.18,9.99,1,3114603576
1303301072,08/02/24,5.185,9.99,2,3114603576
1303301072,08/05/24,5.185,9.99,2,3114603576
1303301072,08/06/24,5.18665,9.04,4,3114603576
1303301072,08/08/24,5.185,9.04,2,3114603576
1303301072,08/10/24,5.19,8.09,1,3114603576
1303301072,08/16/24,5.18,9.99,1,3114603576
1303301072,08/17/24,5.185,9.24,2,3114603576
1303301072,08/21/24,5.19,8.49,1,3114603576
1303301072,08/24/24,5.18,8.49,1,3114603576
1303301072,08/28/24,5.185,9.24,2,3114603576
1303301072,08/30/24,5.185,8.49,2,3114603576
1303301072,08/31/24,5.185333,9.99,7,3114603576
1303301072,09/02/24,5.185,9.29,6,3114603576
1303301072,09/03/24,5.185,9.24,2,3114603576
1303301072,09/05/24,5.18,9.99,1,3114603576
1303301072,09/07/24,5.185,8.49,2,3114603576
1303301072,09/08/24,5.185,8.49,4,3114603576
1303301072,09/13/24,5.19,9.99,1,3114603576
1303301072,09/16/24,5.184166,7.10,7,3114603576
1303301072,09/17/24,5.186666,7.22,3,3114603576
1303301072,09/19/24,5.185,7.99,4,3114603576
1303301072,09/20/24,5.16,7.99,3,3114603576
1303301072,09/21/24,5.16,7.99,2,3114603576
1303301072,09/23/24,5.159175,7.01,7,3114603576
1303301072,09/24/24,5.16,7.46,3,3114603576
1303301072,09/25/24,5.164375,7.79,8,3114603576
1303301072,09/26/24,5.16,7.72,3,3114603576
1303301072,09/27/24,5.16,7.59,2,3114603576
1303301072,09/30/24,5.16,9.89,1,3114603576
1303301072,10/01/24,5.1567,9.89,3,3114603576
1303301072,10/02/24,5.15835,9.89,5,3114603576
1303301072,10/03/24,5.16,9.64,6,3114603576
1303301072,10/05/24,5.16,9.89,1,3114603576
1303301072,10/07/24,5.16,10.99,1,3114603576
1303301072,10/08/24,5.16,10.44,2,3114603576
1303301072,10/09/24,5.16,9.15,2,3114603576
1303301072,10/14/24,5.16,9.89,1,3114603576
1303301072,10/15/24,5.159333,10.26,7,3114603576
1303301072,10/16/24,5.1585,9.89,11,3114603576
1303301072,10/17/24,5.1575,10.44,3,3114603576
1303301072,10/18/24,5.16,9.89,1,3114603576
1303301072,10/22/24,5.16,10.99,1,3114603576
1303301072,10/23/24,5.16,10.99,1,3114603576
1303301072,10/26/24,5.157,7.79,11,3114603576
1303301072,10/28/24,5.16,7.19,2,3114603576
1303301072,10/29/24,4.8475,7.99,6,3114603576
1303301072,11/01/24,4.54,7.19,11,3114603576
1303301072,11/02/24,4.54,7.46,4,3114603576
1303301072,11/04/24,4.54,7.19,2,3114603576
1303301072,11/05/24,4.54,7.29,9,3114603576
1303301072,11/06/24,4.54,7.79,5,3114603576
1303301072,11/07/24,4.54,7.99,9,3114603576
1303301072,11/08/24,4.54,7.19,3,3114603576
1303301072,11/09/24,4.54,10.99,1,3114603576
1303301072,11/11/24,5.16,8.90,1,3114603576
1303301072,11/14/24,4.54,10.99,1,3114603576
1303301072,11/15/24,4.54,10.99,2,3114603576
1303301072,11/19/24,4.54,10.44,2,3114603576
1303301090,03/14/24,6.3,12.99,4,85232000023
1303301090,03/15/24,6.3,12.99,1,85232000023
1303301090,03/19/24,6.3,12.99,2,85232000023
1303301090,03/27/24,6.3,12.34,2,85232000023
1303301090,03/29/24,6.3,12.99,1,85232000023
1303301090,04/10/24,6.3,12.99,1,85232000023
1303301090,04/15/24,6.3,12.99,2,85232000023
1303301090,04/17/24,6.3,12.99,1,85232000023
1303301090,04/18/24,6.3,12.99,1,85232000023
1303301090,04/20/24,6.3,7.19,1,85232000023
1303301090,04/22/24,6.3,8.00,10,85232000023
1303301090,04/24/24,6.2975,9.34,3,85232000023
1303301090,04/26/24,6.3,7.19,1,85232000023
1303301090,04/29/24,6.3,7.19,1,85232000023
1303301090,04/30/24,6.3,7.49,3,85232000023
1303301090,05/02/24,6.30165,8.99,4,85232000023
1303301090,05/04/24,6.303333,7.34,3,85232000023
1303301090,05/10/24,6.3,11.04,1,85232000023
1303301090,05/11/24,6.3067,12.99,3,85232000023
1303301090,05/14/24,6.3,12.99,1,85232000023
1303301090,05/15/24,6.31,12.99,1,85232000023
1303301090,06/06/24,6.3,12.99,1,85232000023
1303301090,06/07/24,7.906628,5.90,34,85232000023
1303301090,06/08/24,3.15,5.46,14,85232000023
1303301090,06/10/24,3.15,7.03,15,85232000023
1303301090,06/12/24,6.3,5.99,1,85232000023
1303301090,06/17/24,6.31,12.99,1,85232000023
1303301090,06/18/24,6.3,12.99,2,85232000023
1303301090,06/19/24,6.3,5.39,1,85232000023
1303301090,06/22/24,6.3033,12.99,3,85232000023
1303301090,06/24/24,6.3,12.99,1,85232000023
1303301090,06/26/24,6.3,12.99,1,85232000023
1303301090,06/29/24,6.3,11.04,1,85232000023
1303301090,07/01/24,6.305,11.04,2,85232000023
1303301090,07/02/24,6.3,12.99,1,85232000023
1303301090,07/03/24,6.31,11.04,1,85232000023
1303301090,07/08/24,6.3,11.04,1,85232000023
1303301090,07/12/24,6.31,12.99,1,85232000023
1303301090,07/23/24,6.3,12.99,1,85232000023
1303301090,07/29/24,6.31,11.69,1,85232000023
1303301090,08/13/24,6.3,10.52,1,85232000023
1303301090,08/14/24,6.57,12.99,1,85232000023
1303301090,08/15/24,6.57,11.69,1,85232000023
1303301090,08/23/24,6.57,12.02,3,85232000023
1303301090,08/30/24,6.57,10.39,1,85232000023
1303301090,08/31/24,6.57,11.04,3,85232000023
1303301090,09/02/24,6.57,12.99,1,85232000023
1303301090,09/03/24,6.57,12.99,1,85232000023
1303301090,09/07/24,6.565,12.99,2,85232000023
1303301090,09/09/24,6.565,11.37,2,85232000023
1303301090,09/11/24,6.565,12.99,2,85232000023
1303301090,09/14/24,6.5675,12.58,9,85232000023
1303301090,09/16/24,6.56,12.99,1,85232000023
1303301090,09/19/24,8.02,12.99,7,85232000023
1303301090,09/23/24,8.02,8.54,2,85232000023
1303301090,09/24/24,8.02,7.82,4,85232000023
1303301090,09/25/24,8.02,10.32,7,85232000023
1303301090,09/26/24,8.02,8.09,1,85232000023
1303301090,09/28/24,8.02,8.09,1,85232000023
1303301090,09/30/24,8.02,8.09,1,85232000023
1303301090,10/01/24,8.02,7.28,2,85232000023
1303301090,10/02/24,8.02,8.99,1,85232000023
1303301090,10/03/24,8.02,8.99,1,85232000023
1303301090,10/04/24,8.02,8.09,2,85232000023
1303301090,10/05/24,8.02,10.52,1,85232000023
1303301090,10/07/24,6.3,11.69,1,85232000023
1303301090,10/10/24,6.3,11.69,2,85232000023
1303301090,10/12/24,6.3,11.69,1,85232000023
1303301090,10/23/24,6.3,12.99,3,85232000023
1303301090,10/25/24,6.3,12.99,3,85232000023
1303301090,11/02/24,6.3,11.69,1,85232000023
1303301090,11/07/24,6.3,12.99,2,85232000023
1303301090,11/14/24,6.3,12.99,1,85232000023
1303301090,11/15/24,6.3,12.56,3,85232000023
1303301090,11/19/24,6.3,12.12,3,85232000023
