HSERVICE_ITEM.csv
ItemCode  ,Date                      ,Average_Cost,Average_Sales_Price,Total_Sales_Quantity,UPC          
1303304009,03/27/24,6.5775,11.99,3,3114601712
1303304009,04/01/24,6.635,10.79,4,3114601712
1303304009,04/02/24,6.75,11.99,1,3114601712
1303304009,04/04/24,6.75,11.99,2,3114601712
1303304009,04/08/24,6.75,10.79,1,3114601712
1303304009,04/10/24,6.75,11.99,2,3114601712
1303304009,04/25/24,6.75,10.19,2,3114601712
1303304009,04/29/24,6.75,7.19,1,3114601712
1303304009,04/30/24,6.75058,7.69,15,3114601712
1303304009,05/01/24,6.75,7.42,2,3114601712
1303304009,05/03/24,6.58,7.19,1,3114601712
1303304009,05/06/24,6.58,8.99,1,3114601712
1303304009,05/07/24,6.58,8.09,4,3114601712
1303304009,05/08/24,6.58,8.32,2,3114601712
1303304009,05/09/24,6.58,7.73,10,3114601712
1303304009,05/11/24,6.58,9.59,2,3114601712
1303304009,05/13/24,6.58,9.89,2,3114601712
1303304009,05/15/24,6.6922,10.67,14,3114601712
1303304009,05/16/24,6.575,11.09,2,3114601712
1303304009,05/18/24,6.58,9.59,1,3114601712
1303304009,05/21/24,6.57,11.99,1,3114601712
1303304009,05/30/24,6.58,11.99,1,3114601712
1303304009,06/11/24,6.58,10.19,1,3114601712
1303304009,06/14/24,6.58,11.99,1,3114601712
1303304009,06/19/24,6.58,11.99,1,3114601712
1303304009,06/20/24,6.575,10.79,2,3114601712
1303304009,06/22/24,6.575933,4.57,18,3114601712
1303304009,06/24/24,6.575,4.74,2,3114601712
1303304009,06/27/24,6.576833,4.78,17,3114601712
1303304009,06/28/24,6.57727,4.24,29,3114601712
1303304009,06/29/24,6.577522,4.41,20,3114601712
1303304009,07/01/24,6.576433,4.31,46,3114601712
1303304009,07/02/24,6.575,4.28,44,3114601712
1303304009,07/03/24,6.575333,2.91,17,3114601712
1303304009,07/05/24,6.579687,4.33,62,3114601712
1303304009,07/06/24,6.58,4.29,28,3114601712
1303304009,07/08/24,6.58,4.24,11,3114601712
1303304009,07/09/24,6.578333,10.79,4,3114601712
1303304009,07/11/24,6.578,5.94,9,3114601712
1303304009,07/12/24,6.58,11.99,2,3114601712
1303304009,07/13/24,6.57875,9.34,5,3114601712
1303304009,07/15/24,6.575,4.24,4,3114601712
1303304009,07/16/24,6.57585,10.79,5,3114601712
1303304009,07/18/24,6.58,11.99,1,3114601712
1303304009,07/22/24,6.58,9.59,1,3114601712
1303304009,07/23/24,6.58,8.09,2,3114601712
1303304009,07/24/24,6.575,7.19,10,3114601712
1303304009,07/25/24,6.575471,7.70,10,3114601712
1303304009,07/26/24,6.575714,7.96,7,3114601712
1303304009,07/27/24,6.573333,8.99,5,3114601712
1303304009,07/29/24,6.575,7.82,6,3114601712
1303304009,07/30/24,6.576,8.89,7,3114601712
1303304009,07/31/24,6.574285,8.36,7,3114601712
1303304009,08/01/24,6.5767,8.99,3,3114601712
1303304009,08/02/24,6.576666,8.69,8,3114601712
1303304009,08/05/24,6.58,8.99,1,3114601712
1303304009,08/09/24,6.58,10.49,2,3114601712
1303304009,08/12/24,6.58,9.71,1,3114601712
1303304009,08/13/24,6.57,10.79,1,3114601712
1303304009,08/14/24,6.58,10.79,1,3114601712
1303304009,08/15/24,6.57,11.99,1,3114601712
1303304009,08/16/24,6.58,10.19,1,3114601712
1303304009,08/17/24,6.573333,10.59,3,3114601712
1303304009,08/19/24,6.58,11.99,1,3114601712
1303304009,08/20/24,6.57,9.59,1,3114601712
1303304009,08/21/24,6.58,10.79,1,3114601712
1303304009,08/23/24,6.57,10.19,1,3114601712
1303304009,08/24/24,6.58,10.19,1,3114601712
1303304009,08/28/24,6.57375,11.54,5,3114601712
1303304009,08/30/24,6.57,11.99,1,3114601712
1303304009,09/02/24,6.58,10.19,1,3114601712
1303304009,09/03/24,6.57,10.19,1,3114601712
1303304009,09/04/24,6.575,10.19,2,3114601712
1303304009,09/05/24,6.575,10.19,2,3114601712
1303304009,09/06/24,6.58,10.19,1,3114601712
1303304009,09/07/24,6.57,11.99,1,3114601712
1303304009,09/08/24,6.5767,10.19,3,3114601712
1303304009,09/10/24,6.57,10.79,1,3114601712
1303304009,09/11/24,6.58,11.99,1,3114601712
1303304009,09/13/24,6.575,11.99,2,3114601712
1303304009,09/18/24,6.58,11.99,1,3114601712
1303304009,09/19/24,6.58,11.99,1,3114601712
1303304009,09/21/24,6.575,11.99,2,3114601712
1303304009,09/23/24,6.575,10.79,4,3114601712
1303304009,09/24/24,6.575,10.79,2,3114601712
1303304009,09/25/24,6.57,11.99,1,3114601712
1303304009,09/26/24,6.575,11.99,2,3114601712
1303304009,10/04/24,6.57,12.59,1,3114601712
1303304009,10/05/24,6.58,12.59,1,3114601712
1303304009,10/12/24,6.575,13.29,2,3114601712
1303304009,10/15/24,6.5725,13.29,3,3114601712
1303304009,10/17/24,6.575,12.35,2,3114601712
1303304009,10/22/24,6.57,13.99,1,3114601712
1303304009,10/24/24,6.22,13.99,2,3114601712
1303304009,10/26/24,6.22,10.79,1,3114601712
1303304009,10/29/24,6.22,10.19,1,3114601712
1303304009,10/30/24,6.22,11.99,2,3114601712
1303304009,11/02/24,6.225,11.39,2,3114601712
1303304009,11/05/24,6.23,11.99,1,3114601712
1303304009,11/07/24,6.22,11.99,1,3114601712
1303304009,11/14/24,5.59,13.99,1,3114601712
1303304009,11/15/24,5.59,13.99,1,3114601712
1303304009,11/18/24,5.59,12.59,1,3114601712
1304109019,03/13/24,3.5,5.99,1,880112712002
1304109019,03/14/24,3.5,5.99,1,880112712002
1304109019,03/16/24,3.5,5.99,1,880112712002
1304109019,03/18/24,3.5,5.99,1,880112712002
1304109019,03/19/24,3.5,5.99,1,880112712002
1304109019,03/27/24,3.5,5.89,9,880112712002
1304109019,04/02/24,3.5,4.66,4,880112712002
1304109019,04/03/24,3.5,3.99,6,880112712002
1304109019,04/04/24,3.5,3.99,7,880112712002
1304109019,04/05/24,3.5,3.99,7,880112712002
1304109019,04/08/24,3.5,4.19,12,880112712002
1304109019,04/09/24,3.5,3.99,7,880112712002
1304109019,04/10/24,3.5,3.99,4,880112712002
1304109019,04/11/24,3.5,3.86,9,880112712002
1304109019,04/12/24,3.5,3.69,25,880112712002
1304109019,04/13/24,3.5,3.59,6,880112712002
1304109019,04/15/24,3.5,3.99,1,880112712002
1304109019,04/16/24,3.5,3.99,10,880112712002
1304109019,04/17/24,3.5,3.99,8,880112712002
1304109019,04/18/24,3.5,3.99,5,880112712002
1304109019,04/19/24,3.5,3.72,4,880112712002
1304109019,04/20/24,3.5,3.39,21,880112712002
1304109019,04/22/24,3.5,3.32,25,880112712002
1304109019,04/23/24,3.5,3.41,17,880112712002
1304109019,04/24/24,3.5,3.39,2,880112712002
1304109019,04/25/24,3.5,3.25,9,880112712002
1304109019,04/26/24,3.5,3.51,30,880112712002
1304109019,04/27/24,3.5,3.25,18,880112712002
1304109019,04/29/24,3.5,3.19,12,880112712002
1304109019,04/30/24,3.5,3.56,18,880112712002
1304109019,05/01/24,3.5,3.47,45,880112712002
1304109019,05/02/24,3.5,3.75,19,880112712002
1304109019,05/03/24,3.5,5.47,6,880112712002
1304109019,05/06/24,3.5,4.99,14,880112712002
1304109019,05/07/24,3.5,5.99,2,880112712002
1304109019,05/08/24,3.5,5.54,3,880112712002
1304109019,05/09/24,3.5,5.09,3,880112712002
1304109019,05/10/24,3.5,5.09,1,880112712002
1304109019,05/11/24,3.5,5.99,1,880112712002
1304109019,05/13/24,3.5,5.99,3,880112712002
1304109019,05/15/24,3.5,5.09,2,880112712002
1304109019,05/16/24,3.5,5.99,2,880112712002
1304109019,05/17/24,3.5,5.51,9,880112712002
1304109019,05/18/24,3.5,5.99,3,880112712002
1304109019,05/20/24,3.5,5.39,10,880112712002
1304109019,05/21/24,3.5,5.39,7,880112712002
1304109019,05/22/24,3.5,5.99,6,880112712002
1304109019,05/25/24,3.5,2.77,14,880112712002
1304109019,05/27/24,3.5,2.69,54,880112712002
1304109019,05/28/24,3.5,2.72,24,880112712002
1304109019,05/29/24,3.5,2.98,60,880112712002
1304109019,05/30/24,3.5,2.93,78,880112712002
1304109019,05/31/24,3.5,2.95,48,880112712002
1304109019,06/01/24,3.5,2.79,53,880112712002
1304109019,06/03/24,3.5,2.79,64,880112712002
1304109019,06/04/24,3.5,2.78,79,880112712002
1304109019,06/05/24,3.5,2.83,54,880112712002
1304109019,06/06/24,3.5,2.99,20,880112712002
1304109019,06/07/24,3.5,2.94,38,880112712002
1304109019,06/08/24,3.5,3.18,20,880112712002
1304109019,06/10/24,3.5,3.99,19,880112712002
1304109019,06/11/24,3.5,4.85,3,880112712002
1304109019,06/12/24,3.5,4.47,5,880112712002
1304109019,06/13/24,3.5,3.49,5,880112712002
1304109019,06/15/24,3.5,5.99,2,880112712002
1304109019,06/18/24,3.5,5.59,9,880112712002
1304109019,06/19/24,3.5,5.99,14,880112712002
1304109019,06/20/24,3.5,5.24,9,880112712002
1304109019,06/21/24,3.5,5.69,8,880112712002
1304109019,06/22/24,3.5,2.73,22,880112712002
1304109019,06/24/24,3.5,2.79,30,880112712002
1304109019,06/25/24,3.5,2.80,107,880112712002
1304109019,06/26/24,3.5,2.97,34,880112712002
1304109019,06/27/24,3.5,2.89,58,880112712002
1304109019,06/28/24,3.5,2.68,55,880112712002
1304109019,06/29/24,3.5,2.66,32,880112712002
1304109019,07/01/24,3.5,2.58,61,880112712002
1304109019,07/02/24,3.5,2.85,36,880112712002
1304109019,07/03/24,3.5,2.74,60,880112712002
1304109019,07/05/24,3.5,2.54,69,880112712002
1304109019,07/06/24,3.5,2.72,44,880112712002
1304109019,07/08/24,3.5,2.57,28,880112712002
1304109019,07/09/24,3.5,5.09,3,880112712002
1304109019,07/10/24,3.5,5.24,9,880112712002
1304109019,07/11/24,3.5,4.58,17,880112712002
1304109019,07/12/24,3.5,5.59,5,880112712002
1304109019,07/13/24,3.5,5.39,8,880112712002
1304109019,07/16/24,3.5,5.99,1,880112712002
1304109019,07/22/24,3.5,4.79,6,880112712002
1304109019,07/23/24,3.5,4.79,3,880112712002
1304109019,07/24/24,3.5,4.79,1,880112712002
1304109019,07/25/24,3.5,5.39,6,880112712002
1304109019,07/26/24,3.5,5.03,8,880112712002
1304109019,07/27/24,3.5,5.99,2,880112712002
1304109019,07/29/24,3.5,5.39,2,880112712002
1304109019,07/30/24,3.5,5.69,3,880112712002
1304109019,07/31/24,3.5,4.79,1,880112712002
1304109019,08/01/24,3.5,5.69,2,880112712002
1304109019,08/02/24,3.5,5.41,3,880112712002
1304109019,08/03/24,3.5,3.33,6,880112712002
1304109019,08/05/24,3.5,3.67,7,880112712002
1304109019,08/06/24,3.5,3.66,12,880112712002
1304109019,08/07/24,3.5,3.81,38,880112712002
1304109019,08/08/24,3.5,3.79,5,880112712002
1304109019,08/09/24,3.5,3.64,13,880112712002
1304109019,08/10/24,3.5,3.75,42,880112712002
1304109019,08/12/24,3.5,3.69,13,880112712002
1304109019,08/13/24,3.5,3.64,40,880112712002
1304109019,08/14/24,3.5,3.85,27,880112712002
1304109019,08/15/24,3.5,3.53,37,880112712002
1304109019,08/16/24,3.5,3.57,21,880112712002
1304109019,08/17/24,3.5,3.54,17,880112712002
1304109019,08/19/24,3.5,3.96,11,880112712002
1304109019,08/21/24,3.5,5.39,2,880112712002
1304109019,08/22/24,3.5,5.24,6,880112712002
1304109019,08/23/24,3.5,3.86,4,880112712002
1304109019,08/24/24,3.5,5.09,2,880112712002
1304109019,08/26/24,3.5,5.99,3,880112712002
1304109019,08/27/24,3.5,5.39,3,880112712002
1304109019,08/29/24,3.5,5.69,6,880112712002
1304109019,08/30/24,3.5,5.69,10,880112712002
1304109019,08/31/24,3.5,5.39,5,880112712002
1304109019,09/02/24,3.5,5.54,3,880112712002
1304109019,09/03/24,3.5,5.09,3,880112712002
1304109019,09/04/24,3.5,5.99,1,880112712002
1304109019,09/05/24,3.5,5.59,3,880112712002
1304109019,09/06/24,3.5,5.47,5,880112712002
1304109019,09/07/24,3.5,5.09,1,880112712002
1304109019,09/08/24,3.5,5.09,1,880112712002
1304109019,09/10/24,3.5,5.39,1,880112712002
1304109019,09/13/24,3.5,5.39,2,880112712002
1304109019,09/14/24,3.5,4.49,1,880112712002
1304109019,09/16/24,3.5,4.87,8,880112712002
1304109019,09/17/24,3.5,4.34,3,880112712002
1304109019,09/18/24,3.5,4.89,9,880112712002
1304109019,09/19/24,3.5,4.82,6,880112712002
1304109019,09/23/24,3.5,4.62,9,880112712002
1304109019,09/24/24,3.5,4.74,4,880112712002
1304109019,09/25/24,3.5,4.51,4,880112712002
1304109019,09/26/24,3.5,4.99,1,880112712002
1304109019,09/27/24,3.5,4.74,2,880112712002
1304109019,09/28/24,3.5,4.19,5,880112712002
1304109019,09/30/24,3.5,5.86,3,880112712002
1304109019,10/02/24,3.5,6.33,2,880112712002
1304109019,10/03/24,3.5,6.29,10,880112712002
1304109019,10/07/24,3.5,6.99,1,880112712002
1304109019,10/08/24,3.5,6.29,3,880112712002
1304109019,10/09/24,3.5,6.12,2,880112712002
1304109019,10/10/24,3.5,5.35,1,880112712002
1304109019,10/11/24,3.5,5.35,1,880112712002
1304109019,10/15/24,3.5,6.12,4,880112712002
1304109019,10/16/24,3.5,6.52,3,880112712002
1304109019,10/17/24,3.5,6.29,3,880112712002
1304109019,10/19/24,3.5,6.99,1,880112712002
1304109019,10/22/24,3.5,6.99,2,880112712002
1304109019,10/23/24,3.5,6.99,2,880112712002
1304109019,10/24/24,3.5,6.99,1,880112712002
1304109019,10/25/24,3.5,4.49,4,880112712002
1304109019,10/28/24,3.5,4.49,1,880112712002
1304109019,10/29/24,3.5,4.49,3,880112712002
1304109019,10/31/24,3.5,4.99,6,880112712002
1304109019,11/04/24,3.5,4.99,2,880112712002
1304109019,11/05/24,3.5,6.29,1,880112712002
1304109019,11/06/24,3.5,6.99,1,880112712002
1304109019,11/07/24,3.5,6.99,3,880112712002
1304109019,11/15/24,3.5,6.29,2,880112712002
1304109019,11/21/24,3.5,6.99,1,880112712002
1304110064,03/15/24,7.6,10.39,5,64517548040
1304110064,03/16/24,7.6,9.99,3,64517548040
1304110064,03/20/24,7.6,9.99,2,64517548040
1304110064,03/27/24,7.6,9.49,5,64517548040
1304110064,03/29/24,7.6,9.32,3,64517548040
1304110064,03/30/24,7.6,10.79,2,64517548040
1304110064,04/01/24,7.6,11.99,1,64517548040
1304110064,04/02/24,7.6,11.99,1,64517548040
1304110064,04/04/24,7.6,11.99,1,64517548040
1304110064,04/08/24,7.6,11.99,2,64517548040
1304110064,04/10/24,7.6,11.99,1,64517548040
1304110064,04/11/24,7.6,11.99,2,64517548040
1304110064,04/18/24,7.2,11.99,2,64517548040
1304110064,04/20/24,7.2,10.19,2,64517548040
1304110064,04/22/24,7.2,10.19,3,64517548040
1304110064,04/24/24,7.2,10.19,1,64517548040
1304110064,04/26/24,7.2,11.09,2,64517548040
1304110064,04/27/24,7.2,9.59,1,64517548040
1304110064,04/29/24,7.2,9.89,2,64517548040
1304110064,04/30/24,7.2,11.19,3,64517548040
1304110064,05/04/24,7.2,11.99,1,64517548040
1304110064,05/06/24,7.2,9.99,3,64517548040
1304110064,05/08/24,7.2,10.19,2,64517548040
1304110064,05/09/24,7.2,10.19,3,64517548040
1304110064,05/13/24,7.2,10.19,1,64517548040
1304110064,05/14/24,7.2,9.59,1,64517548040
1304110064,05/15/24,7.2,9.59,2,64517548040
1304110064,05/17/24,7.2,9.59,1,64517548040
1304110064,05/21/24,7.2,11.99,2,64517548040
1304110064,05/22/24,7.2,11.09,3,64517548040
1304110064,05/24/24,7.2,11.39,2,64517548040
1304110064,05/28/24,7.2,10.79,1,64517548040
1304110064,05/29/24,7.2,11.99,1,64517548040
1304110064,05/30/24,7.2,11.99,1,64517548040
1304110064,05/31/24,7.2,11.99,2,64517548040
1304110064,06/01/24,7.2,10.79,1,64517548040
1304110064,06/03/24,7.2,11.19,6,64517548040
1304110064,06/07/24,7.2,11.99,3,64517548040
1304110064,06/08/24,7.2,11.99,3,64517548040
1304110064,06/13/24,7.2,10.19,1,64517548040
1304110064,06/18/24,7.6,11.39,4,64517548040
1304110064,06/24/24,7.6,11.99,1,64517548040
1304110064,06/25/24,7.6,10.79,1,64517548040
1304110064,06/26/24,7.6,11.99,2,64517548040
1304110064,06/27/24,7.6,11.99,4,64517548040
1304110064,07/01/24,7.6,11.99,1,64517548040
1304110064,07/02/24,7.6,10.19,1,64517548040
1304110064,07/06/24,7.6,10.19,2,64517548040
1304110064,07/08/24,7.6,10.19,1,64517548040
1304110064,07/09/24,7.6,10.19,2,64517548040
1304110064,07/12/24,7.6,10.79,1,64517548040
1304110064,07/18/24,7.6,11.99,1,64517548040
1304110064,07/22/24,7.6,11.99,2,64517548040
1304110064,07/24/24,7.6,9.59,3,64517548040
1304110064,07/25/24,7.6,11.99,1,64517548040
1304110064,07/29/24,7.6,11.99,3,64517548040
1304110064,07/30/24,7.6,9.71,1,64517548040
1304110064,07/31/24,7.6,9.71,1,64517548040
1304110064,08/01/24,7.6,11.99,1,64517548040
1304110064,08/02/24,7.8,10.79,2,64517548040
1304110064,08/03/24,8,10.79,1,64517548040
1304110064,08/05/24,8,10.79,1,64517548040
1304110064,08/08/24,8,11.99,2,64517548040
1304110064,08/10/24,8,11.99,1,64517548040
1304110064,08/12/24,8,9.71,1,64517548040
1304110064,08/13/24,8,10.79,1,64517548040
1304110064,08/14/24,8,11.99,1,64517548040
1304110064,08/16/24,8,11.99,1,64517548040
1304110064,08/17/24,8,11.99,1,64517548040
1304110064,08/19/24,8,10.19,1,64517548040
1304110064,08/22/24,7.2,10.19,2,64517548040
1304110064,08/23/24,7.2,10.19,1,64517548040
1304110064,08/24/24,7.2,10.19,2,64517548040
1304110064,08/26/24,7.2,10.19,1,64517548040
1304110064,08/27/24,7.2,11.99,3,64517548040
1304110064,08/28/24,7.2,9.59,1,64517548040
1304110064,08/29/24,7.2,11.29,15,64517548040
1304110064,08/30/24,7.2,9.99,4,64517548040
1304110064,08/31/24,7.2,10.79,7,64517548040
1304110064,09/03/24,7.2,10.19,1,64517548040
1304110064,09/05/24,7.2,11.99,1,64517548040
1304110064,09/06/24,7.2,11.99,1,64517548040
1304110064,09/07/24,7.2,10.19,3,64517548040
1304110064,09/08/24,7.2,11.99,2,64517548040
1304110064,09/09/24,7.2,9.68,4,64517548040
1304110064,09/14/24,7.2,9.71,1,64517548040
1304110064,09/16/24,7.2,11.39,5,64517548040
1304110064,09/17/24,7.2,10.79,1,64517548040
1304110064,09/18/24,7.2,10.79,3,64517548040
1304110064,09/19/24,7.2,11.69,4,64517548040
1304110064,09/23/24,7.2,12.17,6,64517548040
1304110064,09/26/24,7.2,12.34,2,64517548040
1304110064,10/01/24,7.6,11.72,5,64517548040
1304110064,10/02/24,7.6,11.69,1,64517548040
1304110064,10/03/24,7.6,10.52,1,64517548040
1304110064,10/07/24,7.6,10.79,2,64517548040
1304110064,10/08/24,7.6,11.49,3,64517548040
1304110064,10/10/24,7.6,11.69,10,64517548040
1304110064,10/15/24,7.6,10.19,2,64517548040
1304110064,10/16/24,7.6,11.99,2,64517548040
1304110064,10/17/24,7.6,11.99,1,64517548040
1304110064,10/18/24,7.6,11.99,1,64517548040
1304110064,10/19/24,7.6,10.79,11,64517548040
1304110064,10/22/24,7.6,11.99,1,64517548040
1304110064,10/23/24,7.6,11.99,2,64517548040
1304110064,10/24/24,7.6,12.99,1,64517548040
1304110064,10/29/24,7.6,11.99,3,64517548040
1304110064,10/30/24,7.6,11.99,2,64517548040
1304110064,11/01/24,7.6,11.99,1,64517548040
1304110064,11/02/24,7.6,11.39,2,64517548040
1304110064,11/04/24,7.6,10.79,1,64517548040
1304110064,11/05/24,7.6,10.79,1,64517548040
1304110064,11/07/24,7.6,11.99,2,64517548040
1304110064,11/09/24,7.6,11.99,10,64517548040
1304110064,11/12/24,7.6,10.79,1,64517548040
1304110064,11/14/24,7.6,11.99,2,64517548040
1304110064,11/15/24,7.6,11.99,1,64517548040
1304110064,11/20/24,7.6,11.99,3,64517548040
