HSERVICE_ITEM.csv
ItemCode  ,Date                      ,Average_Cost,Average_Sales_Price,Total_Sales_Quantity,UPC          
1305304024,03/14/24,2.44,3.49,4,7488003071
1305304024,03/15/24,2.44,3.49,2,7488003071
1305304024,03/16/24,2.44,3.49,3,7488003071
1305304024,03/18/24,2.44,3.37,7,7488003071
1305304024,03/19/24,2.44,3.49,10,7488003071
1305304024,03/20/24,2.43,3.49,5,7488003071
1305304024,03/21/24,2.43,3.49,2,7488003071
1305304024,03/22/24,2.43,3.37,6,7488003071
1305304024,03/27/24,2.43,3.32,17,7488003071
1305304024,03/28/24,2.43,3.49,2,7488003071
1305304024,03/30/24,2.462,3.21,9,7488003071
1305304024,04/01/24,2.53,3.32,2,7488003071
1305304024,04/02/24,2.53,3.43,10,7488003071
1305304024,04/04/24,2.53,3.49,9,7488003071
1305304024,04/05/24,2.53,3.62,10,7488003071
1305304024,04/08/24,2.5305,3.48,12,7488003071
1305304024,04/09/24,2.518537,3.54,15,7488003071
1305304024,04/12/24,2.43,4.49,1,7488003071
1305304024,04/15/24,2.53,4.99,1,7488003071
1305304024,04/16/24,2.53,4.99,2,7488003071
1305304024,04/19/24,2.53,4.49,2,7488003071
1305304024,04/20/24,2.53,4.41,6,7488003071
1305304024,04/22/24,2.53,4.49,3,7488003071
1305304024,04/23/24,2.53,3.99,3,7488003071
1305304024,04/24/24,2.53,4.12,3,7488003071
1305304024,04/25/24,2.53,4.99,2,7488003071
1305304024,04/27/24,2.53,3.99,1,7488003071
1305304024,04/29/24,2.53,4.24,1,7488003071
1305304024,05/01/24,2.53,4.99,1,7488003071
1305304024,05/02/24,2.53,4.99,3,7488003071
1305304024,05/06/24,2.53,4.24,2,7488003071
1305304024,05/07/24,2.5325,4.99,4,7488003071
1305304024,05/09/24,2.53,4.24,1,7488003071
1305304024,05/10/24,2.53,4.24,1,7488003071
1305304024,05/11/24,2.53,4.24,2,7488003071
1305304024,05/13/24,2.53,4.24,1,7488003071
1305304024,05/14/24,2.53,4.99,1,7488003071
1305304024,05/15/24,2.53,3.99,1,7488003071
1305304024,05/16/24,2.53,4.49,4,7488003071
1305304024,05/17/24,2.53,3.99,1,7488003071
1305304024,05/18/24,2.53,4.99,2,7488003071
1305304024,05/20/24,2.533333,4.74,6,7488003071
1305304024,05/21/24,2.53,4.99,1,7488003071
1305304024,05/22/24,2.535,4.99,2,7488003071
1305304024,05/24/24,2.53,3.99,1,7488003071
1305304024,05/25/24,2.53,4.49,1,7488003071
1305304024,05/27/24,2.533333,4.49,4,7488003071
1305304024,05/29/24,2.53,4.74,2,7488003071
1305304024,05/30/24,2.53,4.74,2,7488003071
1305304024,06/01/24,2.53,4.74,3,7488003071
1305304024,06/04/24,2.4925,4.87,4,7488003071
1305304024,06/06/24,2.48,4.99,3,7488003071
1305304024,06/11/24,2.48,3.82,2,7488003071
1305304024,06/12/24,2.48,4.24,1,7488003071
1305304024,06/13/24,2.48,4.99,1,7488003071
1305304024,06/17/24,2.48,4.74,3,7488003071
1305304024,06/18/24,2.48,4.99,3,7488003071
1305304024,06/19/24,2.48,4.99,3,7488003071
1305304024,06/22/24,2.48,3.14,7,7488003071
1305304024,06/24/24,2.48,3.29,11,7488003071
1305304024,06/25/24,2.48,3.33,12,7488003071
1305304024,06/27/24,2.49275,3.23,14,7488003071
1305304024,06/28/24,2.53,3.14,4,7488003071
1305304024,06/29/24,2.53,3.23,2,7488003071
1305304024,07/01/24,2.53,3.07,7,7488003071
1305304024,07/02/24,2.530185,3.04,21,7488003071
1305304024,07/03/24,2.513333,3.13,16,7488003071
1305304024,07/05/24,2.53,2.97,3,7488003071
1305304024,07/06/24,2.53,3.03,15,7488003071
1305304024,07/08/24,2.53,4.24,1,7488003071
1305304024,07/09/24,2.53,4.99,2,7488003071
1305304024,07/10/24,2.53,4.99,1,7488003071
1305304024,07/11/24,2.53,4.99,3,7488003071
1305304024,07/12/24,2.53,4.99,3,7488003071
1305304024,07/13/24,2.531,4.62,19,7488003071
1305304024,07/16/24,2.53,4.49,1,7488003071
1305304024,07/17/24,2.53,3.99,2,7488003071
1305304024,07/23/24,2.486,3.61,14,7488003071
1305304024,07/24/24,2.213325,2.79,8,7488003071
1305304024,07/25/24,2.211216,3.14,12,7488003071
1305304024,07/26/24,2.213236,2.85,28,7488003071
1305304024,07/27/24,2.21066,3.42,7,7488003071
1305304024,07/29/24,2.211875,3.15,9,7488003071
1305304024,07/30/24,2.213976,3.30,28,7488003071
1305304024,07/31/24,2.2175,3.69,6,7488003071
1305304024,08/01/24,2.215,3.49,8,7488003071
1305304024,08/02/24,2.215,3.14,4,7488003071
1305304024,08/03/24,2.215,4.82,4,7488003071
1305304024,08/05/24,2.215833,4.00,7,7488003071
1305304024,08/06/24,2.21,4.49,1,7488003071
1305304024,08/07/24,2.215,4.74,2,7488003071
1305304024,08/08/24,2.215,4.40,4,7488003071
1305304024,08/09/24,2.213,4.35,8,7488003071
1305304024,08/10/24,2.215,4.74,2,7488003071
1305304024,08/12/24,2.22,4.99,1,7488003071
1305304024,08/13/24,2.215,4.24,2,7488003071
1305304024,08/14/24,2.21,4.99,1,7488003071
1305304024,08/16/24,2.215,4.99,2,7488003071
1305304024,08/19/24,2.21625,4.18,5,7488003071
1305304024,08/20/24,2.215,4.49,2,7488003071
1305304024,08/21/24,2.21,4.99,1,7488003071
1305304024,08/22/24,2.215,4.99,2,7488003071
1305304024,08/23/24,2.22,4.99,1,7488003071
1305304024,08/24/24,2.21,4.99,1,7488003071
1305304024,08/26/24,2.22,4.99,1,7488003071
1305304024,08/27/24,2.215,4.66,6,7488003071
1305304024,08/28/24,2.21,4.99,1,7488003071
1305304024,08/29/24,2.22,3.99,1,7488003071
1305304024,08/30/24,2.214433,4.07,7,7488003071
1305304024,08/31/24,2.216666,4.16,5,7488003071
1305304024,09/02/24,2.37,3.48,2,7488003071
1305304024,09/03/24,2.53,3.33,6,7488003071
1305304024,09/04/24,2.53,3.10,8,7488003071
1305304024,09/05/24,2.53,3.26,14,7488003071
1305304024,09/06/24,2.53,3.14,7,7488003071
1305304024,09/07/24,2.530866,3.11,41,7488003071
1305304024,09/08/24,2.53,2.82,4,7488003071
1305304024,09/09/24,2.53,3.23,9,7488003071
1305304024,09/10/24,2.53,3.32,10,7488003071
1305304024,09/11/24,2.53,3.11,10,7488003071
1305304024,09/12/24,2.53,3.49,3,7488003071
1305304024,09/13/24,2.53,3.15,5,7488003071
1305304024,09/14/24,2.53,3.60,4,7488003071
1305304024,09/16/24,2.53,3.82,10,7488003071
1305304024,09/17/24,2.53,4.07,6,7488003071
1305304024,09/18/24,2.53,4.82,5,7488003071
1305304024,09/19/24,2.53,4.74,2,7488003071
1305304024,09/23/24,2.53,4.49,2,7488003071
1305304024,09/24/24,2.53,4.74,2,7488003071
1305304024,09/26/24,2.53,4.99,2,7488003071
1305304024,09/27/24,2.53,4.27,2,7488003071
1305304024,09/28/24,2.53,3.14,2,7488003071
1305304024,09/30/24,2.53,3.32,7,7488003071
1305304024,10/01/24,2.532,3.16,7,7488003071
1305304024,10/02/24,2.5325,3.23,7,7488003071
1305304024,10/03/24,2.531666,3.26,8,7488003071
1305304024,10/04/24,2.530125,3.11,23,7488003071
1305304024,10/05/24,2.53,3.49,4,7488003071
1305304024,10/07/24,2.53,3.20,7,7488003071
1305304024,10/08/24,2.53033,3.30,13,7488003071
1305304024,10/09/24,2.530666,3.38,16,7488003071
1305304024,10/10/24,2.53,3.02,22,7488003071
1305304024,10/11/24,2.53,3.27,5,7488003071
1305304024,10/12/24,2.53,3.49,1,7488003071
1305304024,10/14/24,2.53,3.14,6,7488003071
1305304024,10/15/24,2.53,3.25,10,7488003071
1305304024,10/16/24,2.53,3.49,2,7488003071
1305304024,10/17/24,2.53,3.16,4,7488003071
1305304024,10/18/24,2.53,3.14,2,7488003071
1305304024,10/19/24,2.53,3.20,5,7488003071
1305304024,10/21/24,2.53,3.14,3,7488003071
1305304024,10/22/24,2.53,3.14,6,7488003071
1305304024,10/23/24,2.53,3.49,5,7488003071
1305304024,10/24/24,2.53,3.49,3,7488003071
1305304024,10/25/24,2.53,3.59,1,7488003071
1305304024,10/26/24,2.53,3.59,3,7488003071
1305304024,10/28/24,2.5311,4.32,5,7488003071
1305304024,10/29/24,2.530714,3.90,8,7488003071
1305304024,10/30/24,2.531111,3.90,11,7488003071
1305304024,10/31/24,2.53,3.57,2,7488003071
1305304024,11/01/24,2.535,3.79,2,7488003071
1305304024,11/02/24,2.533333,3.86,3,7488003071
1305304024,11/04/24,2.53125,3.88,14,7488003071
1305304024,11/05/24,2.53,3.83,9,7488003071
1305304024,11/06/24,2.53,3.89,6,7488003071
1305304024,11/07/24,2.53,4.06,7,7488003071
1305304024,11/08/24,2.53,3.86,5,7488003071
1305304024,11/09/24,2.53,4.29,2,7488003071
1305304024,11/11/24,2.53,4.39,4,7488003071
1305304024,11/13/24,2.53,4.99,2,7488003071
1305304024,11/14/24,2.53,4.99,4,7488003071
1305304024,11/15/24,2.53,4.74,2,7488003071
1305304024,11/18/24,2.53,4.99,2,7488003071
1305304024,11/19/24,2.53,4.74,5,7488003071
1305304024,11/20/24,2.53,4.99,3,7488003071
1305304024,11/21/24,2.53,4.99,1,7488003071
1306101025,03/16/24,5.05,9.99,1,880105243502
1306101025,03/18/24,5.05,9.99,1,880105243502
1306101025,03/19/24,5.05,9.99,2,880105243502
1306101025,03/27/24,5.05,9.99,1,880105243502
1306101025,03/28/24,5.05,9.99,1,880105243502
1306101025,03/30/24,5.05,7.59,3,880105243502
1306101025,04/01/24,5.05,7.59,3,880105243502
1306101025,04/02/24,5.05,7.99,1,880105243502
1306101025,04/04/24,5.05,7.99,1,880105243502
1306101025,04/05/24,5.05,7.59,2,880105243502
1306101025,04/08/24,5.05,7.19,2,880105243502
1306101025,04/09/24,5.05,7.99,4,880105243502
1306101025,04/10/24,5.05,7.99,2,880105243502
1306101025,04/11/24,5.05,7.99,2,880105243502
1306101025,04/12/24,5.05,7.32,9,880105243502
1306101025,04/13/24,5.05,8.39,3,880105243502
1306101025,04/15/24,5.05,8.99,1,880105243502
1306101025,04/16/24,5.05,7.99,1,880105243502
1306101025,04/18/24,5.045,7.99,2,880105243502
1306101025,04/19/24,5.045,8.24,2,880105243502
1306101025,04/22/24,5.04,8.49,1,880105243502
1306101025,04/23/24,5.05,9.99,1,880105243502
1306101025,04/24/24,5.04,8.49,1,880105243502
1306101025,04/25/24,5.05,8.49,1,880105243502
1306101025,04/30/24,5.04,8.49,1,880105243502
1306101025,05/06/24,5.045,9.24,2,880105243502
1306101025,05/07/24,5.045,9.24,2,880105243502
1306101025,05/08/24,5.05,9.99,1,880105243502
1306101025,05/09/24,5.04,8.49,1,880105243502
1306101025,05/11/24,5.05,6.79,1,880105243502
1306101025,05/13/24,5.044,6.95,5,880105243502
1306101025,05/14/24,5.0475,6.69,4,880105243502
1306101025,05/15/24,5.046666,8.16,3,880105243502
1306101025,05/16/24,5.043333,7.59,3,880105243502
1306101025,05/17/24,5.046,7.53,5,880105243502
1306101025,05/18/24,5.04,6.79,1,880105243502
1306101025,05/20/24,5.045833,7.79,7,880105243502
1306101025,05/21/24,5.045,7.30,10,880105243502
1306101025,05/22/24,5.045,7.19,2,880105243502
1306101025,05/23/24,5.04,7.99,1,880105243502
1306101025,05/25/24,5.047,8.07,6,880105243502
1306101025,05/27/24,5.0475,7.59,3,880105243502
1306101025,05/28/24,5.0425,8.59,3,880105243502
1306101025,05/29/24,5.046666,7.86,6,880105243502
1306101025,05/30/24,5.04,8.99,1,880105243502
1306101025,05/31/24,5.045,7.93,8,880105243502
1306101025,06/01/24,5.0475,7.59,5,880105243502
1306101025,06/03/24,5.043333,8.39,3,880105243502
1306101025,06/04/24,5.04625,7.64,10,880105243502
1306101025,06/05/24,5.045,7.39,4,880105243502
1306101025,06/06/24,5.045,7.99,2,880105243502
1306101025,06/07/24,5.045,7.59,2,880105243502
1306101025,06/08/24,5.045,7.19,2,880105243502
1306101025,06/10/24,5.04375,8.37,5,880105243502
1306101025,06/11/24,5.045,8.07,2,880105243502
1306101025,06/12/24,5.045,7.64,2,880105243502
1306101025,06/15/24,5.045,8.99,2,880105243502
1306101025,06/17/24,5.05,8.99,1,880105243502
1306101025,06/18/24,5.045,9.49,2,880105243502
1306101025,06/19/24,5.045,9.99,2,880105243502
1306101025,06/20/24,5.04,9.99,1,880105243502
1306101025,06/22/24,5.05,8.09,2,880105243502
1306101025,06/24/24,5.0475,7.59,3,880105243502
1306101025,06/25/24,5.048636,7.52,14,880105243502
1306101025,06/26/24,5.045,7.79,4,880105243502
1306101025,06/27/24,5.043333,7.46,3,880105243502
1306101025,06/28/24,5.045,6.79,4,880105243502
1306101025,06/29/24,5.045,6.79,4,880105243502
1306101025,07/01/24,5.045,7.03,8,880105243502
1306101025,07/02/24,5.044444,7.19,9,880105243502
1306101025,07/03/24,5.045,6.79,12,880105243502
1306101025,07/05/24,5.0455,7.03,11,880105243502
1306101025,07/06/24,5.044869,7.11,15,880105243502
1306101025,07/08/24,5.0475,6.79,3,880105243502
1306101025,07/09/24,5.04,8.49,1,880105243502
1306101025,07/10/24,5.05,9.99,1,880105243502
1306101025,07/11/24,5.045,8.99,2,880105243502
1306101025,07/12/24,5.05,8.99,1,880105243502
1306101025,07/15/24,5.04,8.99,1,880105243502
1306101025,07/17/24,5.05,7.99,1,880105243502
1306101025,07/23/24,5.04,7.99,1,880105243502
1306101025,07/26/24,5.045,7.99,2,880105243502
1306101025,07/27/24,5.045,9.99,4,880105243502
1306101025,07/29/24,5.05,8.99,1,880105243502
1306101025,08/01/24,5.043333,9.99,3,880105243502
1306101025,08/02/24,5.05,8.99,1,880105243502
1306101025,08/05/24,5.06,8.99,2,880105243502
1306101025,08/08/24,5.06,9.99,1,880105243502
1306101025,08/13/24,5.06,8.99,1,880105243502
1306101025,08/15/24,5.065,8.99,2,880105243502
1306101025,08/17/24,5.07,7.99,1,880105243502
1306101025,08/19/24,5.064166,8.49,9,880105243502
1306101025,08/20/24,5.07,6.79,1,880105243502
1306101025,08/21/24,5.065,6.79,2,880105243502
1306101025,08/22/24,5.07,6.39,1,880105243502
1306101025,08/23/24,5.061023,7.13,17,880105243502
1306101025,08/24/24,5.06375,6.99,7,880105243502
1306101025,08/26/24,5.065566,6.79,5,880105243502
1306101025,08/27/24,5.065,6.95,6,880105243502
1306101025,08/28/24,5.065,6.59,2,880105243502
1306101025,09/03/24,5.06,6.79,1,880105243502
1306101025,09/13/24,5.065,6.39,2,880105243502
1306101025,09/27/24,5.06,6.55,4,880105243502
1306101025,09/28/24,5.08,5.66,3,880105243502
1306101025,10/01/24,5.08,6.99,1,880105243502
1306101025,10/02/24,5.08,6.29,1,880105243502
1306101025,10/03/24,5.0867,6.29,3,880105243502
1306101025,10/10/24,4.84,10.99,2,880105243502
1306101025,10/12/24,4.6,9.34,1,880105243502
1306101025,10/15/24,4.6,9.89,3,880105243502
1306101025,10/21/24,4.6,9.89,1,880105243502
1306101025,10/22/24,4.61,10.99,1,880105243502
1306101025,11/01/24,4.605,10.99,2,880105243502
1306101025,11/05/24,4.6,10.99,1,880105243502
1306101025,11/06/24,4.6,9.89,1,880105243502
1306101025,11/07/24,4.6,10.99,1,880105243502
1306101025,11/11/24,4.6,10.99,1,880105243502
1306101025,11/12/24,4.6033,10.99,3,880105243502
1306101025,11/13/24,4.6,10.99,1,880105243502
1306101025,11/14/24,4.6,10.99,1,880105243502
1306101025,11/15/24,4.6,10.99,1,880105243502
