HSERVICE_ITEM.csv
ItemCode  ,Date                      ,Average_Cost,Average_Sales_Price,Total_Sales_Quantity,UPC          
1307106063,03/14/24,6.75,9.99,3,64517544040
1307106063,03/15/24,6.75,9.66,3,64517544040
1307106063,03/16/24,6.75,9.99,2,64517544040
1307106063,03/18/24,6.75,9.99,3,64517544040
1307106063,03/19/24,6.75,9.99,6,64517544040
1307106063,03/20/24,6.75,9.99,1,64517544040
1307106063,03/21/24,6.75,9.99,4,64517544040
1307106063,03/22/24,6.75,9.66,3,64517544040
1307106063,03/27/24,6.75,9.37,8,64517544040
1307106063,03/29/24,6.75,9.99,1,64517544040
1307106063,03/30/24,6.75,10.19,3,64517544040
1307106063,04/01/24,6.75,11.39,2,64517544040
1307106063,04/02/24,6.75,10.99,3,64517544040
1307106063,04/04/24,6.75,11.99,4,64517544040
1307106063,04/05/24,6.75,11.99,1,64517544040
1307106063,04/09/24,6.75,11.99,2,64517544040
1307106063,04/10/24,6.75,11.99,2,64517544040
1307106063,04/12/24,6.75,11.39,2,64517544040
1307106063,04/13/24,6.75,10.79,2,64517544040
1307106063,04/15/24,6.75,11.99,1,64517544040
1307106063,04/16/24,6.75,11.99,3,64517544040
1307106063,04/17/24,6.75,11.99,1,64517544040
1307106063,04/19/24,6.75,11.99,3,64517544040
1307106063,04/22/24,6.75,10.79,2,64517544040
1307106063,04/23/24,6.75,11.99,1,64517544040
1307106063,04/24/24,6.75,10.19,1,64517544040
1307106063,04/25/24,6.75,11.99,1,64517544040
1307106063,04/29/24,6.75,11.99,1,64517544040
1307106063,04/30/24,6.75,11.99,1,64517544040
1307106063,05/02/24,6.75,10.19,1,64517544040
1307106063,05/03/24,6.75,11.99,1,64517544040
1307106063,05/06/24,6.75,11.39,3,64517544040
1307106063,05/07/24,6.75,11.99,2,64517544040
1307106063,05/08/24,6.75,11.99,1,64517544040
1307106063,05/09/24,6.75,10.79,2,64517544040
1307106063,05/10/24,6.75,11.99,2,64517544040
1307106063,05/13/24,6.75,11.99,1,64517544040
1307106063,05/14/24,6.75,11.09,3,64517544040
1307106063,05/16/24,6.75,11.99,2,64517544040
1307106063,05/17/24,6.75,11.99,4,64517544040
1307106063,05/20/24,6.75,10.19,1,64517544040
1307106063,05/21/24,6.75,10.34,4,64517544040
1307106063,05/22/24,6.75,11.99,1,64517544040
1307106063,05/23/24,6.75,11.99,2,64517544040
1307106063,05/24/24,6.75,11.99,1,64517544040
1307106063,05/29/24,6.75,11.99,1,64517544040
1307106063,05/30/24,6.75,11.99,2,64517544040
1307106063,06/03/24,6.75,10.79,2,64517544040
1307106063,06/04/24,6.75,10.79,1,64517544040
1307106063,06/05/24,6.75,11.99,3,64517544040
1307106063,06/06/24,6.75,11.99,3,64517544040
1307106063,06/07/24,6.75,11.99,1,64517544040
1307106063,06/10/24,6.75,11.09,2,64517544040
1307106063,06/18/24,3.46,11.99,2,64517544040
1307106063,06/20/24,0.17,11.99,1,64517544040
1307106063,06/24/24,0.17,10.79,1,64517544040
1307106063,06/25/24,0.17,10.79,2,64517544040
1307106063,06/26/24,0.17,11.99,1,64517544040
1307106063,06/27/24,6.75,11.99,1,64517544040
1307106063,06/28/24,6.75,11.99,1,64517544040
1307106063,07/01/24,6.75,10.19,2,64517544040
1307106063,07/03/24,6.75,11.09,2,64517544040
1307106063,07/06/24,6.75,10.19,5,64517544040
1307106063,07/08/24,6.75,10.19,1,64517544040
1307106063,07/09/24,6.75,11.99,1,64517544040
1307106063,07/10/24,6.746666,10.79,3,64517544040
1307106063,07/11/24,6.75,11.99,1,64517544040
1307106063,07/16/24,6.75,11.99,1,64517544040
1307106063,08/29/24,6.74,11.99,1,64517544040
1307106063,09/02/24,7.1,11.99,1,64517544040
1307106063,09/03/24,7.1,11.99,1,64517544040
1307106063,09/05/24,7.1,11.99,2,64517544040
1307106063,09/09/24,7.1,11.99,1,64517544040
1307106063,09/10/24,7.1,11.99,1,64517544040
1307106063,09/11/24,7.1,11.75,5,64517544040
1307106063,09/14/24,7.1,11.19,4,64517544040
1307106063,09/17/24,7.1,10.79,3,64517544040
1307106063,09/19/24,7.1,11.99,1,64517544040
1307106063,09/21/24,7.1,12.59,1,64517544040
1307106063,09/24/24,7.1,12.59,1,64517544040
1307106063,09/25/24,7.1,11.99,1,64517544040
1307106063,10/01/24,7.1,13.29,2,64517544040
1307106063,10/03/24,7.1,13.32,3,64517544040
1307106063,10/04/24,7.1,11.12,6,64517544040
1307106063,10/07/24,7.1,11.99,1,64517544040
1307106063,10/08/24,7.1,10.79,1,64517544040
1307106063,10/09/24,6.866666,11.39,3,64517544040
1307106063,10/10/24,6.75,10.79,4,64517544040
1307106063,10/12/24,6.75,12.19,3,64517544040
1307106063,10/14/24,6.75,10.64,4,64517544040
1307106063,10/15/24,6.75,11.39,2,64517544040
1307106063,10/16/24,6.75,11.99,2,64517544040
1307106063,10/18/24,6.75,11.99,1,64517544040
1307106063,10/19/24,6.75,10.79,1,64517544040
1307106063,10/21/24,6.75,10.79,1,64517544040
1307106063,10/23/24,6.75,11.99,3,64517544040
1307106063,10/25/24,6.75,11.99,1,64517544040
1307106063,10/26/24,6.75,11.99,1,64517544040
1307106063,10/28/24,6.75,11.99,2,64517544040
1307106063,10/29/24,6.75,11.59,3,64517544040
1307106063,10/30/24,6.75,11.99,4,64517544040
1307106063,10/31/24,6.75,11.99,1,64517544040
1307106063,11/02/24,6.75,11.99,1,64517544040
1307106063,11/05/24,6.925,11.09,7,64517544040
1307106063,11/06/24,6.75,11.99,3,64517544040
1307106063,11/07/24,6.75,11.59,3,64517544040
1307106063,11/08/24,6.75,11.39,2,64517544040
1307106063,11/11/24,6.75,11.39,2,64517544040
1307106063,11/12/24,6.75,11.69,4,64517544040
1307106063,11/13/24,6.75,10.79,2,64517544040
1307106063,11/14/24,6.75,11.99,3,64517544040
1307106069,03/14/24,9.5,15.99,3,64517544054
1307106069,03/15/24,9.5,15.99,3,64517544054
1307106069,03/16/24,9.5,15.99,1,64517544054
1307106069,03/18/24,9.5,15.99,2,64517544054
1307106069,03/19/24,9.5,15.99,5,64517544054
1307106069,03/22/24,9.5,14.39,1,64517544054
1307106069,03/27/24,9.5,15.08,7,64517544054
1307106069,03/28/24,9.5,15.99,5,64517544054
1307106069,03/30/24,9.5,14.17,9,64517544054
1307106069,04/01/24,9.5,12.34,2,64517544054
1307106069,04/02/24,9.5,13.33,11,64517544054
1307106069,04/03/24,9.5,15.99,1,64517544054
1307106069,04/04/24,9.5,12.99,6,64517544054
1307106069,04/05/24,9.5,13.69,2,64517544054
1307106069,04/08/24,9.5,14.22,7,64517544054
1307106069,04/09/24,9.5,14.49,4,64517544054
1307106069,04/10/24,9.5,12.99,2,64517544054
1307106069,04/11/24,9.5,12.56,3,64517544054
1307106069,04/12/24,9.5,11.69,2,64517544054
1307106069,04/13/24,9.5,15.19,2,64517544054
1307106069,04/15/24,9.5,14.39,3,64517544054
1307106069,04/16/24,9.5,15.99,2,64517544054
1307106069,04/17/24,9.5,15.99,2,64517544054
1307106069,04/18/24,9.5,15.99,1,64517544054
1307106069,04/19/24,9.5,14.39,2,64517544054
1307106069,04/22/24,9.5,14.39,2,64517544054
1307106069,04/23/24,9.5,12.79,3,64517544054
1307106069,04/25/24,9.5,12.79,1,64517544054
1307106069,04/26/24,9.6,12.79,2,64517544054
1307106069,04/27/24,9.7,13.86,4,64517544054
1307106069,04/29/24,9.7,14.39,2,64517544054
1307106069,04/30/24,9.7,13.19,2,64517544054
1307106069,05/01/24,9.7,13.19,4,64517544054
1307106069,05/02/24,9.7,13.19,3,64517544054
1307106069,05/03/24,9.5,15.99,1,64517544054
1307106069,05/04/24,9.7,14.39,3,64517544054
1307106069,05/06/24,9.7,14.79,2,64517544054
1307106069,05/07/24,9.7,14.86,7,64517544054
1307106069,05/08/24,9.7,13.99,1,64517544054
1307106069,05/09/24,9.7,11.75,5,64517544054
1307106069,05/10/24,9.7,11.89,1,64517544054
1307106069,05/13/24,9.7,11.19,1,64517544054
1307106069,05/15/24,9.5,12.12,4,64517544054
1307106069,05/16/24,9.5,13.29,3,64517544054
1307106069,05/17/24,9.5,11.66,3,64517544054
1307106069,05/20/24,9.5,12.12,3,64517544054
1307106069,05/21/24,9.5,11.19,1,64517544054
1307106069,05/22/24,9.5,13.99,1,64517544054
1307106069,05/24/24,9.5,13.99,1,64517544054
1307106069,05/29/24,9.5,13.99,2,64517544054
1307106069,05/30/24,9.5,13.99,1,64517544054
1307106069,05/31/24,9.5,13.99,2,64517544054
1307106069,06/03/24,9.5,13.99,1,64517544054
1307106069,06/04/24,9.5,12.59,1,64517544054
1307106069,06/05/24,9.5,13.99,1,64517544054
1307106069,06/06/24,9.5,13.99,1,64517544054
1307106069,06/07/24,9.5,13.99,4,64517544054
1307106069,06/10/24,9.5,9.68,2,64517544054
1307106069,06/11/24,9.5,10.11,4,64517544054
1307106069,06/13/24,9.5,11.99,1,64517544054
1307106069,06/15/24,9.5,10.79,1,64517544054
1307106069,06/17/24,9.5,10.79,1,64517544054
1307106069,06/18/24,9.5,11.59,6,64517544054
1307106069,06/19/24,9.5,11.99,3,64517544054
1307106069,06/21/24,0.08,11.99,1,64517544054
1307106069,06/22/24,0.08,11.39,2,64517544054
1307106069,06/24/24,0.08,10.79,1,64517544054
1307106069,06/25/24,0.085,10.79,4,64517544054
1307106069,06/26/24,0.085,11.99,2,64517544054
1307106069,06/27/24,9.5,12.59,1,64517544054
1307106069,06/29/24,9.7,10.19,1,64517544054
1307106069,07/01/24,9.6,11.09,2,64517544054
1307106069,07/03/24,9.5,10.19,1,64517544054
1307106069,07/05/24,9.5,10.64,4,64517544054
1307106069,07/06/24,9.5,10.19,4,64517544054
1307106069,07/08/24,9.5,10.19,2,64517544054
1307106069,07/09/24,9.5,10.19,1,64517544054
1307106069,07/10/24,9.5,10.79,3,64517544054
1307106069,07/11/24,9.5,11.99,2,64517544054
1307106069,07/13/24,9.5,10.79,1,64517544054
1307106069,07/15/24,9.5,10.79,1,64517544054
1307106069,07/16/24,9.5,11.39,4,64517544054
1307106069,07/17/24,9.5,9.59,3,64517544054
1307106069,07/18/24,9.5,9.59,1,64517544054
1307106069,07/19/24,9.5,9.59,1,64517544054
1307106069,07/22/24,9.5,10.79,2,64517544054
1307106069,07/23/24,9.5,10.79,2,64517544054
1307106069,07/24/24,9.5,9.59,1,64517544054
1307106069,07/25/24,9.5,11.99,1,64517544054
1307106069,07/26/24,9.6,9.59,3,64517544054
1307106069,07/27/24,9.7,10.79,1,64517544054
1307106069,07/29/24,9.7,11.39,2,64517544054
1307106069,07/31/24,9.7,11.23,3,64517544054
1307106069,08/01/24,9.7,11.27,5,64517544054
1307106069,08/02/24,9.7,10.79,5,64517544054
1307106069,08/03/24,9.7,10.79,2,64517544054
1307106069,08/05/24,9.7,11.99,1,64517544054
1307106069,08/27/24,9.7,9.71,1,64517544054
1307106069,08/30/24,9.7,10.19,2,64517544054
1307106069,08/31/24,9.7,10.19,2,64517544054
1307106069,09/02/24,9.7,11.99,1,64517544054
1307106069,09/03/24,9.7,11.99,2,64517544054
1307106069,09/04/24,9.7,10.49,4,64517544054
1307106069,09/05/24,9.7,9.59,1,64517544054
1307106069,09/06/24,9.7,10.94,4,64517544054
1307106069,09/07/24,9.7,9.99,3,64517544054
1307106069,09/09/24,9.7,9.89,2,64517544054
1307106069,09/10/24,9.7,11.99,1,64517544054
1307106069,09/11/24,9.7,11.99,2,64517544054
1307106069,09/13/24,9.7,11.99,2,64517544054
1307106069,09/14/24,9.7,10.85,3,64517544054
1307106069,09/16/24,9.7,10.22,4,64517544054
1307106069,09/17/24,9.7,10.79,2,64517544054
1307106069,09/18/24,9.7,10.79,1,64517544054
1307106069,09/19/24,9.7,11.39,2,64517544054
1307106069,09/20/24,9.7,11.99,1,64517544054
1307106069,09/21/24,9.7,10.79,1,64517544054
1307106069,09/23/24,9.7,14.07,5,64517544054
1307106069,09/24/24,9.7,14.71,5,64517544054
1307106069,09/28/24,9.7,15.99,1,64517544054
1307106069,09/30/24,9.7,12.95,2,64517544054
1307106069,10/01/24,9.7,14.92,3,64517544054
1307106069,10/02/24,9.7,15.46,3,64517544054
1307106069,10/03/24,9.7,15.99,2,64517544054
1307106069,10/04/24,9.7,14.39,2,64517544054
1307106069,10/07/24,9.7,14.92,3,64517544054
1307106069,10/12/24,9.7,15.99,2,64517544054
1307106069,10/14/24,9.7,14.39,1,64517544054
1307106069,10/18/24,9.7,15.99,1,64517544054
1307106069,10/19/24,9.7,14.92,3,64517544054
1307106069,10/21/24,9.7,15.99,1,64517544054
1307106069,10/29/24,9.7,15.99,1,64517544054
1307106069,11/01/24,9.7,15.99,1,64517544054
1307106069,11/05/24,9.7,15.99,1,64517544054
1307106069,11/06/24,9.7,15.99,1,64517544054
1307106069,11/08/24,9.7,14.39,1,64517544054
1307106069,11/09/24,9.7,14.39,1,64517544054
1307106069,11/13/24,9.7,15.99,1,64517544054
1307106069,11/14/24,9.7,13.99,5,64517544054
1307106069,11/15/24,9.7,12.47,5,64517544054
1307106069,11/16/24,9.7,11.69,1,64517544054
1307106069,11/18/24,9.7,11.69,4,64517544054
1307106069,11/19/24,9.7,11.95,5,64517544054
1307106069,11/20/24,9.7,12.34,2,64517544054
1307106069,11/21/24,9.7,12.99,1,64517544054
1307402038,03/14/24,4.92,8.99,4,5056184632
1307402038,03/15/24,4.92,8.09,1,5056184632
1307402038,03/18/24,4.92,8.99,2,5056184632
1307402038,03/22/24,4.92,8.09,1,5056184632
1307402038,03/27/24,4.92,8.77,5,5056184632
1307402038,04/02/24,4.92,8.99,1,5056184632
1307402038,04/09/24,4.92,8.99,4,5056184632
1307402038,04/10/24,4.92,8.99,1,5056184632
1307402038,04/12/24,4.92,8.99,1,5056184632
1307402038,04/16/24,4.92,8.99,2,5056184632
1307402038,04/18/24,4.92,8.99,1,5056184632
1307402038,04/19/24,4.92,8.99,2,5056184632
1307402038,04/20/24,4.92,7.64,1,5056184632
1307402038,04/22/24,4.92,7.79,3,5056184632
1307402038,04/29/24,4.96,8.32,2,5056184632
1307402038,04/30/24,4.96,7.64,1,5056184632
1307402038,05/03/24,4.96,8.99,1,5056184632
1307402038,05/06/24,4.96,8.99,1,5056184632
1307402038,05/07/24,4.96,7.64,1,5056184632
1307402038,05/09/24,4.961666,7.49,4,5056184632
1307402038,05/10/24,4.965,8.99,2,5056184632
1307402038,05/17/24,4.96,7.19,1,5056184632
1307402038,05/20/24,4.96,7.19,1,5056184632
1307402038,05/21/24,4.96,8.65,5,5056184632
1307402038,05/22/24,4.96,8.99,1,5056184632
1307402038,05/23/24,5.25,8.99,1,5056184632
1307402038,05/25/24,5.25,7.19,3,5056184632
1307402038,05/30/24,5.25,8.99,1,5056184632
1307402038,06/05/24,5.25,8.99,1,5056184632
1307402038,06/10/24,5.25,5.74,6,5056184632
1307402038,06/11/24,5.25,5.35,1,5056184632
1307402038,06/12/24,5.25,5.74,3,5056184632
1307402038,06/18/24,5.25,6.99,1,5056184632
1307402038,06/19/24,5.25,6.99,3,5056184632
1307402038,06/20/24,5.25,6.99,1,5056184632
1307402038,06/21/24,5.25,6.29,2,5056184632
1307402038,06/22/24,5.25,6.64,2,5056184632
1307402038,06/24/24,5.25,6.99,3,5056184632
1307402038,06/25/24,5.25,6.99,2,5056184632
1307402038,06/26/24,5.25,6.99,2,5056184632
1307402038,06/28/24,5.25,6.47,2,5056184632
1307402038,06/29/24,5.25,5.94,2,5056184632
1307402038,07/01/24,5.25,5.94,1,5056184632
1307402038,07/02/24,5.25,6.47,7,5056184632
1307402038,07/03/24,5.25,6.99,1,5056184632
1307402038,07/05/24,5.25,6.99,1,5056184632
1307402038,07/08/24,5.25,6.99,1,5056184632
1307402038,07/09/24,5.25,6.47,4,5056184632
1307402038,07/10/24,5.25,6.15,6,5056184632
1307402038,07/11/24,5.25,6.99,3,5056184632
1307402038,07/12/24,5.25,6.64,2,5056184632
1307402038,07/13/24,5.25,6.52,4,5056184632
1307402038,07/15/24,5.25,6.29,1,5056184632
1307402038,07/16/24,5.25,6.29,4,5056184632
1307402038,07/17/24,5.25,5.59,6,5056184632
1307402038,07/18/24,5.25,6.06,3,5056184632
1307402038,07/19/24,5.25,6.29,1,5056184632
1307402038,07/20/24,5.25,5.59,4,5056184632
1307402038,07/22/24,5.375,5.94,3,5056184632
1307402038,07/23/24,5.5,5.87,6,5056184632
1307402038,07/24/24,5.416666,5.82,4,5056184632
1307402038,07/26/24,5.5,5.59,1,5056184632
1307402038,07/27/24,5.5,6.99,2,5056184632
1307402038,07/29/24,5.5,6.33,4,5056184632
1307402038,07/30/24,5.5,6.99,3,5056184632
1307402038,07/31/24,5.5,6.99,2,5056184632
1307402038,08/01/24,5.5,6.76,10,5056184632
1307402038,08/02/24,5.5,6.33,2,5056184632
1307402038,08/05/24,5.5,6.99,2,5056184632
1307402038,08/06/24,5.5,6.52,4,5056184632
1307402038,08/07/24,5.5,6.71,6,5056184632
1307402038,08/08/24,5.5,6.76,4,5056184632
1307402038,08/09/24,5.5,6.64,2,5056184632
1307402038,08/10/24,5.5,6.82,4,5056184632
1307402038,08/12/24,5.5,6.52,3,5056184632
1307402038,08/13/24,5.5,6.76,3,5056184632
1307402038,08/14/24,5.5,6.30,7,5056184632
1307402038,08/15/24,5.5,6.30,9,5056184632
1307402038,08/16/24,5.5,5.94,7,5056184632
1307402038,08/17/24,5.5,6.64,7,5056184632
1307402038,08/19/24,5.5,6.10,8,5056184632
1307402038,08/20/24,5.5,6.99,1,5056184632
1307402038,08/21/24,5.5,6.20,8,5056184632
1307402038,08/23/24,5.5,5.59,10,5056184632
1307402038,08/24/24,5.5,5.85,9,5056184632
1307402038,08/26/24,5.5,6.57,6,5056184632
1307402038,08/27/24,5.5,6.71,7,5056184632
1307402038,08/29/24,5.5,6.17,9,5056184632
1307402038,08/30/24,5.5,5.77,2,5056184632
1307402038,08/31/24,5.5,6.58,7,5056184632
1307402038,09/02/24,5.5,5.94,2,5056184632
1307402038,09/03/24,5.5,6.29,3,5056184632
1307402038,09/04/24,5.5,6.99,3,5056184632
1307402038,09/05/24,5.5,5.94,1,5056184632
1307402038,09/06/24,5.5,6.12,8,5056184632
1307402038,09/07/24,5.5,6.47,9,5056184632
1307402038,09/08/24,5.5,6.99,1,5056184632
1307402038,09/09/24,5.5,6.29,6,5056184632
1307402038,09/10/24,5.5,6.29,2,5056184632
1307402038,09/11/24,5.5,6.99,1,5056184632
1307402038,09/13/24,5.5,6.99,5,5056184632
1307402038,09/14/24,5.5,6.99,2,5056184632
1307402038,09/16/24,5.5,6.70,6,5056184632
1307402038,09/17/24,5.5,6.64,2,5056184632
1307402038,09/18/24,5.5,6.99,10,5056184632
1307402038,09/19/24,5.5,6.64,2,5056184632
1307402038,09/20/24,5.5,5.98,3,5056184632
1307402038,09/25/24,5.5,8.99,1,5056184632
1307402038,10/01/24,5.5,8.54,3,5056184632
1307402038,10/02/24,5.5,8.99,7,5056184632
1307402038,10/03/24,5.5,8.09,1,5056184632
1307402038,10/04/24,5.5,8.09,1,5056184632
1307402038,10/07/24,5.5,8.09,1,5056184632
1307402038,10/10/24,5.5,7.64,2,5056184632
1307402038,10/11/24,5.5,8.32,3,5056184632
1307402038,10/14/24,5.5,8.65,7,5056184632
1307402038,10/15/24,5.5,8.32,2,5056184632
1307402038,10/16/24,5.5,8.99,3,5056184632
1307402038,10/17/24,5.5,8.99,1,5056184632
1307402038,10/18/24,5.5,8.99,1,5056184632
1307402038,10/19/24,5.5,8.39,3,5056184632
1307402038,10/21/24,5.5,8.99,1,5056184632
1307402038,10/22/24,5.5,8.09,1,5056184632
1307402038,10/23/24,5.5,8.99,2,5056184632
1307402038,10/25/24,5.5,8.54,3,5056184632
1307402038,10/29/24,5.5,9.66,6,5056184632
1307402038,10/30/24,5.5,9.99,3,5056184632
1307402038,11/01/24,5.5,8.99,1,5056184632
1307402038,11/05/24,5.5,9.99,1,5056184632
1307402038,11/06/24,5.5,9.99,1,5056184632
1307402038,11/09/24,5.5,8.09,1,5056184632
1307402038,11/11/24,5.5,8.09,1,5056184632
1307402038,11/13/24,5.5,8.99,1,5056184632
1307402038,11/14/24,5.5,8.99,1,5056184632
1307402038,11/15/24,5.5,9.99,1,5056184632
1307402038,11/18/24,5.5,8.99,6,5056184632
1307402038,11/19/24,5.5,8.09,1,5056184632
