HSERVICE_ITEM.csv
ItemCode  ,Date                      ,Average_Cost,Average_Sales_Price,Total_Sales_Quantity,UPC          
1307601044,03/14/24,10.5,20.99,1,80717611101
1307601044,04/12/24,10.5,19.94,2,80717611101
1307601044,04/13/24,10.5,18.89,1,80717611101
1307601044,05/08/24,10.5,20.99,1,80717611101
1307601044,05/10/24,10.5,17.84,1,80717611101
1307601044,05/13/24,10.5,10.39,1,80717611101
1307601044,05/15/24,10.5,10.72,2,80717611101
1307601044,05/16/24,10.5,12.99,3,80717611101
1307601044,05/17/24,10.5,10.39,3,80717611101
1307601044,05/20/24,10.5,10.39,1,80717611101
1307601044,05/23/24,10.5,12.99,1,80717611101
1307601044,05/24/24,10.5,11.69,2,80717611101
1307601044,05/25/24,10.5,11.69,2,80717611101
1307601044,05/27/24,10.5,11.69,2,80717611101
1307601044,05/29/24,10.5,12.99,1,80717611101
1307601044,05/31/24,10.5,12.99,3,80717611101
1307601044,06/01/24,10.5,12.99,1,80717611101
1307601044,06/06/24,10.5,20.99,1,80717611101
1307601044,06/07/24,10.5,20.99,1,80717611101
1307601044,06/11/24,10.5,16.06,1,80717611101
1307601044,06/12/24,10.5,17.84,1,80717611101
1307601044,06/15/24,10.5,20.99,1,80717611101
1307601044,06/18/24,10.5,20.99,1,80717611101
1307601044,06/22/24,10.5,15.29,1,80717611101
1307601044,06/24/24,10.5,15.29,1,80717611101
1307601044,06/25/24,0.1,15.29,1,80717611101
1307601044,06/26/24,0.1,16.99,1,80717611101
1307601044,06/27/24,12,16.99,1,80717611101
1307601044,06/28/24,12,15.29,3,80717611101
1307601044,07/01/24,12,15.72,2,80717611101
1307601044,07/02/24,10.5,16.99,3,80717611101
1307601044,07/03/24,10.5,14.44,1,80717611101
1307601044,07/06/24,10.5,14.44,2,80717611101
1307601044,07/08/24,10.5,15.29,4,80717611101
1307601044,07/09/24,11.5,20.99,5,80717611101
1307601044,07/11/24,11.75,18.99,2,80717611101
1307601044,07/12/24,11.5,20.99,4,80717611101
1307601044,07/15/24,11.5,18.89,1,80717611101
1307601044,07/16/24,11.5,20.99,1,80717611101
1307601044,07/25/24,12,15.29,2,80717611101
1307601044,07/26/24,12,15.29,2,80717611101
1307601044,07/29/24,12,16.99,2,80717611101
1307601044,07/31/24,12,16.99,1,80717611101
1307601044,08/01/24,11.75,16.99,2,80717611101
1307601044,08/02/24,11.5,13.76,1,80717611101
1307601044,08/10/24,11.5,20.99,2,80717611101
1307601044,08/14/24,11.5,20.99,10,80717611101
1307601044,08/15/24,11.5,17.84,1,80717611101
1307601044,08/22/24,11.5,20.99,1,80717611101
1307601044,08/29/24,11.5,14.99,6,80717611101
1307601044,08/31/24,11.5,12.74,3,80717611101
1307601044,09/03/24,11.5,14.99,1,80717611101
1307601044,09/04/24,11.5,11.99,1,80717611101
1307601044,09/06/24,11.5,12.74,2,80717611101
1307601044,09/07/24,11.5,13.30,5,80717611101
1307601044,09/09/24,11.5,11.99,1,80717611101
1307601044,09/10/24,11.5,14.24,3,80717611101
1307601044,09/11/24,11.5,12.14,2,80717611101
1307601044,09/12/24,11.5,18.89,1,80717611101
1307601044,09/13/24,11.5,20.99,1,80717611101
1307601044,09/16/24,11.5,20.99,2,80717611101
1307601044,09/18/24,11.5,20.99,1,80717611101
1307601044,09/19/24,11.5,20.99,2,80717611101
1307601044,09/20/24,11.5,13.49,1,80717611101
1307601044,09/23/24,11,18.89,4,80717611101
1307601044,09/25/24,10.5,10.44,11,80717611101
1307601044,09/26/24,10.5,9.89,2,80717611101
1307601044,09/27/24,10.5,9.93,10,80717611101
1307601044,09/30/24,10.5,15.38,3,80717611101
1307601044,10/01/24,10.5,16.79,3,80717611101
1307601044,10/03/24,10.5,16.25,3,80717611101
1307601044,10/05/24,10.5,16.19,2,80717611101
1307601044,10/09/24,10.5,15.29,1,80717611101
1307601044,10/10/24,10.5,17.99,5,80717611101
1307601044,10/12/24,10.5,15.29,1,80717611101
1307601044,10/14/24,10.5,15.29,2,80717611101
1307601044,10/17/24,10.5,17.99,1,80717611101
1307601044,10/18/24,10.5,16.19,1,80717611101
1307601044,10/19/24,10.5,17.99,1,80717611101
1307601044,10/23/24,10.805566,17.99,8,80717611101
1307601044,10/25/24,11,17.99,2,80717611101
1307601044,10/28/24,11,18.59,2,80717611101
1307601044,10/31/24,11,20.99,2,80717611101
1307601044,11/02/24,11,13.49,1,80717611101
1307601044,11/04/24,11,13.99,3,80717611101
1307601044,11/05/24,11,14.99,1,80717611101
1307601044,11/07/24,11,14.99,1,80717611101
1307601044,11/08/24,11,13.49,9,80717611101
1307601044,11/11/24,11,13.49,2,80717611101
1307601044,11/12/24,11,14.24,2,80717611101
1307601044,11/14/24,11,14.99,2,80717611101
1307601044,11/15/24,11,14.99,1,80717611101
1307601044,11/20/24,11,20.99,2,80717611101
1308202028,03/14/24,8,19.99,1,880939575907
1308202028,03/27/24,8.03,19.99,2,880939575907
1308202028,03/30/24,8.03,17.99,4,880939575907
1308202028,04/02/24,8.03,19.99,1,880939575907
1308202028,04/05/24,8.03,19.99,1,880939575907
1308202028,04/15/24,8.03,19.99,1,880939575907
1308202028,04/19/24,8.03,19.99,1,880939575907
1308202028,04/20/24,8.03,16.99,2,880939575907
1308202028,04/22/24,8.17,19.99,1,880939575907
1308202028,04/25/24,8.17,15.99,1,880939575907
1308202028,04/27/24,8.17,15.99,1,880939575907
1308202028,04/29/24,8.17,16.99,2,880939575907
1308202028,05/01/24,8.16,16.99,1,880939575907
1308202028,05/02/24,8.17,19.99,1,880939575907
1308202028,05/03/24,8.16,19.99,1,880939575907
1308202028,05/07/24,8.165,18.49,2,880939575907
1308202028,05/08/24,8.36,16.99,3,880939575907
1308202028,05/14/24,8.36,15.99,1,880939575907
1308202028,05/17/24,8.36,16.99,1,880939575907
1308202028,05/21/24,8.36,19.99,1,880939575907
1308202028,05/23/24,8.36,19.99,1,880939575907
1308202028,05/29/24,8.36,19.99,1,880939575907
1308202028,06/04/24,8.3567,17.99,3,880939575907
1308202028,06/08/24,8.36,17.99,1,880939575907
1308202028,06/11/24,7.57,15.29,2,880939575907
1308202028,06/17/24,7.57,17.99,1,880939575907
1308202028,06/21/24,7.57,19.99,1,880939575907
1308202028,06/24/24,7.58,19.99,1,880939575907
1308202028,06/25/24,7.57,17.99,1,880939575907
1308202028,06/26/24,7.58,19.99,1,880939575907
1308202028,07/06/24,7.575,18.49,2,880939575907
1308202028,07/08/24,7.896537,6.79,21,880939575907
1308202028,07/09/24,8.319794,6.99,41,880939575907
1308202028,07/10/24,8.319337,6.79,21,880939575907
1308202028,07/11/24,8.32,6.79,3,880939575907
1308202028,07/12/24,8.32,6.79,1,880939575907
1308202028,07/15/24,8.32,7.99,1,880939575907
1308202028,07/16/24,8.3292,6.79,20,880939575907
1308202028,07/17/24,8.332572,6.83,18,880939575907
1308202028,07/18/24,8.33325,6.39,13,880939575907
1308202028,07/19/24,8.33,6.39,3,880939575907
1308202028,07/20/24,8.335,6.39,6,880939575907
1308202028,07/30/24,8.32,19.99,1,880939575907
1308202028,08/01/24,8.32,17.99,2,880939575907
1308202028,08/03/24,8.32,6.79,1,880939575907
1308202028,08/05/24,8.32,14.24,2,880939575907
1308202028,08/06/24,8.32,14.99,4,880939575907
1308202028,08/07/24,8.32,14.24,3,880939575907
1308202028,08/08/24,8.32,13.49,2,880939575907
1308202028,08/09/24,8.32,14.28,4,880939575907
1308202028,08/10/24,8.32,13.99,5,880939575907
1308202028,08/12/24,8.32,13.49,1,880939575907
1308202028,08/13/24,8.32,13.04,3,880939575907
1308202028,08/14/24,8.32,14.05,6,880939575907
1308202028,08/15/24,8.32,13.72,4,880939575907
1308202028,08/16/24,8.32,12.74,4,880939575907
1308202028,08/21/24,8.32,12.74,2,880939575907
1308202028,08/23/24,8.32,12.74,1,880939575907
1308202028,08/29/24,8.32,19.99,1,880939575907
1308202028,09/02/24,8.32,14.99,1,880939575907
1308202028,09/05/24,8.32,14.99,3,880939575907
1308202028,09/06/24,8.315,13.87,2,880939575907
1308202028,09/07/24,8.316,14.54,7,880939575907
1308202028,09/08/24,9.56,13.23,2,880939575907
1308202028,09/09/24,9.56,11.73,2,880939575907
1308202028,09/10/24,9.558333,13.99,4,880939575907
1308202028,09/11/24,9.56,14.49,3,880939575907
1308202028,09/13/24,8.9375,17.49,3,880939575907
1308202028,09/14/24,9.5525,14.99,3,880939575907
1308202028,09/16/24,9.55375,15.79,5,880939575907
1308202028,09/23/24,9.556666,19.99,3,880939575907
1308202028,09/24/24,9.55,17.99,1,880939575907
1308202028,09/27/24,9.56,14.99,1,880939575907
1308202028,10/01/24,9.553333,14.04,3,880939575907
1308202028,10/03/24,9.555,14.24,2,880939575907
1308202028,10/04/24,9.555,14.28,4,880939575907
1308202028,10/05/24,9.59835,14.24,4,880939575907
1308202028,10/07/24,9.62,13.87,5,880939575907
1308202028,10/14/24,9.61875,14.43,6,880939575907
1308202028,10/15/24,9.619333,12.99,7,880939575907
1308202028,10/17/24,9.62,14.99,1,880939575907
1308202028,10/19/24,9.688333,14.49,4,880939575907
1308202028,10/22/24,10.06,15.66,4,880939575907
1308202028,10/23/24,10.06,14.99,3,880939575907
1308202028,10/24/24,10.06,14.99,1,880939575907
1308202028,10/25/24,10.06,14.99,4,880939575907
1308202028,10/28/24,10.06,14.99,3,880939575907
1308202028,11/01/24,10.06,19.99,1,880939575907
1308202028,11/02/24,10.06,17.99,1,880939575907
1308202028,11/04/24,10.06,19.99,1,880939575907
1308202028,11/14/24,10.0467,14.99,3,880939575907
1308202028,11/15/24,10.02835,16.74,7,880939575907
1308202028,11/16/24,10.03,14.99,1,880939575907
1308202028,11/18/24,10.03,17.99,2,880939575907
1308202028,11/19/24,10.0252,14.09,9,880939575907
1308202028,11/20/24,10.025,14.24,2,880939575907
1309201015,03/27/24,4.86,11.99,1,880105220207
1309201015,04/01/24,4.86,7.19,5,880105220207
1309201015,04/02/24,4.854575,8.99,13,880105220207
1309201015,04/09/24,4.86,7.99,1,880105220207
1309201015,04/11/24,4.8525,7.99,3,880105220207
1309201015,04/12/24,4.85625,8.09,7,880105220207
1309201015,04/13/24,4.85,7.99,1,880105220207
1309201015,04/15/24,4.8575,7.59,3,880105220207
1309201015,04/16/24,4.855,7.88,8,880105220207
1309201015,04/17/24,4.85,7.19,1,880105220207
1309201015,04/19/24,4.86,6.39,1,880105220207
1309201015,04/20/24,4.855,8.19,6,880105220207
1309201015,04/22/24,5.15,6.95,5,880105220207
1309201015,04/23/24,5.15,6.79,2,880105220207
1309201015,04/24/24,5.15,7.99,1,880105220207
1309201015,04/25/24,5.15,7.06,4,880105220207
1309201015,04/26/24,5.15,6.79,3,880105220207
1309201015,04/27/24,5.15,6.49,5,880105220207
1309201015,04/30/24,5.15,6.39,3,880105220207
1309201015,05/01/24,5.15,7.44,5,880105220207
1309201015,05/02/24,5.15,7.99,1,880105220207
1309201015,05/04/24,5.15,10.19,1,880105220207
1309201015,05/07/24,5.15,10.19,1,880105220207
1309201015,05/09/24,5.15,11.99,2,880105220207
1309201015,05/11/24,5.15,7.99,1,880105220207
1309201015,05/13/24,5.15,7.99,1,880105220207
1309201015,05/14/24,5.150833,7.32,8,880105220207
1309201015,05/15/24,5.15,7.03,5,880105220207
1309201015,05/17/24,5.15,7.19,7,880105220207
1309201015,05/20/24,5.15,6.92,4,880105220207
1309201015,05/21/24,5.15,6.39,1,880105220207
1309201015,05/22/24,5.152,7.99,9,880105220207
1309201015,05/23/24,5.15,7.99,2,880105220207
1309201015,05/24/24,5.15,7.19,1,880105220207
1309201015,05/25/24,5.15,7.19,2,880105220207
1309201015,05/28/24,5.15,7.99,1,880105220207
1309201015,05/29/24,5.15,7.72,4,880105220207
1309201015,05/30/24,5.15,9.99,2,880105220207
1309201015,05/31/24,5.15166,7.51,8,880105220207
1309201015,06/01/24,5.15,7.59,5,880105220207
1309201015,06/03/24,5.15,7.39,4,880105220207
1309201015,06/04/24,5.15,7.51,6,880105220207
1309201015,06/05/24,5.15,7.67,5,880105220207
1309201015,06/06/24,5.15,7.99,5,880105220207
1309201015,06/07/24,5.15035,7.99,10,880105220207
1309201015,06/18/24,5.15,11.39,2,880105220207
1309201015,06/28/24,5.15,11.99,1,880105220207
1309201015,06/29/24,5.15,11.99,1,880105220207
1309201015,07/06/24,5.15,6.79,4,880105220207
1309201015,07/08/24,5.15,7.99,1,880105220207
1309201015,07/09/24,5.15,6.79,4,880105220207
1309201015,07/10/24,5.15,7.19,7,880105220207
1309201015,07/11/24,5.15,7.79,9,880105220207
1309201015,07/13/24,5.15,7.72,3,880105220207
1309201015,07/15/24,5.15,8.79,4,880105220207
1309201015,07/16/24,5.15,6.79,2,880105220207
1309201015,07/17/24,5.15,6.79,5,880105220207
1309201015,07/18/24,5.151,6.39,6,880105220207
1309201015,07/19/24,5.15,7.19,2,880105220207
1309201015,07/20/24,5.15,6.39,1,880105220207
1309201015,07/22/24,5.150833,7.19,8,880105220207
1309201015,07/26/24,5.15,9.59,3,880105220207
1309201015,07/29/24,5.15,11.99,1,880105220207
1309201015,07/30/24,5.15,9.71,1,880105220207
1309201015,08/09/24,5.15,11.99,2,880105220207
1309201015,08/12/24,5.15,10.79,1,880105220207
1309201015,08/19/24,5.155,11.99,2,880105220207
1309201015,08/27/24,5.15,9.59,1,880105220207
1309201015,08/29/24,5.15,11.99,1,880105220207
1309201015,09/03/24,5.15,10.19,1,880105220207
1309201015,09/04/24,5.15,11.99,1,880105220207
1309201015,09/05/24,5.15,11.99,2,880105220207
1309201015,09/13/24,5.15,11.99,3,880105220207
1309201015,09/16/24,5.15,11.99,1,880105220207
1309201015,09/21/24,5.15,6.29,2,880105220207
1309201015,09/23/24,5.150416,6.21,9,880105220207
1309201015,09/24/24,5.15,9.14,2,880105220207
1309201015,09/26/24,5.155,6.99,2,880105220207
1309201015,09/27/24,5.15,6.64,3,880105220207
1309201015,09/28/24,5.15,6.40,7,880105220207
1309201015,09/30/24,5.15,6.29,1,880105220207
1309201015,10/01/24,5.15,6.30,5,880105220207
1309201015,10/02/24,5.15,6.29,1,880105220207
1309201015,10/03/24,5.15,6.58,7,880105220207
1309201015,10/04/24,5.15,6.64,4,880105220207
1309201015,10/07/24,5.15,8.02,3,880105220207
1309201015,10/08/24,5.15,11.99,1,880105220207
1309201015,10/10/24,5.15,10.19,1,880105220207
1309201015,10/11/24,5.15,10.19,1,880105220207
1309201015,10/12/24,5.15,10.79,5,880105220207
1309201015,10/14/24,5.15,11.99,3,880105220207
1309201015,10/16/24,5.15,11.99,1,880105220207
1309201015,10/17/24,5.15,11.99,1,880105220207
1309201015,10/18/24,5.15,11.39,2,880105220207
1309201015,10/22/24,5.15,11.99,1,880105220207
1313101005,03/19/24,5.5,9.99,1,88329861609
1313101005,03/27/24,5.6,8.99,1,88329861609
1313101005,04/08/24,5.6,8.99,1,88329861609
1313101005,04/12/24,5.6,9.99,1,88329861609
1313101005,05/03/24,5.6,6.97,8,88329861609
1313101005,05/04/24,5.6,6.49,6,88329861609
1313101005,05/06/24,5.6,6.59,6,88329861609
1313101005,05/07/24,5.6,6.59,5,88329861609
1313101005,05/08/24,5.6,7.43,5,88329861609
1313101005,05/09/24,5.6,6.99,12,88329861609
1313101005,05/10/24,5.6,7.39,5,88329861609
1313101005,05/11/24,5.6,7.19,3,88329861609
1313101005,05/14/24,5.6,6.71,9,88329861609
1313101005,05/15/24,5.6,6.39,1,88329861609
1313101005,05/16/24,5.6,7.99,3,88329861609
1313101005,05/17/24,5.6,6.52,4,88329861609
1313101005,05/18/24,5.6,7.99,1,88329861609
1313101005,05/20/24,5.6,7.19,4,88329861609
1313101005,05/21/24,5.6,7.29,6,88329861609
1313101005,05/22/24,5.6,7.99,2,88329861609
1313101005,05/23/24,5.6,7.99,1,88329861609
1313101005,05/24/24,5.6,6.39,2,88329861609
1313101005,05/29/24,5.6,7.99,3,88329861609
1313101005,05/30/24,5.6,7.99,7,88329861609
1313101005,05/31/24,5.6,7.99,2,88329861609
1313101005,06/04/24,5.6,7.79,5,88329861609
1313101005,06/05/24,5.6,9.99,3,88329861609
1313101005,06/10/24,5.59205,7.71,15,88329861609
1313101005,06/11/24,5.5833,7.19,3,88329861609
1313101005,06/12/24,5.58,7.19,1,88329861609
1313101005,06/14/24,5.58,7.99,1,88329861609
1313101005,06/15/24,5.581666,7.79,4,88329861609
1313101005,06/17/24,5.5825,7.19,3,88329861609
1313101005,06/18/24,5.5825,7.59,3,88329861609
1313101005,06/19/24,5.58165,8.99,4,88329861609
1313101005,06/20/24,5.58375,7.99,6,88329861609
1313101005,06/22/24,5.58,7.99,1,88329861609
1313101005,06/24/24,5.5825,8.49,3,88329861609
1313101005,06/25/24,5.58,8.99,1,88329861609
1313101005,06/27/24,5.585,9.99,2,88329861609
1313101005,07/01/24,5.58665,8.49,7,88329861609
1313101005,07/19/24,5.58,9.99,1,88329861609
1313101005,07/22/24,5.5825,8.19,3,88329861609
1313101005,07/23/24,5.5838,6.71,12,88329861609
1313101005,07/24/24,5.5832,6.79,19,88329861609
1313101005,07/25/24,5.58,6.79,4,88329861609
1313101005,07/26/24,5.582,7.03,7,88329861609
1313101005,07/29/24,5.5825,7.19,3,88329861609
1313101005,07/30/24,5.58,7.19,1,88329861609
1313101005,08/01/24,5.582075,7.59,7,88329861609
1313101005,08/02/24,5.58165,7.59,4,88329861609
1313101005,08/03/24,5.585,7.99,2,88329861609
1313101005,08/12/24,5.59,8.99,1,88329861609
1313101005,08/15/24,5.585,8.09,2,88329861609
1313101005,08/17/24,5.585,7.99,2,88329861609
1313101005,08/21/24,5.585,9.99,2,88329861609
1313101005,08/28/24,5.54,8.49,2,88329861609
1313101005,08/29/24,5.5,8.49,3,88329861609
1313101005,08/31/24,5.5,8.49,1,88329861609
1313101005,09/03/24,5.5,9.99,1,88329861609
1313101005,09/08/24,5.5,7.19,6,88329861609
1313101005,09/19/24,5.5,8.99,5,88329861609
1313101005,09/23/24,5.5,9.99,2,88329861609
1313101005,09/28/24,5.5,7.99,1,88329861609
1313101005,09/30/24,5.5,7.23,2,88329861609
1313101005,10/01/24,5.5,7.19,1,88329861609
1313101005,10/02/24,5.5,7.72,5,88329861609
1313101005,10/03/24,5.5,7.32,14,88329861609
1313101005,10/04/24,5.5,6.47,1,88329861609
1313101005,10/05/24,5.5,7.19,4,88329861609
1313101005,10/07/24,5.5,6.83,2,88329861609
1313101005,10/08/24,5.5,6.99,3,88329861609
1313101005,10/09/24,5.5,6.79,5,88329861609
1313101005,10/10/24,5.5,7.19,7,88329861609
1313101005,10/11/24,5.5,7.99,1,88329861609
1313101005,10/12/24,5.5,6.79,1,88329861609
1313101005,10/14/24,5.5,6.79,2,88329861609
1313101005,10/15/24,5.5,7.75,16,88329861609
1313101005,10/17/24,5.5,9.99,2,88329861609
1313101005,10/19/24,5.5,7.19,9,88329861609
1313101005,10/21/24,5.5,7.46,9,88329861609
1313101005,10/22/24,5.5,7.99,4,88329861609
1313101005,10/23/24,5.5,7.99,5,88329861609
1313101005,10/24/24,5.5,7.99,9,88329861609
1313101005,10/26/24,5.5,9.99,1,88329861609
1313101005,11/05/24,5.5,8.99,1,88329861609
