HSERVICE_ITEM.csv
ItemCode  ,Date                      ,Average_Cost,Average_Sales_Price,Total_Sales_Quantity,UPC          
1313102081,03/20/24,7.75,12.99,1,88329861520
1313102081,03/27/24,7.75,12.99,2,88329861520
1313102081,04/01/24,7.75,11.69,1,88329861520
1313102081,04/02/24,7.75,11.96,10,88329861520
1313102081,04/03/24,7.75,11.99,2,88329861520
1313102081,04/04/24,7.75,12.49,5,88329861520
1313102081,04/05/24,7.75,11.69,5,88329861520
1313102081,04/08/24,7.75,11.78,10,88329861520
1313102081,04/09/24,7.75,12.19,6,88329861520
1313102081,04/10/24,7.75,11.99,2,88329861520
1313102081,04/11/24,7.75,11.99,2,88329861520
1313102081,04/12/24,7.75,11.39,7,88329861520
1313102081,04/13/24,7.75,11.69,1,88329861520
1313102081,04/15/24,7.75,12.99,2,88329861520
1313102081,04/16/24,7.75,12.99,4,88329861520
1313102081,04/18/24,7.75,12.99,1,88329861520
1313102081,04/20/24,7.75,10.39,3,88329861520
1313102081,04/22/24,7.75,11.69,3,88329861520
1313102081,04/23/24,7.75,12.99,1,88329861520
1313102081,04/26/24,7.75,10.39,2,88329861520
1313102081,04/27/24,7.75,10.39,1,88329861520
1313102081,04/29/24,7.75,10.39,1,88329861520
1313102081,04/30/24,7.75,11.37,11,88329861520
1313102081,05/01/24,7.75,10.39,1,88329861520
1313102081,05/03/24,7.75,11.04,1,88329861520
1313102081,05/07/24,7.75,12.34,3,88329861520
1313102081,05/08/24,7.75,11.04,3,88329861520
1313102081,05/09/24,7.75,9.94,18,88329861520
1313102081,05/10/24,7.75,12.99,1,88329861520
1313102081,05/11/24,7.75,11.04,2,88329861520
1313102081,05/13/24,7.75,10.99,6,88329861520
1313102081,05/14/24,7.75,10.72,4,88329861520
1313102081,05/25/24,7.75,9.89,2,88329861520
1313102081,05/29/24,7.75,10.99,1,88329861520
1313102081,05/30/24,7.75,11.99,3,88329861520
1313102081,05/31/24,7.62375,11.22,5,88329861520
1313102081,06/01/24,7.63,9.89,1,88329861520
1313102081,06/03/24,7.62,9.89,1,88329861520
1313102081,06/04/24,7.625,10.29,16,88329861520
1313102081,06/05/24,7.625,10.62,4,88329861520
1313102081,06/06/24,7.6275,10.99,3,88329861520
1313102081,06/07/24,7.62375,10.72,5,88329861520
1313102081,06/08/24,7.62,9.89,1,88329861520
1313102081,06/10/24,7.63,11.19,5,88329861520
1313102081,06/18/24,7.6225,12.34,3,88329861520
1313102081,06/19/24,7.63,12.99,1,88329861520
1313102081,06/20/24,7.62,10.99,1,88329861520
1313102081,06/21/24,7.63,11.69,1,88329861520
1313102081,06/27/24,7.626666,12.32,3,88329861520
1313102081,07/02/24,7.63,12.99,1,88329861520
1313102081,07/03/24,7.62,11.69,1,88329861520
1313102081,07/08/24,7.62,12.99,1,88329861520
1313102081,07/12/24,7.63,11.69,1,88329861520
1313102081,07/23/24,7.625,12.99,2,88329861520
1313102081,08/02/24,7.62,10.52,1,88329861520
1313102081,08/05/24,7.63,11.69,1,88329861520
1313102081,08/06/24,7.625,11.69,2,88329861520
1313102081,08/08/24,7.625,11.69,2,88329861520
1313102081,08/09/24,7.623333,12.12,3,88329861520
1313102081,08/10/24,7.63,11.69,1,88329861520
1313102081,08/21/24,7.62,11.04,1,88329861520
1313102081,08/22/24,7.63,12.99,1,88329861520
1313102081,08/23/24,7.623333,11.69,3,88329861520
1313102081,08/26/24,7.63,11.04,1,88329861520
1313102081,08/27/24,7.62,12.99,1,88329861520
1313102081,08/30/24,7.63,11.04,1,88329861520
1313102081,09/09/24,7.677,12.99,7,88329861520
1313102081,09/14/24,7.7,12.99,1,88329861520
1313102081,09/26/24,7.7,13.99,1,88329861520
1313102081,09/28/24,7.7,11.33,3,88329861520
1313102081,09/30/24,7.7,13.99,1,88329861520
1313102081,10/02/24,7.7,13.52,4,88329861520
1313102081,10/03/24,7.7,13.99,2,88329861520
1313102081,10/04/24,7.7,13.99,2,88329861520
1313102081,10/07/24,7.7,12.59,1,88329861520
1313102081,10/09/24,7.7,11.89,1,88329861520
1313102081,10/15/24,7.7,11.89,1,88329861520
1313102081,10/16/24,7.7,13.99,1,88329861520
1313102081,10/19/24,7.7,12.59,1,88329861520
1313102081,10/24/24,7.7,13.99,1,88329861520
1313102081,11/01/24,7.7,13.99,2,88329861520
1313102081,11/02/24,7.7,12.59,1,88329861520
1313102081,11/05/24,7.7,12.59,1,88329861520
1313102081,11/08/24,7.7,12.59,1,88329861520
1314101012,03/14/24,16.5,29.99,1,80717615512
1314101012,03/15/24,16.5,29.99,3,80717615512
1314101012,03/22/24,16.5,18.89,1,80717615512
1314101012,03/27/24,16.5,20.99,4,80717615512
1314101012,03/28/24,16.5,20.99,4,80717615512
1314101012,04/04/24,16.5,20.99,1,80717615512
1314101012,04/05/24,16.5,20.99,2,80717615512
1314101012,04/08/24,16.5,20.99,4,80717615512
1314101012,04/09/24,16.5,20.99,1,80717615512
1314101012,04/10/24,16.5,20.99,1,80717615512
1314101012,04/16/24,16.5,29.99,5,80717615512
1314101012,04/24/24,16.5,25.49,2,80717615512
1314101012,04/26/24,16.5,24.49,4,80717615512
1314101012,04/27/24,16.5,26.99,2,80717615512
1314101012,04/29/24,16.5,27.74,2,80717615512
1314101012,04/30/24,16.5,25.49,1,80717615512
1314101012,05/02/24,16.5,29.99,1,80717615512
1314101012,05/06/24,16.5,29.99,1,80717615512
1314101012,05/07/24,16.5,26.99,3,80717615512
1314101012,05/13/24,16.5,17.66,4,80717615512
1314101012,05/14/24,16.5,20.99,3,80717615512
1314101012,05/15/24,16.5,16.49,6,80717615512
1314101012,05/16/24,16.5,18.66,6,80717615512
1314101012,05/17/24,16.5,19.99,7,80717615512
1314101012,05/18/24,16.5,16.66,6,80717615512
1314101012,05/20/24,16.5,15.99,4,80717615512
1314101012,05/21/24,16.5,18.24,5,80717615512
1314101012,05/23/24,16.5,19.99,1,80717615512
1314101012,05/25/24,16.5,18.66,5,80717615512
1314101012,05/27/24,16.5,19.99,5,80717615512
1314101012,05/29/24,16.5,19.66,7,80717615512
1314101012,05/30/24,16.5,19.59,6,80717615512
1314101012,05/31/24,16.5,19.99,1,80717615512
1314101012,06/03/24,16.5,19.99,1,80717615512
1314101012,06/04/24,16.5,19.99,1,80717615512
1314101012,06/05/24,16.5,29.99,1,80717615512
1314101012,06/06/24,16.5,29.99,1,80717615512
1314101012,06/10/24,16.5,26.24,3,80717615512
1314101012,06/11/24,16.5,22.94,4,80717615512
1314101012,06/12/24,16.5,25.49,2,80717615512
1314101012,06/13/24,16.5,25.49,1,80717615512
1314101012,06/18/24,16.5,29.99,1,80717615512
1314101012,06/19/24,16.5,29.99,1,80717615512
1314101012,06/21/24,16.5,29.99,1,80717615512
1314101012,06/25/24,16.5,28.49,2,80717615512
1314101012,06/28/24,16.5,29.99,3,80717615512
1314101012,07/01/24,16.5,25.49,1,80717615512
1314101012,07/05/24,16.5,29.99,4,80717615512
1314101012,07/09/24,16.5,29.99,1,80717615512
1314101012,07/11/24,16.5,20.99,3,80717615512
1314101012,07/12/24,16.5,20.99,7,80717615512
1314101012,07/13/24,16.5,18.89,2,80717615512
1314101012,07/15/24,16.5,18.89,7,80717615512
1314101012,07/16/24,16.5,20.47,7,80717615512
1314101012,07/17/24,16.5,20.99,1,80717615512
1314101012,07/18/24,16.5,16.79,8,80717615512
1314101012,07/19/24,16.5,16.79,3,80717615512
1314101012,07/20/24,16.5,16.79,1,80717615512
1314101012,07/22/24,16.5,17.84,5,80717615512
1314101012,07/23/24,16.5,19.59,5,80717615512
1314101012,07/24/24,16.5,17.63,7,80717615512
1314101012,07/25/24,16.5,16.79,2,80717615512
1314101012,07/26/24,16.5,16.79,3,80717615512
1314101012,07/27/24,16.5,20.99,3,80717615512
1314101012,07/29/24,16.5,20.15,8,80717615512
1314101012,07/30/24,16.5,19.66,3,80717615512
1314101012,07/31/24,16.5,19.99,2,80717615512
1314101012,08/01/24,16.5,19.32,5,80717615512
1314101012,08/02/24,16.5,19.44,2,80717615512
1314101012,08/03/24,16.5,18.99,2,80717615512
1314101012,08/05/24,16.5,16.79,4,80717615512
1314101012,08/06/24,16.5,17.99,1,80717615512
1314101012,08/07/24,16.5,19.99,2,80717615512
1314101012,08/08/24,16.5,17.99,2,80717615512
1314101012,08/09/24,16.5,17.99,2,80717615512
1314101012,08/10/24,16.5,17.99,2,80717615512
1314101012,08/12/24,16.5,19.44,2,80717615512
1314101012,08/13/24,16.5,18.06,5,80717615512
1314101012,08/14/24,16.5,19.49,4,80717615512
1314101012,08/15/24,16.5,18.99,2,80717615512
1314101012,08/16/24,16.5,19.99,3,80717615512
1314101012,08/17/24,16.5,18.49,2,80717615512
1314101012,08/19/24,16.5,18.49,4,80717615512
1314101012,08/20/24,16.5,18.99,7,80717615512
1314101012,08/21/24,16.5,18.49,2,80717615512
1314101012,08/22/24,16.5,17.43,13,80717615512
1314101012,08/23/24,16.5,18.32,5,80717615512
1314101012,08/24/24,16.5,17.49,9,80717615512
1314101012,08/26/24,16.5,18.49,3,80717615512
1314101012,08/27/24,16.5,18.99,3,80717615512
1314101012,08/28/24,16.5,21.32,4,80717615512
1314101012,08/29/24,16.5,16.99,7,80717615512
1314101012,08/30/24,16.5,19.24,18,80717615512
1314101012,08/31/24,16.5,18.49,7,80717615512
1314101012,09/02/24,16.5,17.99,9,80717615512
1314101012,09/03/24,16.5,17.99,12,80717615512
1314101012,09/12/24,16.5,29.99,1,80717615512
1314101012,09/14/24,16.5,29.99,3,80717615512
1314101012,09/16/24,16.5,27.99,3,80717615512
1314101012,09/18/24,16.5,26.99,1,80717615512
1314101012,09/19/24,16.5,29.99,3,80717615512
1314101012,09/23/24,16.5,26.49,3,80717615512
1314101012,09/24/24,16.5,34.99,1,80717615512
1314101012,09/26/24,16.5,33.24,2,80717615512
1314101012,09/30/24,16.5,31.49,1,80717615512
1314101012,10/02/24,16.5,34.99,1,80717615512
1314101012,10/03/24,16.5,31.49,1,80717615512
1314101012,10/08/24,16.5,34.99,1,80717615512
1314101012,10/12/24,16.5,29.74,2,80717615512
1314101012,10/15/24,16.5,29.74,1,80717615512
1314101012,10/16/24,16.5,34.99,4,80717615512
1314101012,10/18/24,16.5,34.99,1,80717615512
1314101012,10/21/24,16.5,34.99,2,80717615512
1314101012,10/22/24,16.5,34.99,2,80717615512
1314101012,10/26/24,16.5,31.49,1,80717615512
1314101012,11/05/24,16.5,31.49,2,80717615512
1314101012,11/11/24,16.5,30.74,2,80717615512
1314101012,11/15/24,16.5,29.99,6,80717615512
1314101012,11/16/24,16.5,29.99,1,80717615512
1314101012,11/18/24,16.5,29.99,3,80717615512
1314101012,11/19/24,16.5,26.99,1,80717615512
1314101012,11/20/24,16.5,29.99,1,80717615512
1314103019,03/14/24,2.8,5.99,2,880104741666
1314103019,03/15/24,2.8,5.69,4,880104741666
1314103019,03/16/24,2.8,5.99,2,880104741666
1314103019,03/18/24,2.8,5.99,1,880104741666
1314103019,03/19/24,2.8,5.99,4,880104741666
1314103019,03/22/24,2.8,5.99,1,880104741666
1314103019,04/25/24,2.8,4.79,1,880104741666
1314103019,04/26/24,2.8,5.59,3,880104741666
1314103019,04/29/24,2.8,3.52,21,880104741666
1314103019,04/30/24,2.8,3.43,12,880104741666
1314103019,05/01/24,2.8,3.47,17,880104741666
1314103019,05/02/24,2.8,3.74,7,880104741666
1314103019,05/03/24,2.8,3.69,2,880104741666
1314103019,05/04/24,2.8,3.47,17,880104741666
1314103019,05/06/24,2.8,3.64,5,880104741666
1314103019,05/07/24,2.8,3.66,15,880104741666
1314103019,05/08/24,2.8,3.39,2,880104741666
1314103019,05/09/24,2.8,3.97,5,880104741666
1314103019,05/10/24,2.8,3.39,4,880104741666
1314103019,05/11/24,2.8,5.99,1,880104741666
1314103019,05/13/24,2.8,5.99,1,880104741666
1314103019,05/14/24,2.8,5.99,1,880104741666
1314103019,05/15/24,2.8,4.89,4,880104741666
1314103019,05/17/24,2.8,3.99,1,880104741666
1314103019,05/21/24,2.8,5.99,3,880104741666
1314103019,05/22/24,2.8,5.99,1,880104741666
1314103019,05/25/24,2.8,5.39,1,880104741666
1314103019,05/27/24,2.8,5.99,1,880104741666
1314103019,05/31/24,2.8,5.99,2,880104741666
1314103019,06/03/24,2.8,5.39,2,880104741666
1314103019,06/04/24,2.8,5.39,1,880104741666
1314103019,06/05/24,2.8,5.39,1,880104741666
1314103019,06/08/24,2.8,3.72,4,880104741666
1314103019,06/10/24,2.8,4.31,5,880104741666
1314103019,06/11/24,2.8,4.09,16,880104741666
1314103019,06/12/24,2.8,4.59,4,880104741666
1314103019,06/13/24,2.8,3.99,6,880104741666
1314103019,06/14/24,2.8,3.99,1,880104741666
1314103019,06/15/24,2.8,3.79,8,880104741666
1314103019,06/17/24,2.8,3.59,2,880104741666
1314103019,06/18/24,2.8,3.75,25,880104741666
1314103019,06/19/24,2.8,3.99,9,880104741666
1314103019,06/20/24,2.8,3.99,8,880104741666
1314103019,06/21/24,2.8,3.79,2,880104741666
1314103019,06/22/24,2.8,3.79,5,880104741666
1314103019,06/25/24,2.8,4.03,7,880104741666
1314103019,06/26/24,2.8,3.92,7,880104741666
1314103019,06/27/24,2.8,3.59,1,880104741666
1314103019,06/28/24,2.8,5.09,2,880104741666
1314103019,07/01/24,2.8,5.32,11,880104741666
1314103019,07/03/24,2.8,5.09,1,880104741666
1314103019,07/05/24,2.8,5.99,1,880104741666
1314103019,07/10/24,2.8,5.99,2,880104741666
1314103019,07/16/24,2.8,5.09,3,880104741666
1314103019,07/19/24,2.8,5.39,1,880104741666
1314103019,07/20/24,2.8,4.79,1,880104741666
1314103019,07/22/24,2.8,5.39,6,880104741666
1314103019,07/23/24,2.8,3.67,6,880104741666
1314103019,07/24/24,2.8,3.46,36,880104741666
1314103019,07/25/24,2.8,3.51,7,880104741666
1314103019,07/26/24,2.8,3.44,24,880104741666
1314103019,07/27/24,2.8,3.90,17,880104741666
1314103019,07/29/24,2.8,3.79,14,880104741666
1314103019,07/30/24,2.8,3.69,14,880104741666
1314103019,07/31/24,2.8,3.79,9,880104741666
1314103019,08/01/24,2.8,3.76,15,880104741666
1314103019,08/02/24,2.8,3.95,10,880104741666
1314103019,08/05/24,2.8,5.69,3,880104741666
1314103019,08/06/24,2.8,4.29,2,880104741666
1314103019,08/08/24,2.8,5.99,4,880104741666
1314103019,08/09/24,2.8,4.47,6,880104741666
1314103019,08/10/24,2.8,5.99,4,880104741666
1314103019,08/12/24,2.8,5.69,3,880104741666
1314103019,08/13/24,2.8,5.39,1,880104741666
1314103019,08/16/24,2.8,5.09,4,880104741666
1314103019,08/19/24,2.75,5.29,3,880104741666
1314103019,08/23/24,2.75,5.29,4,880104741666
1314103019,08/27/24,2.75,5.99,1,880104741666
1314103019,08/28/24,2.75,5.99,4,880104741666
1314103019,08/29/24,2.75,5.54,2,880104741666
1314103019,08/31/24,2.75,5.99,5,880104741666
1314103019,09/02/24,2.75,3.82,1,880104741666
1314103019,09/03/24,2.75,4.29,8,880104741666
1314103019,09/04/24,2.75,4.32,6,880104741666
1314103019,09/05/24,2.75,4.13,14,880104741666
1314103019,09/06/24,2.75,4.23,27,880104741666
1314103019,09/07/24,2.75,4.16,13,880104741666
1314103019,09/08/24,2.75,3.85,7,880104741666
1314103019,09/09/24,2.75,3.97,12,880104741666
1314103019,09/10/24,2.75,4.06,7,880104741666
1314103019,09/11/24,2.75,4.17,10,880104741666
1314103019,09/12/24,2.75,4.34,12,880104741666
1314103019,09/13/24,2.75,4.43,11,880104741666
1314103019,09/14/24,2.75,4.07,3,880104741666
1314103019,09/16/24,2.75,4.53,8,880104741666
1314103019,09/17/24,2.75,5.09,4,880104741666
1314103019,09/18/24,2.75,5.79,3,880104741666
1314103019,09/20/24,2.75,4.85,1,880104741666
1314103019,09/23/24,2.75,5.79,3,880104741666
1314103019,09/24/24,2.75,5.69,6,880104741666
1314103019,09/25/24,2.75,5.99,3,880104741666
1314103019,09/26/24,2.75,4.27,2,880104741666
1314103019,09/27/24,2.75,5.99,1,880104741666
1314103019,09/28/24,2.75,5.12,3,880104741666
1314103019,09/30/24,2.75,5.99,2,880104741666
1314103019,10/01/24,2.75,5.42,8,880104741666
1314103019,10/02/24,2.75,5.69,14,880104741666
1314103019,10/03/24,2.75,5.69,3,880104741666
1314103019,10/07/24,2.75,5.84,5,880104741666
1314103019,10/08/24,2.75,5.69,5,880104741666
1314103019,10/09/24,2.75,5.63,6,880104741666
1314103019,10/10/24,2.75,5.99,4,880104741666
1314103019,10/11/24,2.75,5.99,2,880104741666
1314103019,10/12/24,2.75,5.54,2,880104741666
1314103019,10/15/24,2.75,2.75,48,880104741666
1314103019,10/16/24,2.75,5.99,2,880104741666
1314103019,10/17/24,2.75,5.99,2,880104741666
1314103019,10/21/24,2.75,5.79,3,880104741666
1314103019,10/22/24,2.75,5.79,5,880104741666
1314103019,10/24/24,2.75,5.99,2,880104741666
1314103019,10/25/24,2.75,5.69,2,880104741666
1314103019,10/26/24,2.75,5.99,5,880104741666
1314103019,10/28/24,2.75,5.69,2,880104741666
1314103019,10/30/24,2.75,5.99,4,880104741666
1314103019,10/31/24,2.75,5.99,5,880104741666
1314103019,11/02/24,2.75,5.39,2,880104741666
1314103019,11/04/24,2.75,5.99,1,880104741666
1314103019,11/06/24,2.75,5.79,6,880104741666
1314103019,11/07/24,2.75,5.99,15,880104741666
1314103019,11/08/24,2.75,5.69,2,880104741666
1314103019,11/09/24,2.75,3.79,2,880104741666
1314103019,11/11/24,2.75,3.88,13,880104741666
1314103019,11/12/24,2.75,3.99,15,880104741666
1314103019,11/13/24,2.75,4.19,5,880104741666
1314103019,11/14/24,2.75,4.39,6,880104741666
1314103019,11/15/24,2.75,4.21,11,880104741666
1314103019,11/16/24,2.75,3.79,8,880104741666
1314103019,11/18/24,2.75,3.67,6,880104741666
1314103019,11/19/24,2.75,3.79,7,880104741666
1314103019,11/20/24,2.75,3.99,11,880104741666
