HSERVICE_ITEM.csv
ItemCode  ,Date                      ,Average_Cost,Average_Sales_Price,Total_Sales_Quantity,UPC          
1314103064,03/15/24,2,3.49,2,880104741687
1314103064,03/21/24,2,3.49,4,880104741687
1314103064,03/27/24,2,2.46,27,880104741687
1314103064,03/28/24,2,3.49,8,880104741687
1314103064,03/29/24,2,2.24,2,880104741687
1314103064,03/30/24,2,2.32,4,880104741687
1314103064,04/01/24,2,2.37,11,880104741687
1314103064,04/02/24,2,2.66,27,880104741687
1314103064,04/03/24,2,2.82,13,880104741687
1314103064,04/04/24,2,2.63,46,880104741687
1314103064,04/05/24,2,2.39,17,880104741687
1314103064,04/08/24,2,2.48,26,880104741687
1314103064,04/09/24,2,2.62,14,880104741687
1314103064,04/10/24,2,2.74,7,880104741687
1314103064,04/12/24,2,3.14,2,880104741687
1314103064,04/13/24,2,2.42,17,880104741687
1314103064,04/15/24,2,2.49,15,880104741687
1314103064,04/16/24,2,2.58,25,880104741687
1314103064,04/17/24,2,2.49,8,880104741687
1314103064,04/18/24,2,2.49,5,880104741687
1314103064,04/19/24,2,2.49,15,880104741687
1314103064,04/20/24,2,2.49,1,880104741687
1314103064,04/22/24,2,3.23,3,880104741687
1314103064,04/23/24,2,2.98,5,880104741687
1314103064,04/25/24,2,2.97,2,880104741687
1314103064,04/26/24,2,2.88,5,880104741687
1314103064,04/29/24,2,3.49,1,880104741687
1314103064,04/30/24,2,2.79,5,880104741687
1314103064,05/01/24,2,3.14,16,880104741687
1314103064,05/02/24,2,3.23,12,880104741687
1314103064,05/03/24,2,2.79,2,880104741687
1314103064,05/04/24,2,3.49,1,880104741687
1314103064,05/06/24,2,2.79,10,880104741687
1314103064,05/07/24,2,3.08,7,880104741687
1314103064,05/08/24,2,2.79,1,880104741687
1314103064,05/09/24,2,3.49,2,880104741687
1314103064,05/10/24,2,3.49,2,880104741687
1314103064,05/13/24,2,2.79,10,880104741687
1314103064,05/14/24,2,2.97,1,880104741687
1314103064,05/16/24,2,3.23,4,880104741687
1314103064,05/17/24,2,3.49,9,880104741687
1314103064,05/20/24,2,3.21,15,880104741687
1314103064,05/21/24,2,3.26,4,880104741687
1314103064,05/23/24,2,3.49,1,880104741687
1314103064,05/25/24,2,3.14,1,880104741687
1314103064,05/27/24,2,3.14,1,880104741687
1314103064,05/29/24,2,3.49,3,880104741687
1314103064,05/30/24,2,3.49,2,880104741687
1314103064,05/31/24,2,3.37,5,880104741687
1314103064,06/04/24,2,3.37,5,880104741687
1314103064,06/05/24,2,3.32,4,880104741687
1314103064,06/06/24,2,3.49,10,880104741687
1314103064,06/07/24,2,3.49,1,880104741687
1314103064,06/10/24,2,2.76,13,880104741687
1314103064,06/11/24,2,2.59,2,880104741687
1314103064,06/12/24,2,2.87,7,880104741687
1314103064,06/13/24,2,3.18,10,880104741687
1314103064,06/14/24,2,2.79,5,880104741687
1314103064,06/15/24,2,2.70,4,880104741687
1314103064,06/17/24,2,2.60,12,880104741687
1314103064,06/18/24,2,2.67,11,880104741687
1314103064,06/19/24,2,2.79,6,880104741687
1314103064,06/20/24,2,2.79,4,880104741687
1314103064,06/21/24,2,2.68,7,880104741687
1314103064,06/26/24,2,2.79,8,880104741687
1314103064,06/27/24,2,2.51,2,880104741687
1314103064,07/01/24,2,3.49,1,880104741687
1314103064,07/02/24,2,2.97,1,880104741687
1314103064,07/03/24,2,3.49,1,880104741687
1314103064,07/08/24,2,3.15,9,880104741687
1314103064,07/09/24,2,2.17,9,880104741687
1314103064,07/10/24,2,2.34,9,880104741687
1314103064,07/11/24,2,2.42,8,880104741687
1314103064,07/12/24,2,2.43,17,880104741687
1314103064,07/13/24,2,2.37,9,880104741687
1314103064,07/15/24,2,2.37,5,880104741687
1314103064,07/16/24,2,2.31,19,880104741687
1314103064,07/17/24,2,2.12,10,880104741687
1314103064,07/18/24,2,2.24,14,880104741687
1314103064,07/19/24,2,2.24,2,880104741687
1314103064,07/20/24,2,1.99,1,880104741687
1314103064,07/22/24,2,2.18,24,880104741687
1314103064,07/25/24,2,3.14,3,880104741687
1314103064,07/29/24,2,3.37,14,880104741687
1314103064,07/30/24,2,3.49,1,880104741687
1314103064,07/31/24,2,3.49,2,880104741687
1314103064,08/01/24,2,3.32,5,880104741687
1314103064,08/03/24,2,3.49,12,880104741687
1314103064,08/05/24,2,3.16,2,880104741687
1314103064,08/06/24,2,3.32,3,880104741687
1314103064,08/07/24,2,3.14,1,880104741687
1314103064,08/09/24,2,3.49,2,880104741687
1314103064,08/10/24,1.8,3.14,2,880104741687
1314103064,08/12/24,1.6,3.14,4,880104741687
1314103064,08/15/24,1.6,3.49,2,880104741687
1314103064,08/17/24,1.6,3.49,4,880104741687
1314103064,08/19/24,1.6,3.23,3,880104741687
1314103064,08/20/24,1.6,2.97,1,880104741687
1314103064,08/21/24,1.6,2.79,1,880104741687
1314103064,08/27/24,1.6,3.23,7,880104741687
1314103064,08/28/24,1.6,3.49,6,880104741687
1314103064,08/30/24,1.6,3.36,7,880104741687
1314103064,08/31/24,1.6,2.88,2,880104741687
1314103064,09/02/24,1.6,3.49,6,880104741687
1314103064,09/03/24,1.6,3.49,3,880104741687
1314103064,09/04/24,1.6,3.49,5,880104741687
1314103064,09/06/24,1.6,3.49,1,880104741687
1314103064,09/07/24,1.6,3.23,7,880104741687
1314103064,09/08/24,1.6,2.97,1,880104741687
1314103064,09/09/24,1.6,3.49,1,880104741687
1314103064,09/10/24,1.6,3.14,1,880104741687
1314103064,09/11/24,1.6,3.14,12,880104741687
1314103064,09/12/24,1.6,3.49,1,880104741687
1314103064,09/13/24,1.6,3.49,1,880104741687
1314103064,09/14/24,1.6,3.14,3,880104741687
1314103064,09/16/24,1.6,3.20,6,880104741687
1314103064,09/17/24,1.6,3.32,4,880104741687
1314103064,09/18/24,1.6,3.49,8,880104741687
1314103064,09/19/24,1.6,3.32,2,880104741687
1314103064,09/20/24,1.6,2.83,1,880104741687
1314103064,09/24/24,1.6,3.83,8,880104741687
1314103064,09/25/24,1.6,3.99,1,880104741687
1314103064,10/15/24,0.13,0.13,3,880104741687
1314103064,10/16/24,0.14,2.99,1,880104741687
1314103064,10/17/24,0.13,2.99,1,880104741687
1314103064,11/07/24,1.6,3.99,1,880104741687
1314103064,11/11/24,2,3.59,1,880104741687
1314103064,11/12/24,2,3.99,2,880104741687
1314103064,11/15/24,2,3.99,1,880104741687
1314103064,11/18/24,2,3.99,6,880104741687
1314103064,11/19/24,2,3.59,1,880104741687
1314103064,11/20/24,2,3.99,1,880104741687
1314105029,03/14/24,2.8,4.66,15,80717671054
1314105029,03/15/24,2.8,4.38,8,80717671054
1314105029,03/16/24,2.8,4.15,28,80717671054
1314105029,03/18/24,2.8,4.49,4,80717671054
1314105029,03/19/24,2.8,4.49,7,80717671054
1314105029,03/20/24,2.8,4.49,3,80717671054
1314105029,03/21/24,2.8,4.49,2,80717671054
1314105029,03/22/24,2.8,4.49,4,80717671054
1314105029,03/27/24,2.8,4.50,18,80717671054
1314105029,03/28/24,2.8,4.49,19,80717671054
1314105029,03/29/24,2.8,4.34,11,80717671054
1314105029,03/30/24,2.8,5.22,5,80717671054
1314105029,04/01/24,2.8,4.82,8,80717671054
1314105029,04/02/24,2.8,5.49,2,80717671054
1314105029,04/03/24,2.8,5.49,1,80717671054
1314105029,04/04/24,2.8,5.49,5,80717671054
1314105029,04/05/24,2.8,5.49,10,80717671054
1314105029,04/08/24,2.8,5.22,6,80717671054
1314105029,04/09/24,2.8,5.49,9,80717671054
1314105029,04/10/24,2.8,5.49,6,80717671054
1314105029,04/12/24,2.8,5.49,9,80717671054
1314105029,04/13/24,2.8,4.49,9,80717671054
1314105029,04/15/24,2.8,4.49,4,80717671054
1314105029,04/16/24,2.8,4.49,16,80717671054
1314105029,04/18/24,2.8,4.49,4,80717671054
1314105029,04/19/24,2.8,4.49,3,80717671054
1314105029,04/20/24,2.8,4.49,4,80717671054
1314105029,04/22/24,2.8,3.82,5,80717671054
1314105029,04/23/24,2.8,4.49,1,80717671054
1314105029,04/24/24,2.8,4.04,11,80717671054
1314105029,04/25/24,2.8,4.16,5,80717671054
1314105029,04/26/24,2.8,3.82,5,80717671054
1314105029,05/01/24,2.8,4.94,10,80717671054
1314105029,05/02/24,2.8,5.22,11,80717671054
1314105029,05/03/24,2.8,5.08,4,80717671054
1314105029,05/06/24,2.8,5.08,3,80717671054
1314105029,05/07/24,2.8,4.53,3,80717671054
1314105029,05/08/24,2.8,5.49,5,80717671054
1314105029,05/09/24,2.8,5.49,8,80717671054
1314105029,05/10/24,2.8,5.08,9,80717671054
1314105029,05/13/24,2.8,3.32,8,80717671054
1314105029,05/14/24,2.8,3.14,3,80717671054
1314105029,05/15/24,2.8,2.88,4,80717671054
1314105029,05/16/24,2.8,3.18,13,80717671054
1314105029,05/17/24,2.8,3.22,28,80717671054
1314105029,05/18/24,2.8,2.88,6,80717671054
1314105029,05/20/24,2.8,3.14,19,80717671054
1314105029,05/21/24,2.8,3.02,26,80717671054
1314105029,05/22/24,2.8,3.49,10,80717671054
1314105029,05/23/24,2.8,3.49,3,80717671054
1314105029,05/25/24,2.8,3.14,5,80717671054
1314105029,05/27/24,2.8,3.14,3,80717671054
1314105029,05/29/24,2.8,3.49,6,80717671054
1314105029,05/30/24,2.8,3.43,19,80717671054
1314105029,05/31/24,2.8,3.43,10,80717671054
1314105029,06/01/24,2.8,3.49,10,80717671054
1314105029,06/04/24,2.8,4.85,4,80717671054
1314105029,06/06/24,2.8,5.49,12,80717671054
1314105029,06/08/24,2.8,5.31,17,80717671054
1314105029,06/10/24,2.8,4.20,2,80717671054
1314105029,06/11/24,2.8,4.20,1,80717671054
1314105029,06/12/24,2.8,4.44,2,80717671054
1314105029,06/18/24,2.8,5.49,3,80717671054
1314105029,06/21/24,2.8,4.94,1,80717671054
1314105029,06/26/24,2.8,5.49,2,80717671054
1314105029,06/27/24,2.8,5.03,8,80717671054
1314105029,06/28/24,2.8,4.67,4,80717671054
1314105029,07/01/24,2.8,4.67,4,80717671054
1314105029,07/02/24,2.8,5.49,2,80717671054
1314105029,07/03/24,2.8,5.08,5,80717671054
1314105029,07/06/24,2.8,4.24,5,80717671054
1314105029,07/08/24,2.8,4.99,2,80717671054
1314105029,07/09/24,2.8,4.54,14,80717671054
1314105029,07/10/24,2.8,4.62,5,80717671054
1314105029,07/11/24,2.8,4.91,17,80717671054
1314105029,07/12/24,2.8,4.99,7,80717671054
1314105029,07/13/24,2.8,4.74,5,80717671054
1314105029,07/15/24,2.8,4.49,3,80717671054
1314105029,07/16/24,2.8,4.62,8,80717671054
1314105029,07/17/24,2.8,4.32,6,80717671054
1314105029,07/18/24,2.8,4.66,8,80717671054
1314105029,07/20/24,2.8,4.49,7,80717671054
1314105029,07/22/24,2.8,3.99,6,80717671054
1314105029,07/23/24,2.8,5.12,9,80717671054
1314105029,07/25/24,2.8,4.94,5,80717671054
1314105029,07/26/24,3.058666,4.76,7,80717671054
1314105029,07/27/24,3.055,4.94,2,80717671054
1314105029,07/29/24,3.05585,4.94,5,80717671054
1314105029,07/30/24,3.0575,4.70,3,80717671054
1314105029,07/31/24,3.0575,5.22,3,80717671054
1314105029,08/01/24,3.056,5.49,5,80717671054
1314105029,08/03/24,3.055,4.94,10,80717671054
1314105029,08/05/24,3.0575,4.94,3,80717671054
1314105029,08/06/24,3.0575,5.22,11,80717671054
1314105029,08/09/24,3.056666,5.31,7,80717671054
1314105029,08/12/24,3.06,5.49,1,80717671054
1314105029,08/14/24,3.055,4.94,2,80717671054
1314105029,08/16/24,3.0575,4.67,5,80717671054
1314105029,08/17/24,3.055,5.49,2,80717671054
1314105029,08/19/24,3.06,5.49,1,80717671054
1314105029,08/20/24,3.06,4.39,1,80717671054
1314105029,08/23/24,3.057566,4.85,9,80717671054
1314105029,08/26/24,3.056,5.49,5,80717671054
1314105029,08/27/24,3.057333,5.49,11,80717671054
1314105029,08/28/24,3.055,3.19,8,80717671054
1314105029,08/29/24,3.06,3.39,1,80717671054
1314105029,08/30/24,3.057337,3.59,20,80717671054
1314105029,08/31/24,3.05555,3.39,22,80717671054
1314105029,09/02/24,3.055625,3.69,21,80717671054
1314105029,09/03/24,3.054528,3.45,18,80717671054
1314105029,09/05/24,3.054428,3.73,14,80717671054
1314105029,09/06/24,3.055714,3.79,19,80717671054
1314105029,09/07/24,3.05453,3.73,31,80717671054
1314105029,09/08/24,3.054,3.99,5,80717671054
1314105029,09/09/24,2.877,3.78,8,80717671054
1314105029,09/10/24,2.8,3.59,7,80717671054
1314105029,09/11/24,2.8,4.27,15,80717671054
1314105029,09/12/24,2.8,4.74,3,80717671054
1314105029,09/13/24,2.852,5.03,17,80717671054
1314105029,09/14/24,2.835714,4.44,13,80717671054
1314105029,09/16/24,2.873,4.01,18,80717671054
1314105029,09/17/24,2.8,4.15,8,80717671054
1314105029,09/18/24,2.8,4.43,16,80717671054
1314105029,09/19/24,2.8,4.49,18,80717671054
1314105029,09/20/24,2.8,4.06,9,80717671054
1314105029,09/21/24,2.8,4.07,2,80717671054
1314105029,09/23/24,2.8,4.43,13,80717671054
1314105029,09/24/24,2.8,3.84,2,80717671054
1314105029,09/25/24,2.8,4.49,8,80717671054
1314105029,09/26/24,2.8,4.38,7,80717671054
1314105029,09/27/24,2.8,4.27,4,80717671054
1314105029,09/28/24,2.8,5.14,5,80717671054
1314105029,09/30/24,2.8,4.92,9,80717671054
1314105029,10/01/24,2.8,5.69,6,80717671054
1314105029,10/02/24,2.8,5.99,4,80717671054
1314105029,10/03/24,2.8,5.99,8,80717671054
1314105029,10/05/24,2.8,5.59,3,80717671054
1314105029,10/07/24,2.8,5.99,1,80717671054
1314105029,10/08/24,2.8,5.47,4,80717671054
1314105029,10/09/24,2.8,5.99,4,80717671054
1314105029,10/10/24,2.8,5.09,1,80717671054
1314105029,10/12/24,2.8,5.99,9,80717671054
1314105029,10/14/24,2.8,5.99,2,80717671054
1314105029,10/15/24,2.8,5.74,11,80717671054
1314105029,10/16/24,2.8,5.99,15,80717671054
1314105029,10/17/24,2.8,5.99,4,80717671054
1314105029,10/21/24,2.8,5.99,9,80717671054
1314105029,10/22/24,2.8,5.39,6,80717671054
1314105029,10/23/24,2.8,5.99,5,80717671054
1314105029,10/24/24,2.8975,5.99,8,80717671054
1314105029,10/25/24,3.055666,4.99,12,80717671054
1314105029,10/26/24,3.055,4.04,2,80717671054
1314105029,10/28/24,3.057,4.52,10,80717671054
1314105029,10/29/24,3.0575,4.27,14,80717671054
1314105029,10/30/24,3.0567,4.04,3,80717671054
1314105029,10/31/24,3.056428,4.64,14,80717671054
1314105029,11/01/24,3.057,4.19,16,80717671054
1314105029,11/04/24,3.055,5.99,2,80717671054
1314105029,11/05/24,3.055,5.69,4,80717671054
1314105029,11/06/24,3.055,5.99,10,80717671054
1314105029,11/07/24,3.055,5.99,2,80717671054
1314105029,11/08/24,3.055,5.39,4,80717671054
1314105029,11/09/24,3.06,3.86,3,80717671054
1314105029,11/11/24,3.055,3.59,2,80717671054
1314105029,11/12/24,3.05775,4.19,9,80717671054
1314105029,11/13/24,3.0575,3.99,7,80717671054
1314105029,11/14/24,3.0567,3.99,3,80717671054
1314105029,11/15/24,3.05334,3.83,9,80717671054
1314105029,11/16/24,3.057,3.99,6,80717671054
1314105029,11/18/24,3.055566,3.72,7,80717671054
1314105029,11/19/24,3.054,4.11,9,80717671054
1314105029,11/20/24,3.055,3.86,14,80717671054
