HSERVICE_ITEM.csv
ItemCode  ,Date                      ,Average_Cost,Average_Sales_Price,Total_Sales_Quantity,UPC          
1314105030,03/27/24,2.8,5.49,9,80717671100
1314105030,03/28/24,2.8,5.49,16,80717671100
1314105030,03/29/24,2.8,5.22,4,80717671100
1314105030,03/30/24,2.8,4.49,3,80717671100
1314105030,04/02/24,2.8,4.49,18,80717671100
1314105030,04/03/24,2.8,4.99,2,80717671100
1314105030,04/04/24,2.8,5.49,1,80717671100
1314105030,04/05/24,2.8,4.99,4,80717671100
1314105030,04/08/24,2.8,4.27,2,80717671100
1314105030,04/09/24,2.8,4.49,9,80717671100
1314105030,04/10/24,2.8,4.99,2,80717671100
1314105030,04/11/24,2.8,4.49,5,80717671100
1314105030,04/12/24,2.8,5.49,3,80717671100
1314105030,04/13/24,2.8,5.35,12,80717671100
1314105030,04/16/24,2.8,5.49,1,80717671100
1314105030,04/18/24,2.8,5.49,2,80717671100
1314105030,04/19/24,2.8,5.49,4,80717671100
1314105030,04/20/24,2.8,5.49,2,80717671100
1314105030,04/23/24,2.8,5.12,6,80717671100
1314105030,04/24/24,2.8,5.22,11,80717671100
1314105030,04/29/24,2.8,3.81,7,80717671100
1314105030,04/30/24,2.8,3.29,15,80717671100
1314105030,05/01/24,2.8,3.44,20,80717671100
1314105030,05/02/24,2.8,3.67,22,80717671100
1314105030,05/03/24,2.8,3.89,7,80717671100
1314105030,05/04/24,2.8,3.79,5,80717671100
1314105030,05/06/24,2.8,3.69,3,80717671100
1314105030,05/07/24,2.8,3.52,7,80717671100
1314105030,05/08/24,2.8,3.79,4,80717671100
1314105030,05/09/24,2.8,3.75,6,80717671100
1314105030,05/10/24,2.8,3.79,19,80717671100
1314105030,05/11/24,2.8,2.97,1,80717671100
1314105030,05/13/24,2.8,3.32,4,80717671100
1314105030,05/14/24,2.8,3.14,6,80717671100
1314105030,05/15/24,2.8,3.00,7,80717671100
1314105030,05/16/24,2.8,3.10,9,80717671100
1314105030,05/17/24,2.8,3.18,21,80717671100
1314105030,05/18/24,2.8,2.79,7,80717671100
1314105030,05/20/24,2.8,3.19,29,80717671100
1314105030,05/21/24,2.8,3.08,24,80717671100
1314105030,05/22/24,2.8,3.49,19,80717671100
1314105030,05/23/24,2.8,3.49,6,80717671100
1314105030,05/24/24,2.8,3.49,5,80717671100
1314105030,05/25/24,2.8,3.14,2,80717671100
1314105030,05/27/24,2.8,3.32,2,80717671100
1314105030,05/29/24,2.8,3.49,3,80717671100
1314105030,05/30/24,2.8,3.42,15,80717671100
1314105030,05/31/24,2.8,3.37,4,80717671100
1314105030,06/04/24,2.8,5.22,2,80717671100
1314105030,06/05/24,2.8,5.49,2,80717671100
1314105030,06/06/24,2.8,5.49,8,80717671100
1314105030,06/07/24,2.8,3.39,3,80717671100
1314105030,06/08/24,2.8,3.92,9,80717671100
1314105030,06/10/24,2.8,2.67,6,80717671100
1314105030,06/11/24,2.8,2.77,4,80717671100
1314105030,06/12/24,2.8,3.04,4,80717671100
1314105030,06/13/24,2.8,3.49,1,80717671100
1314105030,06/14/24,2.8,3.49,2,80717671100
1314105030,06/15/24,2.8,3.49,1,80717671100
1314105030,06/17/24,2.8,3.37,4,80717671100
1314105030,06/18/24,2.8,3.40,11,80717671100
1314105030,06/19/24,2.8,3.49,5,80717671100
1314105030,06/21/24,2.8,3.32,2,80717671100
1314105030,06/24/24,2.8,3.32,11,80717671100
1314105030,06/25/24,2.8,3.35,9,80717671100
1314105030,06/26/24,2.8,3.49,11,80717671100
1314105030,06/27/24,2.8,3.49,7,80717671100
1314105030,06/28/24,2.8,2.97,3,80717671100
1314105030,06/29/24,2.8,2.97,1,80717671100
1314105030,07/01/24,2.8,3.23,5,80717671100
1314105030,07/02/24,2.8,2.97,1,80717671100
1314105030,07/03/24,2.8,2.97,3,80717671100
1314105030,07/05/24,2.8,3.18,5,80717671100
1314105030,07/06/24,2.8,2.97,10,80717671100
1314105030,07/08/24,2.8,2.97,5,80717671100
1314105030,07/09/24,2.8,3.14,4,80717671100
1314105030,07/10/24,2.8,3.10,12,80717671100
1314105030,07/11/24,2.8,3.32,12,80717671100
1314105030,07/12/24,2.8,3.49,12,80717671100
1314105030,07/13/24,2.8,3.14,7,80717671100
1314105030,07/15/24,2.8,3.14,3,80717671100
1314105030,07/17/24,2.8,2.79,2,80717671100
1314105030,07/18/24,2.8,3.02,5,80717671100
1314105030,07/20/24,2.8,3.14,7,80717671100
1314105030,07/22/24,2.8,2.75,11,80717671100
1314105030,07/23/24,2.8,2.72,14,80717671100
1314105030,07/24/24,2.8,2.63,3,80717671100
1314105030,07/25/24,2.8,2.96,20,80717671100
1314105030,07/26/24,2.8,3.03,9,80717671100
1314105030,07/27/24,2.8,3.22,13,80717671100
1314105030,07/29/24,2.8,2.96,18,80717671100
1314105030,07/30/24,2.8,2.96,1,80717671100
1314105030,07/31/24,2.8,3.21,15,80717671100
1314105030,08/01/24,2.8,3.18,12,80717671100
1314105030,08/02/24,2.8,3.22,18,80717671100
1314105030,08/03/24,2.8,3.00,18,80717671100
1314105030,08/05/24,2.8,3.03,8,80717671100
1314105030,08/06/24,2.8,3.15,8,80717671100
1314105030,08/07/24,2.8,3.14,1,80717671100
1314105030,08/08/24,2.8,3.49,2,80717671100
1314105030,08/09/24,2.8,2.63,1,80717671100
1314105030,08/10/24,2.8,3.32,2,80717671100
1314105030,08/14/24,2.8,3.32,2,80717671100
1314105030,08/15/24,2.8,3.37,5,80717671100
1314105030,08/16/24,2.8,3.30,22,80717671100
1314105030,08/17/24,2.8,2.97,1,80717671100
1314105030,08/19/24,2.8,3.49,1,80717671100
1314105030,08/21/24,2.8,2.79,5,80717671100
1314105030,08/22/24,2.8,3.49,2,80717671100
1314105030,08/23/24,2.8,3.39,14,80717671100
1314105030,08/24/24,2.8,3.49,4,80717671100
1314105030,08/26/24,2.8,3.49,2,80717671100
1314105030,08/27/24,2.8,3.37,25,80717671100
1314105030,08/28/24,2.8,2.97,1,80717671100
1314105030,08/29/24,2.8,3.23,4,80717671100
1314105030,08/30/24,2.8,3.06,11,80717671100
1314105030,08/31/24,2.8,2.85,6,80717671100
1314105030,09/02/24,2.8,3.18,7,80717671100
1314105030,09/03/24,2.8,3.08,17,80717671100
1314105030,09/04/24,2.8,3.14,4,80717671100
1314105030,09/05/24,2.8,3.14,5,80717671100
1314105030,09/06/24,2.8,3.35,24,80717671100
1314105030,09/07/24,2.8,3.42,23,80717671100
1314105030,09/08/24,2.8,3.49,6,80717671100
1314105030,09/09/24,2.8,3.05,8,80717671100
1314105030,09/10/24,2.8,3.14,14,80717671100
1314105030,09/11/24,2.8,3.35,9,80717671100
1314105030,09/12/24,2.8,3.40,6,80717671100
1314105030,09/13/24,2.8,3.41,26,80717671100
1314105030,09/14/24,2.8,3.35,8,80717671100
1314105030,09/16/24,2.8,3.20,16,80717671100
1314105030,09/17/24,2.8,3.14,9,80717671100
1314105030,09/18/24,2.8,3.34,18,80717671100
1314105030,09/19/24,2.8,3.45,27,80717671100
1314105030,09/20/24,2.8,3.16,2,80717671100
1314105030,09/21/24,2.8,3.34,5,80717671100
1314105030,09/23/24,2.8,3.82,16,80717671100
1314105030,09/24/24,2.8,3.77,16,80717671100
1314105030,09/25/24,2.8,3.77,30,80717671100
1314105030,09/26/24,2.8,3.92,10,80717671100
1314105030,09/27/24,2.8,3.71,11,80717671100
1314105030,09/28/24,2.8,5.14,11,80717671100
1314105030,09/30/24,2.8,4.79,4,80717671100
1314105030,10/01/24,2.8,5.69,3,80717671100
1314105030,10/02/24,2.8,5.99,4,80717671100
1314105030,10/03/24,2.8325,5.99,6,80717671100
1314105030,10/04/24,3.06,5.39,1,80717671100
1314105030,10/05/24,3.06,5.99,1,80717671100
1314105030,10/07/24,3.06,5.99,1,80717671100
1314105030,10/08/24,3.06,5.54,2,80717671100
1314105030,10/09/24,3.055566,5.39,7,80717671100
1314105030,10/10/24,3.05754,5.45,12,80717671100
1314105030,10/12/24,3.0525,5.69,3,80717671100
1314105030,10/14/24,3.05585,5.24,5,80717671100
1314105030,10/15/24,3.055825,5.77,8,80717671100
1314105030,10/16/24,3.055,5.99,10,80717671100
1314105030,10/19/24,3.05475,4.87,19,80717671100
1314105030,10/21/24,3.057233,4.66,6,80717671100
1314105030,10/22/24,3.0525,4.49,3,80717671100
1314105030,10/23/24,3.055,4.99,4,80717671100
1314105030,10/24/24,3.056,4.74,10,80717671100
1314105030,10/25/24,3.055666,3.86,12,80717671100
1314105030,10/26/24,3.055,3.59,4,80717671100
1314105030,10/28/24,3.05754,3.95,17,80717671100
1314105030,10/29/24,3.056666,3.72,9,80717671100
1314105030,10/30/24,3.0589,3.92,10,80717671100
1314105030,10/31/24,3.056428,3.88,16,80717671100
1314105030,11/01/24,3.0565,3.79,18,80717671100
1314105030,11/02/24,3.055,3.59,2,80717671100
1314105030,11/04/24,3.055,3.79,4,80717671100
1314105030,11/05/24,3.055875,3.69,21,80717671100
1314105030,11/06/24,3.0575,3.99,3,80717671100
1314105030,11/07/24,3.056875,3.99,19,80717671100
1314105030,11/08/24,3.058333,3.86,8,80717671100
1314105030,11/09/24,3.058333,3.99,4,80717671100
1314105030,11/11/24,3.055,4.14,6,80717671100
1314105030,11/12/24,3.0575,3.79,3,80717671100
1314105030,11/13/24,3.058333,3.99,8,80717671100
1314105030,11/14/24,3.0567,3.99,3,80717671100
1314105030,11/15/24,3.055675,3.89,10,80717671100
1314105030,11/16/24,3.054,3.99,5,80717671100
1314105030,11/18/24,3.055,3.99,2,80717671100
1314105030,11/19/24,3.055,4.11,8,80717671100
1314105030,11/20/24,3.054825,3.99,12,80717671100
1314105031,03/14/24,2.8,5.49,12,80717671098
1314105031,03/15/24,2.8,5.49,2,80717671098
1314105031,03/16/24,2.8,5.49,10,80717671098
1314105031,03/19/24,2.8,5.49,2,80717671098
1314105031,03/20/24,2.8,5.49,4,80717671098
1314105031,03/21/24,2.8,5.49,1,80717671098
1314105031,03/22/24,2.8,5.49,2,80717671098
1314105031,03/27/24,2.8,5.49,15,80717671098
1314105031,03/28/24,2.8,5.49,13,80717671098
1314105031,03/29/24,2.8,4.94,6,80717671098
1314105031,04/01/24,2.8,5.49,1,80717671098
1314105031,04/02/24,2.8,5.49,5,80717671098
1314105031,04/03/24,2.8,5.49,1,80717671098
1314105031,04/05/24,2.8,5.49,4,80717671098
1314105031,04/08/24,2.8,5.49,2,80717671098
1314105031,04/09/24,2.8,5.49,9,80717671098
1314105031,04/12/24,2.8,5.49,3,80717671098
1314105031,04/13/24,2.8,4.49,6,80717671098
1314105031,04/16/24,2.8,4.49,17,80717671098
1314105031,04/18/24,2.8,4.49,1,80717671098
1314105031,04/19/24,2.8,4.49,4,80717671098
1314105031,04/22/24,2.8,3.82,10,80717671098
1314105031,04/23/24,2.8,4.49,5,80717671098
1314105031,04/24/24,2.8,4.04,11,80717671098
1314105031,04/25/24,2.8,3.82,3,80717671098
1314105031,04/26/24,2.8,3.82,6,80717671098
1314105031,04/29/24,2.8,4.67,1,80717671098
1314105031,04/30/24,2.8,4.67,5,80717671098
1314105031,05/01/24,2.8,4.39,1,80717671098
1314105031,05/02/24,2.8,5.29,16,80717671098
1314105031,05/03/24,2.8,5.49,2,80717671098
1314105031,05/04/24,2.8,5.49,2,80717671098
1314105031,05/06/24,2.8,4.94,20,80717671098
1314105031,05/07/24,2.8,5.01,13,80717671098
1314105031,05/08/24,2.8,5.08,7,80717671098
1314105031,05/09/24,2.8,5.22,9,80717671098
1314105031,05/13/24,2.8,3.36,9,80717671098
1314105031,05/14/24,2.8,3.08,9,80717671098
1314105031,05/15/24,2.8,2.86,9,80717671098
1314105031,05/16/24,2.8,3.23,7,80717671098
1314105031,05/17/24,2.8,3.20,20,80717671098
1314105031,05/18/24,2.8,2.97,2,80717671098
1314105031,05/20/24,2.8,2.97,17,80717671098
1314105031,05/21/24,2.8,3.05,21,80717671098
1314105031,05/22/24,2.8,3.49,10,80717671098
1314105031,05/23/24,2.8,3.49,2,80717671098
1314105031,05/25/24,2.8,3.14,4,80717671098
1314105031,05/29/24,2.8,3.49,10,80717671098
1314105031,05/30/24,2.8,3.40,13,80717671098
1314105031,05/31/24,2.8,3.49,3,80717671098
1314105031,06/01/24,2.8,3.14,6,80717671098
1314105031,06/03/24,2.8,3.14,2,80717671098
1314105031,06/04/24,2.8,4.22,3,80717671098
1314105031,06/05/24,2.8,5.49,1,80717671098
1314105031,06/06/24,2.8,5.49,13,80717671098
1314105031,06/07/24,2.8,5.49,1,80717671098
1314105031,06/08/24,2.8,5.22,2,80717671098
1314105031,06/10/24,2.8,4.36,3,80717671098
1314105031,06/11/24,2.8,4.44,7,80717671098
1314105031,06/13/24,2.8,4.67,10,80717671098
1314105031,06/15/24,2.8,4.94,2,80717671098
1314105031,06/18/24,2.8,5.49,4,80717671098
1314105031,06/19/24,2.8,5.49,2,80717671098
1314105031,06/20/24,2.8,5.49,8,80717671098
1314105031,06/21/24,2.8,5.22,9,80717671098
1314105031,06/25/24,2.8,5.49,1,80717671098
1314105031,06/26/24,2.8,5.49,3,80717671098
1314105031,06/27/24,2.8,5.08,6,80717671098
1314105031,06/28/24,2.8,4.67,1,80717671098
1314105031,07/02/24,2.8,5.49,2,80717671098
1314105031,07/05/24,2.8,4.67,1,80717671098
1314105031,07/08/24,2.8,5.08,5,80717671098
1314105031,07/09/24,2.8,4.74,13,80717671098
1314105031,07/10/24,2.8,4.99,3,80717671098
1314105031,07/11/24,2.8,4.88,12,80717671098
1314105031,07/12/24,2.8,4.87,9,80717671098
1314105031,07/16/24,2.8,4.49,5,80717671098
1314105031,07/17/24,2.8,4.49,7,80717671098
1314105031,07/18/24,2.8,4.66,8,80717671098
1314105031,07/20/24,2.8,4.39,7,80717671098
1314105031,07/23/24,2.8,4.94,11,80717671098
1314105031,07/25/24,2.8,4.39,2,80717671098
1314105031,07/26/24,2.8,5.49,1,80717671098
1314105031,07/27/24,2.8,4.94,2,80717671098
1314105031,07/30/24,2.8,5.22,6,80717671098
1314105031,07/31/24,2.8,4.94,3,80717671098
1314105031,08/01/24,2.8,4.94,1,80717671098
1314105031,08/05/24,2.8,4.94,7,80717671098
1314105031,08/06/24,2.8,5.49,3,80717671098
1314105031,08/08/24,2.8,5.49,1,80717671098
1314105031,08/15/24,2.8,5.49,10,80717671098
1314105031,08/16/24,2.8,5.49,3,80717671098
1314105031,08/17/24,2.8,5.49,2,80717671098
1314105031,08/19/24,2.8,5.49,5,80717671098
1314105031,08/21/24,2.8,4.67,4,80717671098
1314105031,08/23/24,2.8,5.22,8,80717671098
1314105031,08/27/24,2.8,5.49,1,80717671098
1314105031,08/29/24,2.8,5.49,3,80717671098
1314105031,08/30/24,2.8,5.22,7,80717671098
1314105031,08/31/24,2.8,5.49,1,80717671098
1314105031,09/02/24,2.8,5.49,2,80717671098
1314105031,09/03/24,2.8,4.67,8,80717671098
1314105031,09/05/24,2.8,5.12,5,80717671098
1314105031,09/07/24,2.8,5.33,12,80717671098
1314105031,09/09/24,2.8,4.94,1,80717671098
1314105031,09/10/24,2.8,5.22,3,80717671098
1314105031,09/11/24,2.8,5.49,2,80717671098
1314105031,09/12/24,2.8,5.49,4,80717671098
1314105031,09/13/24,2.8,5.38,16,80717671098
1314105031,09/14/24,2.8,4.17,4,80717671098
1314105031,09/16/24,2.8,4.10,20,80717671098
1314105031,09/17/24,2.8,3.59,4,80717671098
1314105031,09/18/24,2.8,3.88,10,80717671098
1314105031,09/19/24,2.8,3.91,16,80717671098
1314105031,09/20/24,2.8,3.23,1,80717671098
1314105031,09/21/24,2.8,3.59,2,80717671098
1314105031,09/23/24,2.8,3.93,13,80717671098
1314105031,09/24/24,2.8,3.69,16,80717671098
1314105031,09/25/24,2.8,3.91,26,80717671098
1314105031,09/26/24,2.8,3.89,12,80717671098
1314105031,09/27/24,2.8,3.99,1,80717671098
1314105031,09/28/24,2.8,5.39,8,80717671098
1314105031,09/30/24,2.8,4.79,3,80717671098
1314105031,10/03/24,2.8,5.84,13,80717671098
1314105031,10/05/24,2.8,5.69,2,80717671098
1314105031,10/07/24,2.8,5.99,1,80717671098
1314105031,10/08/24,2.8,5.49,10,80717671098
1314105031,10/09/24,2.8,5.99,4,80717671098
1314105031,10/10/24,2.8,5.32,12,80717671098
1314105031,10/12/24,2.8,5.99,3,80717671098
1314105031,10/15/24,2.8,5.54,3,80717671098
1314105031,10/16/24,2.8,5.99,6,80717671098
1314105031,10/19/24,2.8,5.99,2,80717671098
1314105031,10/21/24,2.8,5.39,1,80717671098
1314105031,10/22/24,2.8,5.59,3,80717671098
1314105031,10/23/24,2.8,5.99,2,80717671098
1314105031,10/24/24,2.8,5.39,1,80717671098
1314105031,10/25/24,2.8,3.59,2,80717671098
1314105031,10/28/24,2.8,3.69,14,80717671098
1314105031,10/29/24,2.8,3.59,1,80717671098
1314105031,10/30/24,2.8,3.79,12,80717671098
1314105031,10/31/24,2.8,3.99,3,80717671098
1314105031,11/01/24,2.8,3.59,10,80717671098
1314105031,11/02/24,2.8,3.59,3,80717671098
1314105031,11/05/24,2.8,3.79,18,80717671098
1314105031,11/06/24,2.8,3.79,2,80717671098
1314105031,11/07/24,2.8,3.99,8,80717671098
1314105031,11/08/24,2.8,3.59,7,80717671098
1314105031,11/11/24,2.8,3.99,3,80717671098
1314105031,11/12/24,2.8,4.29,9,80717671098
1314105031,11/13/24,2.8,3.86,6,80717671098
1314105031,11/14/24,2.8,3.99,3,80717671098
1314105031,11/15/24,2.8,3.99,6,80717671098
1314105031,11/16/24,2.8,5.39,3,80717671098
1314105031,11/18/24,2.8,3.99,2,80717671098
1314105031,11/19/24,2.8,3.72,5,80717671098
1314105031,11/20/24,2.8,3.86,7,80717671098
