HSERVICE_ITEM.csv
ItemCode  ,Date                      ,Average_Cost,Average_Sales_Price,Total_Sales_Quantity,UPC          
1314105032,03/14/24,2.8,4.49,32,80717671116
1314105032,03/15/24,2.8,4.38,29,80717671116
1314105032,03/16/24,2.8,4.27,27,80717671116
1314105032,03/18/24,2.8,4.49,8,80717671116
1314105032,03/19/24,2.8,4.49,21,80717671116
1314105032,03/20/24,2.8,4.49,5,80717671116
1314105032,03/21/24,2.8,4.49,4,80717671116
1314105032,03/22/24,2.8,4.49,19,80717671116
1314105032,03/27/24,2.8,4.44,49,80717671116
1314105032,03/28/24,2.8,4.49,20,80717671116
1314105032,03/29/24,2.8,4.34,9,80717671116
1314105032,03/30/24,2.8,5.22,8,80717671116
1314105032,04/01/24,2.8,4.72,2,80717671116
1314105032,04/02/24,2.8,5.35,13,80717671116
1314105032,04/05/24,2.8,5.49,3,80717671116
1314105032,04/08/24,2.8,5.49,6,80717671116
1314105032,04/10/24,2.8,5.49,2,80717671116
1314105032,04/11/24,2.8,5.49,4,80717671116
1314105032,04/12/24,2.8,5.16,17,80717671116
1314105032,04/13/24,2.8,4.31,12,80717671116
1314105032,04/16/24,2.8,4.49,28,80717671116
1314105032,04/17/24,2.8,4.49,2,80717671116
1314105032,04/18/24,2.8,4.49,5,80717671116
1314105032,04/19/24,2.8,4.49,16,80717671116
1314105032,04/20/24,2.8,4.04,8,80717671116
1314105032,04/22/24,2.8,3.82,6,80717671116
1314105032,04/23/24,2.8,4.12,23,80717671116
1314105032,04/24/24,2.8,4.27,12,80717671116
1314105032,04/25/24,2.8,4.32,9,80717671116
1314105032,04/26/24,2.8,3.93,10,80717671116
1314105032,04/29/24,2.8,5.08,7,80717671116
1314105032,04/30/24,2.8,4.13,4,80717671116
1314105032,05/01/24,2.8,4.94,8,80717671116
1314105032,05/02/24,2.8,5.29,17,80717671116
1314105032,05/03/24,2.8,5.12,3,80717671116
1314105032,05/04/24,2.8,5.49,1,80717671116
1314105032,05/06/24,2.8,5.49,7,80717671116
1314105032,05/07/24,2.8,4.94,4,80717671116
1314105032,05/08/24,2.8,4.53,3,80717671116
1314105032,05/09/24,2.8,5.49,2,80717671116
1314105032,05/10/24,2.8,5.49,6,80717671116
1314105032,05/11/24,2.8,5.49,2,80717671116
1314105032,05/13/24,2.8,3.30,20,80717671116
1314105032,05/14/24,2.8,3.26,10,80717671116
1314105032,05/15/24,2.8,3.08,12,80717671116
1314105032,05/16/24,2.8,3.18,14,80717671116
1314105032,05/17/24,2.8,3.23,30,80717671116
1314105032,05/18/24,2.8,2.79,2,80717671116
1314105032,05/20/24,2.8,3.16,35,80717671116
1314105032,05/21/24,2.8,3.14,39,80717671116
1314105032,05/22/24,2.8,3.49,24,80717671116
1314105032,05/23/24,2.8,3.49,17,80717671116
1314105032,05/24/24,2.8,3.37,18,80717671116
1314105032,05/25/24,2.8,3.14,6,80717671116
1314105032,05/27/24,2.8,3.32,2,80717671116
1314105032,05/29/24,2.8,3.49,12,80717671116
1314105032,05/30/24,2.8,3.40,19,80717671116
1314105032,05/31/24,2.8,3.40,9,80717671116
1314105032,06/01/24,2.8,3.49,10,80717671116
1314105032,06/03/24,2.8,5.22,9,80717671116
1314105032,06/04/24,2.8,5.22,3,80717671116
1314105032,06/06/24,2.8,5.49,1,80717671116
1314105032,06/08/24,2.8,5.12,29,80717671116
1314105032,06/10/24,2.8,4.85,2,80717671116
1314105032,06/11/24,2.8,4.20,5,80717671116
1314105032,06/12/24,2.8,4.85,7,80717671116
1314105032,06/13/24,2.8,4.94,5,80717671116
1314105032,06/14/24,2.8,5.49,5,80717671116
1314105032,06/15/24,2.8,4.94,2,80717671116
1314105032,06/17/24,2.8,5.49,1,80717671116
1314105032,06/18/24,2.8,5.49,4,80717671116
1314105032,06/19/24,2.8,5.49,5,80717671116
1314105032,06/21/24,2.8,5.31,3,80717671116
1314105032,06/22/24,2.8,4.94,16,80717671116
1314105032,06/24/24,2.8,5.49,2,80717671116
1314105032,06/25/24,2.8,5.22,11,80717671116
1314105032,06/26/24,2.8,5.49,11,80717671116
1314105032,06/27/24,2.8,5.15,9,80717671116
1314105032,06/28/24,2.8,4.81,10,80717671116
1314105032,06/29/24,2.8,5.49,4,80717671116
1314105032,07/01/24,2.8,4.67,2,80717671116
1314105032,07/02/24,2.8,5.08,3,80717671116
1314105032,07/03/24,2.8,4.88,10,80717671116
1314105032,07/05/24,2.8,5.49,11,80717671116
1314105032,07/06/24,2.8,4.67,5,80717671116
1314105032,07/08/24,2.8,4.88,10,80717671116
1314105032,07/09/24,2.8,5.03,8,80717671116
1314105032,07/10/24,2.8,5.16,20,80717671116
1314105032,07/11/24,2.8,5.35,42,80717671116
1314105032,07/12/24,2.8,5.49,7,80717671116
1314105032,07/13/24,2.8,4.94,8,80717671116
1314105032,07/15/24,2.8,5.22,6,80717671116
1314105032,07/16/24,2.8,5.49,4,80717671116
1314105032,07/18/24,2.8,4.39,5,80717671116
1314105032,07/20/24,2.8,4.39,1,80717671116
1314105032,07/22/24,2.8,3.99,5,80717671116
1314105032,07/23/24,2.8,4.39,12,80717671116
1314105032,07/24/24,3,3.99,11,80717671116
1314105032,07/25/24,3,4.42,17,80717671116
1314105032,07/26/24,3,4.66,11,80717671116
1314105032,07/27/24,3,4.74,4,80717671116
1314105032,07/29/24,3,4.56,23,80717671116
1314105032,07/30/24,3,4.49,2,80717671116
1314105032,07/31/24,3,4.89,11,80717671116
1314105032,08/01/24,3,4.99,1,80717671116
1314105032,08/02/24,3,4.79,14,80717671116
1314105032,08/03/24,3,4.73,23,80717671116
1314105032,08/05/24,3,5.22,6,80717671116
1314105032,08/06/24,3,5.22,24,80717671116
1314105032,08/07/24,3,5.49,2,80717671116
1314105032,08/08/24,3,5.49,2,80717671116
1314105032,08/09/24,3,5.16,15,80717671116
1314105032,08/10/24,3,4.94,1,80717671116
1314105032,08/13/24,3,4.94,4,80717671116
1314105032,08/14/24,3,5.22,3,80717671116
1314105032,08/15/24,3,5.22,3,80717671116
1314105032,08/16/24,3,5.08,17,80717671116
1314105032,08/17/24,3,5.31,8,80717671116
1314105032,08/19/24,3,5.49,5,80717671116
1314105032,08/20/24,3,4.94,3,80717671116
1314105032,08/21/24,3,5.08,6,80717671116
1314105032,08/23/24,3,5.03,17,80717671116
1314105032,08/24/24,3,5.49,4,80717671116
1314105032,08/26/24,3,5.49,5,80717671116
1314105032,08/27/24,3,4.86,31,80717671116
1314105032,08/28/24,3,4.24,20,80717671116
1314105032,08/29/24,3,3.71,8,80717671116
1314105032,08/30/24,3,3.63,18,80717671116
1314105032,08/31/24,3,3.51,45,80717671116
1314105032,09/02/24,3,3.66,22,80717671116
1314105032,09/03/24,2.908888,3.63,31,80717671116
1314105032,09/04/24,2.8,3.99,3,80717671116
1314105032,09/05/24,2.8,3.79,19,80717671116
1314105032,09/06/24,2.8,3.87,35,80717671116
1314105032,09/07/24,2.8,3.80,44,80717671116
1314105032,09/08/24,2.8,3.99,5,80717671116
1314105032,09/09/24,2.8,3.86,10,80717671116
1314105032,09/10/24,2.8,3.67,18,80717671116
1314105032,09/11/24,2.8,3.85,27,80717671116
1314105032,09/12/24,2.8,5.49,11,80717671116
1314105032,09/13/24,2.822222,5.26,23,80717671116
1314105032,09/14/24,2.8,4.42,19,80717671116
1314105032,09/16/24,2.8,4.16,23,80717671116
1314105032,09/17/24,2.8,4.15,17,80717671116
1314105032,09/18/24,2.8,4.32,37,80717671116
1314105032,09/19/24,2.8,4.39,47,80717671116
1314105032,09/20/24,2.8,4.06,18,80717671116
1314105032,09/21/24,2.8,4.17,5,80717671116
1314105032,09/23/24,2.8,4.38,34,80717671116
1314105032,09/24/24,2.8,4.18,18,80717671116
1314105032,09/25/24,2.8,4.51,25,80717671116
1314105032,09/26/24,2.8,4.43,13,80717671116
1314105032,09/27/24,2.8,4.12,9,80717671116
1314105032,09/28/24,2.8,5.40,8,80717671116
1314105032,09/30/24,2.8,5.13,7,80717671116
1314105032,10/01/24,2.8,5.79,7,80717671116
1314105032,10/02/24,2.8,5.99,11,80717671116
1314105032,10/03/24,2.8,5.84,26,80717671116
1314105032,10/04/24,2.8,5.39,2,80717671116
1314105032,10/05/24,2.8,5.63,12,80717671116
1314105032,10/07/24,2.8,5.89,20,80717671116
1314105032,10/08/24,2.8,5.39,12,80717671116
1314105032,10/09/24,2.8,5.81,13,80717671116
1314105032,10/10/24,2.8,5.39,12,80717671116
1314105032,10/11/24,2.8,5.99,2,80717671116
1314105032,10/12/24,2.8,5.69,16,80717671116
1314105032,10/14/24,2.8,5.69,10,80717671116
1314105032,10/15/24,2.8,5.50,13,80717671116
1314105032,10/16/24,2.8,5.99,13,80717671116
1314105032,10/19/24,2.8,5.99,7,80717671116
1314105032,10/21/24,2.8,5.59,6,80717671116
1314105032,10/22/24,2.8,5.69,5,80717671116
1314105032,10/23/24,2.8,5.99,13,80717671116
1314105032,10/24/24,2.8,5.99,3,80717671116
1314105032,10/25/24,2.8,4.82,20,80717671116
1314105032,10/28/24,2.8,4.22,14,80717671116
1314105032,10/29/24,2.8,4.38,14,80717671116
1314105032,10/30/24,2.8,4.49,14,80717671116
1314105032,10/31/24,2.8,4.44,24,80717671116
1314105032,11/01/24,2.8,4.31,19,80717671116
1314105032,11/02/24,2.8,4.38,21,80717671116
1314105032,11/04/24,2.8,5.99,2,80717671116
1314105032,11/05/24,2.8,5.99,12,80717671116
1314105032,11/06/24,2.8,5.99,8,80717671116
1314105032,11/08/24,2.8,5.99,1,80717671116
1314105032,11/09/24,2.8,3.89,5,80717671116
1314105032,11/11/24,2.8,4.52,4,80717671116
1314105032,11/12/24,2.8,3.86,18,80717671116
1314105032,11/13/24,2.8,3.99,15,80717671116
1314105032,11/14/24,2.8,5.99,3,80717671116
1314105032,11/15/24,2.8,3.89,22,80717671116
1314105032,11/16/24,2.8,4.09,21,80717671116
1314105032,11/18/24,2.8,3.79,4,80717671116
1314105032,11/19/24,2.8,3.97,22,80717671116
1314105032,11/20/24,2.8,3.92,16,80717671116
1314105032,11/21/24,2.8,3.99,1,80717671116
1314105034,03/14/24,3.5,4.99,3,880104589234
1314105034,07/20/24,3.33125,6.99,5,880104589234
1314105034,07/22/24,3.33,5.59,1,880104589234
1314105034,07/23/24,3.3333,6.99,3,880104589234
1314105034,07/24/24,3.334,5.59,5,880104589234
1314105034,07/25/24,3.3333,5.59,3,880104589234
1314105034,07/27/24,3.5,6.29,1,880104589234
1314105034,07/31/24,3.5,6.99,2,880104589234
1314105034,08/05/24,3.5,5.17,6,880104589234
1314105034,08/06/24,3.5,4.15,9,880104589234
1314105034,08/07/24,3.5,4.19,6,880104589234
1314105034,08/08/24,3.5,4.21,7,880104589234
1314105034,08/09/24,3.5,4.04,2,880104589234
1314105034,08/10/24,3.5,4.15,13,880104589234
1314105034,08/12/24,3.5,4.19,8,880104589234
1314105034,08/13/24,3.5,3.91,15,880104589234
1314105034,08/14/24,3.5,4.10,8,880104589234
1314105034,08/15/24,3.500333,4.06,14,880104589234
1314105034,08/16/24,3.5,4.23,26,880104589234
1314105034,08/17/24,3.5,4.04,8,880104589234
1314105034,08/19/24,3.5,6.99,1,880104589234
1314105034,08/20/24,3.5,5.04,4,880104589234
1314105034,08/21/24,3.5,5.94,4,880104589234
1314105034,08/23/24,3.38,4.81,11,880104589234
1314105034,08/24/24,2.9,6.99,3,880104589234
1314105034,08/26/24,2.9,6.99,2,880104589234
1314105034,08/27/24,2.9,6.47,11,880104589234
1314105034,08/28/24,2.9,6.99,1,880104589234
1314105034,08/31/24,2.9,6.47,2,880104589234
1314105034,09/02/24,2.9,4.24,2,880104589234
1314105034,09/03/24,2.9,4.64,15,880104589234
1314105034,09/04/24,2.9,4.99,3,880104589234
1314105034,09/05/24,2.9,4.37,12,880104589234
1314105034,09/06/24,2.99,4.67,21,880104589234
1314105034,09/07/24,2.9,4.59,8,880104589234
1314105034,09/08/24,2.9,3.99,3,880104589234
1314105034,09/09/24,2.9,4.45,10,880104589234
1314105034,09/10/24,2.9,4.57,9,880104589234
1314105034,09/11/24,2.9,4.93,18,880104589234
1314105034,09/13/24,2.9,4.90,38,880104589234
1314105034,09/14/24,2.9,6.99,3,880104589234
1314105034,09/16/24,2.9,4.14,4,880104589234
1314105034,10/05/24,2.9,6.99,1,880104589234
1314105034,10/07/24,2.9,6.64,4,880104589234
1314105034,10/08/24,2.9,6.99,1,880104589234
1314105034,10/09/24,3.5,6.29,8,880104589234
1314105034,10/10/24,3.5,6.99,15,880104589234
1314105034,10/11/24,3.5,6.99,10,880104589234
1314105034,10/12/24,3.5,6.99,8,880104589234
1314105034,10/15/24,3.5,6.43,6,880104589234
1314105034,10/16/24,3.5,6.99,5,880104589234
1314105034,10/21/24,3.5,6.29,1,880104589234
1314105034,10/22/24,3.5,6.29,1,880104589234
1314105034,10/23/24,3.5,6.99,6,880104589234
1314105034,10/24/24,3.5,6.99,1,880104589234
1314105034,10/29/24,3.5,6.29,2,880104589234
1314105034,10/30/24,3.5,6.99,7,880104589234
1314105034,10/31/24,3.5,6.29,2,880104589234
1314105034,11/01/24,3.5,6.99,10,880104589234
1314105034,11/02/24,3.5,6.29,1,880104589234
1314105034,11/04/24,3.5,6.99,1,880104589234
1314105034,11/05/24,3.5,6.99,3,880104589234
1314105034,11/11/24,3.5,4.49,4,880104589234
1314105034,11/12/24,3.5,4.74,7,880104589234
1314105034,11/13/24,3.5,5.29,9,880104589234
1314105034,11/14/24,3.5,4.49,2,880104589234
1314105034,11/15/24,3.5,5.32,18,880104589234
1314105034,11/16/24,3.5,4.62,10,880104589234
1314105034,11/18/24,3.5,4.49,3,880104589234
1314105034,11/19/24,3.5,4.79,8,880104589234
1314105034,11/20/24,3.5,4.99,4,880104589234
