HSERVICE_ITEM.csv
ItemCode  ,Date                      ,Average_Cost,Average_Sales_Price,Total_Sales_Quantity,UPC          
1314301062,03/14/24,2.4,5.49,15,80717671036
1314301062,03/15/24,2.4,5.49,14,80717671036
1314301062,03/19/24,2.4,5.49,3,80717671036
1314301062,03/20/24,2.4,5.49,4,80717671036
1314301062,03/21/24,2.4,5.49,1,80717671036
1314301062,03/22/24,2.4,4.94,5,80717671036
1314301062,03/27/24,2.4,5.44,27,80717671036
1314301062,03/28/24,2.4,5.49,13,80717671036
1314301062,03/29/24,2.4,4.94,3,80717671036
1314301062,03/30/24,2.4,4.62,6,80717671036
1314301062,04/01/24,2.4,4.54,3,80717671036
1314301062,04/02/24,2.4,4.40,26,80717671036
1314301062,04/03/24,2.4,4.74,6,80717671036
1314301062,04/04/24,2.4,5.49,1,80717671036
1314301062,04/05/24,2.4,5.22,8,80717671036
1314301062,04/08/24,2.4,3.89,10,80717671036
1314301062,04/09/24,2.4,3.99,13,80717671036
1314301062,04/10/24,2.4,4.49,12,80717671036
1314301062,04/11/24,2.4,3.99,1,80717671036
1314301062,04/12/24,2.4,4.22,4,80717671036
1314301062,04/13/24,2.4,5.31,8,80717671036
1314301062,04/15/24,2.4,4.94,1,80717671036
1314301062,04/16/24,2.4,5.49,14,80717671036
1314301062,04/18/24,2.4,5.49,2,80717671036
1314301062,04/19/24,2.4,5.49,10,80717671036
1314301062,04/23/24,2.4,5.49,5,80717671036
1314301062,04/24/24,2.4,4.67,4,80717671036
1314301062,04/25/24,2.4,5.49,3,80717671036
1314301062,04/29/24,2.4,3.69,7,80717671036
1314301062,04/30/24,2.4,3.34,9,80717671036
1314301062,05/01/24,2.4,3.52,8,80717671036
1314301062,05/02/24,2.4,3.62,13,80717671036
1314301062,05/03/24,2.4,3.59,4,80717671036
1314301062,05/04/24,2.4,3.69,2,80717671036
1314301062,05/06/24,2.4,3.52,14,80717671036
1314301062,05/07/24,2.4,3.54,19,80717671036
1314301062,05/08/24,2.4,3.66,13,80717671036
1314301062,05/09/24,2.4,3.99,3,80717671036
1314301062,05/10/24,2.4,3.84,15,80717671036
1314301062,05/11/24,2.4,3.99,1,80717671036
1314301062,05/13/24,2.4,3.31,8,80717671036
1314301062,05/14/24,2.4,3.14,14,80717671036
1314301062,05/15/24,2.4,3.23,5,80717671036
1314301062,05/16/24,2.4,3.03,13,80717671036
1314301062,05/17/24,2.4,3.21,49,80717671036
1314301062,05/18/24,2.4,3.11,26,80717671036
1314301062,05/20/24,2.4,3.09,15,80717671036
1314301062,05/21/24,2.4,3.18,9,80717671036
1314301062,05/22/24,2.4,3.49,8,80717671036
1314301062,05/23/24,2.4,3.49,3,80717671036
1314301062,05/25/24,2.4,3.14,4,80717671036
1314301062,05/29/24,2.4,3.49,2,80717671036
1314301062,05/30/24,2.4,3.42,20,80717671036
1314301062,05/31/24,2.4,3.35,6,80717671036
1314301062,06/03/24,2.4,3.32,3,80717671036
1314301062,06/04/24,2.4,4.22,2,80717671036
1314301062,06/06/24,2.4,5.49,9,80717671036
1314301062,06/07/24,2.4,5.49,2,80717671036
1314301062,06/08/24,2.4,4.02,6,80717671036
1314301062,06/10/24,2.4,3.22,3,80717671036
1314301062,06/11/24,2.4,3.39,1,80717671036
1314301062,06/12/24,2.4,3.39,2,80717671036
1314301062,06/13/24,2.4,3.54,18,80717671036
1314301062,06/14/24,2.4,3.99,2,80717671036
1314301062,06/15/24,2.4,3.79,4,80717671036
1314301062,06/17/24,2.4,3.72,4,80717671036
1314301062,06/18/24,2.4,3.99,10,80717671036
1314301062,06/19/24,2.4,3.99,4,80717671036
1314301062,06/20/24,2.4,3.99,5,80717671036
1314301062,06/21/24,2.4,3.72,7,80717671036
1314301062,06/24/24,2.4,3.54,8,80717671036
1314301062,06/25/24,2.4,3.35,9,80717671036
1314301062,06/26/24,2.4,3.49,18,80717671036
1314301062,06/27/24,2.4,3.23,6,80717671036
1314301062,06/28/24,2.4,3.03,10,80717671036
1314301062,06/29/24,2.4,3.23,3,80717671036
1314301062,07/01/24,2.4,3.10,8,80717671036
1314301062,07/02/24,2.4,3.23,8,80717671036
1314301062,07/03/24,2.4,3.18,5,80717671036
1314301062,07/05/24,2.4,3.10,4,80717671036
1314301062,07/06/24,2.4,2.97,5,80717671036
1314301062,07/08/24,2.4,3.14,5,80717671036
1314301062,07/09/24,2.4,3.39,2,80717671036
1314301062,07/10/24,2.4,3.54,17,80717671036
1314301062,07/11/24,2.4,3.74,24,80717671036
1314301062,07/12/24,2.4,3.86,12,80717671036
1314301062,07/13/24,2.4,3.59,10,80717671036
1314301062,07/16/24,2.4,3.59,7,80717671036
1314301062,07/17/24,2.4,3.19,2,80717671036
1314301062,07/18/24,2.4,3.19,5,80717671036
1314301062,07/22/24,2.4,3.59,5,80717671036
1314301062,07/23/24,2.4,2.63,11,80717671036
1314301062,07/24/24,2.4,2.85,11,80717671036
1314301062,07/25/24,2.4,2.96,29,80717671036
1314301062,07/26/24,2.4,2.85,16,80717671036
1314301062,07/27/24,2.4,3.18,13,80717671036
1314301062,07/29/24,2.4,2.96,13,80717671036
1314301062,07/31/24,2.4,3.30,7,80717671036
1314301062,08/01/24,2.5888,3.29,8,80717671036
1314301062,08/02/24,2.77916,3.16,15,80717671036
1314301062,08/03/24,2.779333,3.28,13,80717671036
1314301062,08/05/24,2.779166,3.18,7,80717671036
1314301062,08/06/24,2.7789,3.47,7,80717671036
1314301062,08/08/24,2.77875,3.59,5,80717671036
1314301062,08/09/24,2.59,3.48,13,80717671036
1314301062,08/10/24,2.78,3.47,4,80717671036
1314301062,08/12/24,2.78,3.59,2,80717671036
1314301062,08/15/24,2.78,3.99,1,80717671036
1314301062,08/16/24,2.778666,3.79,11,80717671036
1314301062,08/17/24,2.775,3.69,4,80717671036
1314301062,08/19/24,2.78,3.99,1,80717671036
1314301062,08/20/24,2.78,3.19,1,80717671036
1314301062,08/21/24,2.77725,3.59,14,80717671036
1314301062,08/22/24,2.78,3.39,1,80717671036
1314301062,08/23/24,2.77945,3.69,9,80717671036
1314301062,08/24/24,2.778,3.83,7,80717671036
1314301062,08/26/24,2.77775,3.99,9,80717671036
1314301062,08/27/24,2.7774,3.79,17,80717671036
1314301062,08/28/24,2.77875,3.39,10,80717671036
1314301062,08/29/24,2.7778,3.42,26,80717671036
1314301062,08/30/24,2.77872,3.14,21,80717671036
1314301062,08/31/24,2.778925,3.12,16,80717671036
1314301062,09/02/24,2.777121,3.30,35,80717671036
1314301062,09/03/24,2.778366,3.14,17,80717671036
1314301062,09/04/24,2.778333,3.49,4,80717671036
1314301062,09/05/24,2.4,3.23,2,80717671036
1314301062,09/06/24,2.40633,3.26,24,80717671036
1314301062,09/07/24,2.4,3.30,18,80717671036
1314301062,09/08/24,2.4,3.08,9,80717671036
1314301062,09/09/24,2.4,3.20,8,80717671036
1314301062,09/10/24,2.4,3.32,9,80717671036
1314301062,09/11/24,2.4,3.39,25,80717671036
1314301062,09/12/24,2.4,3.91,9,80717671036
1314301062,09/13/24,2.446875,3.94,13,80717671036
1314301062,09/14/24,2.4,3.76,13,80717671036
1314301062,09/16/24,2.4,3.79,35,80717671036
1314301062,09/17/24,2.4,3.69,10,80717671036
1314301062,09/18/24,2.4,3.90,14,80717671036
1314301062,09/19/24,2.4,3.83,12,80717671036
1314301062,09/20/24,2.4,3.61,3,80717671036
1314301062,09/21/24,2.4,3.86,13,80717671036
1314301062,09/23/24,2.4,3.79,14,80717671036
1314301062,09/24/24,2.4,3.84,23,80717671036
1314301062,09/25/24,2.4,3.93,34,80717671036
1314301062,09/27/24,2.4,3.83,10,80717671036
1314301062,09/28/24,2.7767,4.27,6,80717671036
1314301062,09/30/24,2.78,3.64,2,80717671036
1314301062,10/12/24,2.78,4.99,2,80717671036
1314301062,10/24/24,2.78,4.74,4,80717671036
1314301062,10/25/24,2.777566,3.86,13,80717671036
1314301062,10/26/24,2.779,3.79,12,80717671036
1314301062,10/28/24,2.7786,3.75,22,80717671036
1314301062,10/29/24,2.777233,3.72,7,80717671036
1314301062,10/30/24,2.78,3.99,1,80717671036
1314301062,10/31/24,2.77835,3.79,8,80717671036
1314301062,11/01/24,2.776666,3.54,17,80717671036
1314301062,11/02/24,2.778,3.14,5,80717671036
1314301113,03/14/24,3.5,8.99,5,80717671114
1314301113,03/16/24,3.5,8.99,4,80717671114
1314301113,03/19/24,3.5,8.99,1,80717671114
1314301113,03/22/24,3.5,8.09,5,80717671114
1314301113,03/27/24,3.5,8.99,4,80717671114
1314301113,03/29/24,3.5,6.29,11,80717671114
1314301113,03/30/24,3.5,6.99,3,80717671114
1314301113,04/01/24,3.5,4.49,4,80717671114
1314301113,04/02/24,3.5,5.99,7,80717671114
1314301113,04/03/24,3.5,4.99,6,80717671114
1314301113,04/04/24,3.5,5.99,10,80717671114
1314301113,04/05/24,3.5,4.87,8,80717671114
1314301113,04/08/24,3.5,4.93,26,80717671114
1314301113,04/09/24,3.5,6.59,14,80717671114
1314301113,04/10/24,3.5,6.99,5,80717671114
1314301113,04/11/24,3.5,6.99,5,80717671114
1314301113,04/12/24,3.5,5.86,14,80717671114
1314301113,04/16/24,3.5,8.99,14,80717671114
1314301113,04/22/24,3.5,8.99,2,80717671114
1314301113,04/23/24,3.5,7.64,1,80717671114
1314301113,04/24/24,3.5,8.99,1,80717671114
1314301113,04/25/24,3.5,8.99,2,80717671114
1314301113,04/26/24,3.5,8.32,3,80717671114
1314301113,04/27/24,3.5,8.99,4,80717671114
1314301113,04/29/24,3.5,6.07,4,80717671114
1314301113,05/01/24,3.5,7.42,4,80717671114
1314301113,05/02/24,3.5,8.99,2,80717671114
1314301113,05/03/24,3.5,7.19,1,80717671114
1314301113,05/04/24,3.5,8.32,2,80717671114
1314301113,05/06/24,3.5,8.99,7,80717671114
1314301113,05/07/24,3.5,8.32,4,80717671114
1314301113,05/08/24,3.5,7.64,2,80717671114
1314301113,05/10/24,3.5,8.99,2,80717671114
1314301113,05/11/24,3.5,7.64,4,80717671114
1314301113,05/13/24,3.5,4.74,9,80717671114
1314301113,05/14/24,3.5,4.99,6,80717671114
1314301113,05/15/24,3.5,4.49,3,80717671114
1314301113,05/16/24,3.5,4.43,11,80717671114
1314301113,05/17/24,3.208333,4.45,14,80717671114
1314301113,05/18/24,3.15,4.24,11,80717671114
1314301113,05/20/24,3.15,4.35,13,80717671114
1314301113,05/21/24,3.15,4.49,5,80717671114
1314301113,05/22/24,3.15,4.99,4,80717671114
1314301113,05/23/24,3.15,4.99,2,80717671114
1314301113,05/24/24,3.15,4.74,4,80717671114
1314301113,05/25/24,3.15,4.99,2,80717671114
1314301113,05/27/24,3.15,4.49,2,80717671114
1314301113,05/28/24,3.15,4.99,5,80717671114
1314301113,05/29/24,3.15,4.99,3,80717671114
1314301113,05/30/24,3.15,4.74,5,80717671114
1314301113,05/31/24,3.15,4.99,6,80717671114
1314301113,06/01/24,3.15,4.99,7,80717671114
1314301113,06/03/24,3.15,8.09,1,80717671114
1314301113,06/04/24,3.15,8.54,4,80717671114
1314301113,06/05/24,3.15,8.99,1,80717671114
1314301113,06/06/24,3.15,8.99,2,80717671114
1314301113,06/08/24,3.15,8.99,2,80717671114
1314301113,06/10/24,3.15,6.88,1,80717671114
1314301113,06/14/24,3.15,8.99,3,80717671114
1314301113,06/18/24,3.15,8.99,1,80717671114
1314301113,06/19/24,3.15,8.99,3,80717671114
1314301113,06/20/24,3.15,8.09,2,80717671114
1314301113,06/22/24,3.15,8.99,2,80717671114
1314301113,06/24/24,3.15,8.09,1,80717671114
1314301113,06/25/24,3.15,8.09,3,80717671114
1314301113,06/26/24,3.15,8.99,2,80717671114
1314301113,06/27/24,3.15,7.21,10,80717671114
1314301113,07/01/24,3.15,8.99,6,80717671114
1314301113,07/02/24,3.15,8.99,4,80717671114
1314301113,07/06/24,3.15,7.64,2,80717671114
1314301113,07/09/24,3.15,7.64,3,80717671114
1314301113,07/10/24,3.15,8.99,2,80717671114
1314301113,07/12/24,3.15,8.54,2,80717671114
1314301113,07/16/24,3.15,7.19,2,80717671114
1314301113,07/18/24,3.15,7.19,2,80717671114
1314301113,07/23/24,3.15,8.99,1,80717671114
1314301113,07/24/24,3.15,8.99,1,80717671114
1314301113,07/29/24,3.15,8.09,1,80717671114
1314301113,07/30/24,3.15,8.09,2,80717671114
1314301113,07/31/24,3.15,3.99,1,80717671114
1314301113,08/01/24,3.15,3.99,1,80717671114
1314301113,08/02/24,3.15,3.88,18,80717671114
1314301113,08/03/24,3.15,3.59,10,80717671114
1314301113,08/05/24,3.15,3.79,6,80717671114
1314301113,08/06/24,3.15,3.86,9,80717671114
1314301113,08/07/24,3.15,3.99,4,80717671114
1314301113,08/09/24,3.325,3.79,2,80717671114
1314301113,08/10/24,3.15,3.54,12,80717671114
1314301113,08/12/24,3.15,3.45,8,80717671114
1314301113,08/13/24,3.15,4.21,14,80717671114
1314301113,08/14/24,3.15,3.79,2,80717671114
1314301113,08/17/24,3.208333,3.59,8,80717671114
1314301113,08/19/24,3.15,3.69,3,80717671114
1314301113,08/20/24,3.15,3.71,13,80717671114
1314301113,08/21/24,3.15,3.39,4,80717671114
1314301113,08/22/24,3.15,3.54,7,80717671114
1314301113,08/23/24,3.176923,3.74,43,80717671114
1314301113,08/24/24,3.15,3.51,11,80717671114
1314301113,08/26/24,3.15,3.82,14,80717671114
1314301113,08/27/24,3.15,4.69,6,80717671114
1314301113,08/28/24,3.15,4.61,12,80717671114
1314301113,08/29/24,3.15,4.26,10,80717671114
1314301113,08/30/24,3.15,4.32,8,80717671114
1314301113,08/31/24,3.15,4.04,3,80717671114
1314301113,09/02/24,3.15,3.97,3,80717671114
1314301113,09/03/24,3.15,4.23,17,80717671114
1314301113,09/04/24,3.15,3.99,7,80717671114
1314301113,09/05/24,3.15,4.13,8,80717671114
1314301113,09/06/24,3.15,4.16,16,80717671114
1314301113,09/07/24,3.15,4.04,9,80717671114
1314301113,09/08/24,3.15,4.49,2,80717671114
1314301113,09/09/24,3.15,4.11,24,80717671114
1314301113,09/10/24,3.15,4.28,5,80717671114
1314301113,09/11/24,3.15,4.47,37,80717671114
1314301113,09/12/24,3.15,5.99,4,80717671114
1314301113,09/13/24,3.15,5.13,7,80717671114
1314301113,09/14/24,3.15,5.59,4,80717671114
1314301113,09/16/24,3.15,4.97,13,80717671114
1314301113,09/17/24,3.15,5.39,2,80717671114
1314301113,09/18/24,3.15,5.84,7,80717671114
1314301113,09/19/24,3.15,5.63,14,80717671114
1314301113,09/23/24,3.15,7.99,3,80717671114
1314301113,09/25/24,3.15,7.99,2,80717671114
1314301113,09/26/24,3.266666,5.82,3,80717671114
1314301113,09/27/24,3.15,7.23,2,80717671114
1314301113,09/28/24,3.15,6.47,3,80717671114
1314301113,09/30/24,3.15,7.99,3,80717671114
1314301113,10/01/24,3.15,7.19,7,80717671114
1314301113,10/02/24,3.15,7.19,1,80717671114
1314301113,10/04/24,3.15,7.99,2,80717671114
1314301113,10/05/24,3.15,7.99,1,80717671114
1314301113,10/07/24,3.15,7.59,2,80717671114
1314301113,10/08/24,3.15,7.69,7,80717671114
1314301113,10/09/24,3.15,7.99,1,80717671114
1314301113,10/10/24,3.15,7.99,3,80717671114
1314301113,10/11/24,3.15,7.99,2,80717671114
1314301113,10/14/24,3.15,7.19,3,80717671114
1314301113,10/15/24,3.15,7.59,7,80717671114
1314301113,10/16/24,3.15,7.99,2,80717671114
1314301113,10/17/24,3.15,7.99,5,80717671114
1314301113,10/18/24,3.15,7.99,1,80717671114
1314301113,10/21/24,3.15,3.70,15,80717671114
1314301113,10/22/24,3.15,3.87,18,80717671114
1314301113,10/23/24,3.15,3.99,3,80717671114
1314301113,10/24/24,3.15,3.91,18,80717671114
1314301113,10/25/24,3.15,3.69,7,80717671114
1314301113,10/26/24,3.15,3.86,5,80717671114
1314301113,10/28/24,3.15,4.46,17,80717671114
1314301113,10/29/24,3.15,3.72,26,80717671114
1314301113,10/30/24,3.15,3.91,9,80717671114
1314301113,10/31/24,3.15,3.86,5,80717671114
1314301113,11/01/24,3.15,3.99,2,80717671114
1314301113,11/08/24,3.15,3.79,3,80717671114
1314301113,11/09/24,3.15,3.89,6,80717671114
1314301113,11/11/24,3.15,4.55,8,80717671114
1314301113,11/12/24,3.15,3.76,21,80717671114
1314301113,11/14/24,3.15,3.99,3,80717671114
1314301113,11/15/24,3.15,4.39,33,80717671114
1314301113,11/16/24,3.15,5.79,8,80717671114
1314301113,11/18/24,3.15,3.93,12,80717671114
