HSERVICE_ITEM.csv
ItemCode  ,Date                      ,Average_Cost,Average_Sales_Price,Total_Sales_Quantity,UPC          
1317103144,03/14/24,3.12,4.99,3,880101931484
1317103144,03/15/24,3.12,4.99,3,880101931484
1317103144,03/16/24,3.12,4.79,8,880101931484
1317103144,03/18/24,3.12,4.99,2,880101931484
1317103144,03/19/24,3.12,4.99,6,880101931484
1317103144,03/20/24,2.32,4.99,1,880101931484
1317103144,03/21/24,2.32,4.82,5,880101931484
1317103144,03/27/24,2.32,4.89,6,880101931484
1317103144,03/28/24,2.32,4.99,3,880101931484
1317103144,03/29/24,2.32,4.99,1,880101931484
1317103144,04/02/24,2.32,4.99,4,880101931484
1317103144,04/05/24,2.32,4.74,7,880101931484
1317103144,04/08/24,2.32,4.99,2,880101931484
1317103144,04/09/24,2.32,4.99,2,880101931484
1317103144,04/12/24,2.32,4.74,2,880101931484
1317103144,04/13/24,2.32,3.59,1,880101931484
1317103144,04/15/24,2.32,3.59,2,880101931484
1317103144,04/16/24,2.32,3.99,3,880101931484
1317103144,04/17/24,2.32,3.99,3,880101931484
1317103144,04/18/24,2.32,3.99,5,880101931484
1317103144,04/19/24,2.32,3.90,9,880101931484
1317103144,04/20/24,2.32,3.26,4,880101931484
1317103144,04/22/24,2.32,3.59,6,880101931484
1317103144,04/23/24,2.32,3.47,15,880101931484
1317103144,04/24/24,2.32,3.99,3,880101931484
1317103144,04/25/24,2.32,3.44,4,880101931484
1317103144,04/26/24,2.32,3.55,9,880101931484
1317103144,04/27/24,2.32,3.19,1,880101931484
1317103144,04/29/24,2.32,4.24,1,880101931484
1317103144,04/30/24,2.32,4.49,3,880101931484
1317103144,05/01/24,2.32,2.79,1,880101931484
1317103144,05/02/24,2.319583,3.03,10,880101931484
1317103144,05/03/24,2.319166,2.91,7,880101931484
1317103144,05/04/24,2.31875,3.19,6,880101931484
1317103144,05/06/24,2.317583,3.22,15,880101931484
1317103144,05/07/24,2.318066,3.02,12,880101931484
1317103144,05/08/24,2.31875,2.88,6,880101931484
1317103144,05/09/24,2.319666,2.91,10,880101931484
1317103144,05/10/24,2.588333,2.91,5,880101931484
1317103144,05/11/24,3.14,2.97,4,880101931484
1317103144,05/13/24,3.14,3.49,5,880101931484
1317103144,05/14/24,2.872,3.25,10,880101931484
1317103144,05/15/24,1.8,2.93,8,880101931484
1317103144,05/16/24,1.8,3.36,17,880101931484
1317103144,05/17/24,2.3,3.39,14,880101931484
1317103144,05/18/24,2.55,3.99,3,880101931484
1317103144,05/20/24,2.55,4.99,7,880101931484
1317103144,05/21/24,2.55,2.79,2,880101931484
1317103144,05/22/24,2.55,4.99,1,880101931484
1317103144,05/23/24,2.55,4.99,10,880101931484
1317103144,05/25/24,2.55,4.49,3,880101931484
1317103144,05/27/24,2.55,4.74,5,880101931484
1317103144,05/29/24,2.55,4.99,2,880101931484
1317103144,05/30/24,2.55,4.99,1,880101931484
1317103144,05/31/24,2.55,4.99,1,880101931484
1317103144,06/03/24,2.55,4.66,5,880101931484
1317103144,06/06/24,2.55,4.99,10,880101931484
1317103144,06/07/24,2.55,4.99,1,880101931484
1317103144,06/08/24,2.55,4.74,2,880101931484
1317103144,06/10/24,2.55,3.82,3,880101931484
1317103144,06/11/24,2.55,3.82,1,880101931484
1317103144,06/14/24,2.55,4.99,1,880101931484
1317103144,06/18/24,2.32,4.74,8,880101931484
1317103144,06/19/24,2.32,4.99,1,880101931484
1317103144,06/20/24,2.32,4.99,3,880101931484
1317103144,06/21/24,2.32,4.99,2,880101931484
1317103144,06/22/24,2.318571,3.83,10,880101931484
1317103144,06/24/24,2.318333,3.72,4,880101931484
1317103144,06/25/24,2.318571,3.70,9,880101931484
1317103144,06/26/24,2.3186,3.99,10,880101931484
1317103144,06/27/24,2.346875,3.77,13,880101931484
1317103144,06/28/24,2.318333,3.52,8,880101931484
1317103144,06/29/24,2.318,3.54,15,880101931484
1317103144,07/01/24,2.318857,3.56,17,880101931484
1317103144,07/02/24,2.317736,3.61,25,880101931484
1317103144,07/03/24,2.318333,3.42,12,880101931484
1317103144,07/05/24,2.319375,3.54,9,880101931484
1317103144,07/08/24,2.32,3.69,2,880101931484
1317103144,07/11/24,2.318666,4.46,13,880101931484
1317103144,07/12/24,2.319166,4.99,6,880101931484
1317103144,07/13/24,2.319,4.49,11,880101931484
1317103144,07/15/24,2.319166,4.29,7,880101931484
1317103144,07/16/24,2.32,4.49,7,880101931484
1317103144,07/20/24,2.31835,4.49,4,880101931484
1317103144,07/22/24,2.315,3.99,2,880101931484
1317103144,07/23/24,2.32,3.39,1,880101931484
1317103144,07/24/24,2.318333,4.32,4,880101931484
1317103144,07/25/24,2.51,3.99,3,880101931484
1317103144,07/26/24,2.51,3.66,3,880101931484
1317103144,07/27/24,2.51,2.93,7,880101931484
1317103144,07/29/24,2.502062,2.71,35,880101931484
1317103144,07/30/24,2.51,2.78,18,880101931484
1317103144,07/31/24,2.51048,2.91,37,880101931484
1317103144,08/01/24,2.510437,3.14,21,880101931484
1317103144,08/02/24,2.510757,4.34,24,880101931484
1317103144,08/03/24,2.51,4.06,3,880101931484
1317103144,08/05/24,2.51,3.83,7,880101931484
1317103144,08/06/24,2.510416,3.59,9,880101931484
1317103144,08/07/24,2.510925,3.99,19,880101931484
1317103144,08/08/24,2.51,3.48,6,880101931484
1317103144,08/09/24,2.510285,3.66,16,880101931484
1317103144,08/10/24,2.51,3.87,4,880101931484
1317103144,08/12/24,2.51,3.87,3,880101931484
1317103144,08/13/24,2.51,3.53,8,880101931484
1317103144,08/14/24,2.511075,3.78,18,880101931484
1317103144,08/15/24,2.51,3.50,5,880101931484
1317103144,08/16/24,2.510222,3.55,14,880101931484
1317103144,08/17/24,2.510825,3.99,6,880101931484
1317103144,08/19/24,2.51,3.59,5,880101931484
1317103144,08/20/24,2.511,3.72,6,880101931484
1317103144,08/21/24,2.5105,4.15,12,880101931484
1317103144,08/23/24,2.51,4.22,17,880101931484
1317103144,08/24/24,2.51,4.24,3,880101931484
1317103144,08/26/24,2.5133,4.24,6,880101931484
1317103144,08/27/24,2.51,4.62,2,880101931484
1317103144,08/28/24,2.515,4.24,2,880101931484
1317103144,08/29/24,2.51,4.99,2,880101931484
1317103144,08/30/24,2.51125,4.43,5,880101931484
1317103144,08/31/24,2.51,4.41,3,880101931484
1317103144,09/02/24,2.51125,4.99,5,880101931484
1317103144,09/03/24,2.511666,4.74,4,880101931484
1317103144,09/04/24,2.51,4.24,1,880101931484
1317103144,09/05/24,2.511,4.84,6,880101931484
1317103144,09/06/24,2.511666,4.49,8,880101931484
1317103144,09/07/24,2.5125,4.37,9,880101931484
1317103144,09/09/24,2.511666,4.99,4,880101931484
1317103144,09/10/24,2.51365,4.99,8,880101931484
1317103144,09/11/24,2.51,4.74,2,880101931484
1317103144,09/12/24,2.5133,4.99,6,880101931484
1317103144,09/14/24,4.219,4.02,8,880101931484
1317103144,09/16/24,3.51625,4.02,6,880101931484
1317103144,09/17/24,4.52,3.63,37,880101931484
1317103144,09/18/24,4.52,3.83,12,880101931484
1317103144,09/19/24,4.52,3.70,4,880101931484
1317103144,09/20/24,4.520185,3.66,14,880101931484
1317103144,09/21/24,4.520333,3.72,12,880101931484
1317103144,09/23/24,4.436666,3.66,20,880101931484
1317103144,09/24/24,4.52,3.63,14,880101931484
1317103144,09/25/24,4.52,3.74,16,880101931484
1317103144,09/26/24,4.52,3.82,10,880101931484
1317103144,09/27/24,4.52,3.65,11,880101931484
1317103144,09/28/24,4.52,4.99,3,880101931484
1317103144,09/30/24,4.52,4.22,2,880101931484
1317103144,10/01/24,4.52,5.39,2,880101931484
1317103144,10/02/24,4.52,5.79,5,880101931484
1317103144,10/03/24,4.52,5.99,5,880101931484
1317103144,10/04/24,4.52,5.39,1,880101931484
1317103144,10/05/24,4.52,5.99,3,880101931484
1317103144,10/07/24,4.52,5.99,2,880101931484
1317103144,10/08/24,4.52,5.29,3,880101931484
1317103144,10/09/24,4.52,5.54,2,880101931484
1317103144,10/10/24,4.52,5.09,2,880101931484
1317103144,10/15/24,4.52,5.39,4,880101931484
1317103144,10/16/24,2.78,5.99,5,880101931484
1317103144,10/18/24,2.78,5.59,5,880101931484
1317103144,10/19/24,2.78,5.39,13,880101931484
1317103144,10/21/24,2.78,5.39,3,880101931484
1317103144,10/22/24,2.78,5.90,9,880101931484
1317103144,10/23/24,2.78,5.99,4,880101931484
1317103144,10/24/24,2.78,5.84,5,880101931484
1317103144,10/25/24,2.780333,5.79,14,880101931484
1317103144,10/26/24,2.73075,3.59,13,880101931484
1317103144,10/28/24,2.73,3.59,2,880101931484
1317103144,10/29/24,2.732,3.63,7,880101931484
1317103144,10/30/24,2.73075,4.24,16,880101931484
1317103144,10/31/24,2.7329,4.49,9,880101931484
1317103144,11/01/24,2.7322,3.59,18,880101931484
1317103144,11/02/24,2.7318,3.72,12,880101931484
1317103144,11/04/24,2.733333,3.59,5,880101931484
1317103144,11/05/24,2.73,3.59,1,880101931484
1317103144,11/12/24,2.7325,5.99,3,880101931484
1317103144,11/13/24,2.734,3.99,10,880101931484
1317103144,11/14/24,2.74,5.99,1,880101931484
1317103144,11/15/24,2.733333,5.99,3,880101931484
1317103144,11/16/24,2.553333,5.59,6,880101931484
1317103144,11/18/24,2.55,5.99,1,880101931484
1317103144,11/19/24,2.551,5.63,6,880101931484
1317103144,11/20/24,2.55,5.99,1,880101931484
1317103619,03/14/24,1.4,2.49,13,880101960718
1317103619,03/15/24,1.4,2.30,8,880101960718
1317103619,03/16/24,1.4,2.62,3,880101960718
1317103619,03/18/24,1.4,2.49,3,880101960718
1317103619,03/19/24,1.4,2.49,1,880101960718
1317103619,03/21/24,1.4,2.62,9,880101960718
1317103619,03/22/24,1.4,2.34,7,880101960718
1317103619,03/27/24,1.4,2.47,19,880101960718
1317103619,03/28/24,1.4,2.62,7,880101960718
1317103619,03/29/24,1.4,2.59,3,880101960718
1317103619,03/30/24,1.39934,2.69,7,880101960718
1317103619,04/01/24,1.4,2.99,1,880101960718
1317103619,04/02/24,1.4,2.99,3,880101960718
1317103619,04/03/24,1.4,2.99,1,880101960718
1317103619,04/04/24,1.395,2.99,2,880101960718
1317103619,04/05/24,1.397783,2.84,12,880101960718
1317103619,04/08/24,1.395,2.69,2,880101960718
1317103619,04/11/24,1.4,2.69,1,880101960718
1317103619,04/12/24,1.4,2.69,1,880101960718
1317103619,04/13/24,1.395,2.79,4,880101960718
1317103619,04/15/24,1.39,2.69,1,880101960718
1317103619,04/16/24,1.395825,2.92,8,880101960718
1317103619,04/17/24,1.3975,2.99,4,880101960718
1317103619,04/18/24,1.4,2.99,1,880101960718
1317103619,04/19/24,1.398,2.78,7,880101960718
1317103619,04/20/24,1.398333,2.49,4,880101960718
1317103619,04/22/24,1.4,2.58,4,880101960718
1317103619,04/23/24,1.397766,2.59,5,880101960718
1317103619,04/25/24,1.3925,2.47,3,880101960718
1317103619,04/26/24,1.39854,2.66,16,880101960718
1317103619,04/29/24,1.398,2.66,7,880101960718
1317103619,04/30/24,1.397925,2.47,7,880101960718
1317103619,05/01/24,1.39675,2.39,9,880101960718
1317103619,05/02/24,1.399,2.72,6,880101960718
1317103619,05/03/24,1.4,2.62,4,880101960718
1317103619,05/04/24,1.395,2.54,2,880101960718
1317103619,05/06/24,1.395,2.77,4,880101960718
1317103619,05/07/24,1.395,2.54,2,880101960718
1317103619,05/08/24,1.395,2.64,4,880101960718
1317103619,05/09/24,1.397,2.47,8,880101960718
1317103619,05/10/24,1.4,2.54,2,880101960718
1317103619,05/11/24,1.4,2.47,9,880101960718
1317103619,05/13/24,1.4,2.84,3,880101960718
1317103619,05/14/24,1.4,2.47,3,880101960718
1317103619,05/15/24,1.4,2.39,1,880101960718
1317103619,05/16/24,1.4,2.99,1,880101960718
1317103619,05/17/24,1.4,2.64,3,880101960718
1317103619,05/18/24,1.4,2.99,1,880101960718
1317103619,05/20/24,1.4,2.99,1,880101960718
1317103619,05/24/24,1.175,2.99,2,880101960718
1317103619,05/25/24,1.175,2.99,2,880101960718
1317103619,05/28/24,1.17,2.69,1,880101960718
1317103619,05/29/24,1.175,2.99,2,880101960718
1317103619,05/31/24,1.51,2.99,5,880101960718
1317103619,06/01/24,1.508333,2.89,5,880101960718
1317103619,06/03/24,1.51,2.99,1,880101960718
1317103619,06/04/24,1.51,2.69,1,880101960718
1317103619,06/06/24,1.505,2.99,2,880101960718
1317103619,06/07/24,1.5086,2.99,10,880101960718
1317103619,06/08/24,1.506166,2.79,11,880101960718
1317103619,06/10/24,1.51,2.99,1,880101960718
1317103619,06/18/24,1.51,2.99,1,880101960718
1317103619,06/19/24,1.51,2.99,1,880101960718
1317103619,06/20/24,1.51,2.99,1,880101960718
1317103619,06/21/24,1.51,2.69,2,880101960718
1317103619,06/24/24,1.51,2.99,4,880101960718
1317103619,06/25/24,1.50835,2.84,5,880101960718
1317103619,06/26/24,1.509166,2.39,7,880101960718
1317103619,06/27/24,1.508125,2.08,11,880101960718
1317103619,06/28/24,1.5075,1.69,12,880101960718
1317103619,06/29/24,1.508337,1.73,37,880101960718
1317103619,07/01/24,1.507814,1.81,16,880101960718
1317103619,07/02/24,1.508242,1.82,18,880101960718
1317103619,07/03/24,1.5075,1.69,3,880101960718
1317103619,07/05/24,1.509166,1.69,8,880101960718
1317103619,07/06/24,1.507,1.69,18,880101960718
1317103619,07/08/24,1.50835,1.69,4,880101960718
1317103619,07/09/24,1.50835,1.77,11,880101960718
1317103619,07/10/24,1.50925,2.54,14,880101960718
1317103619,07/11/24,1.51,2.56,4,880101960718
1317103619,07/12/24,1.27,2.89,3,880101960718
1317103619,07/15/24,1.16,2.69,1,880101960718
1317103619,07/16/24,1.155,2.99,2,880101960718
1317103619,07/17/24,1.155,2.39,2,880101960718
1317103619,07/18/24,1.15,2.99,1,880101960718
1317103619,07/20/24,1.16,2.39,1,880101960718
1317103619,07/22/24,1.153333,2.89,5,880101960718
1317103619,07/23/24,1.51,1.69,1,880101960718
1317103619,07/24/24,1.155,2.69,2,880101960718
1317103619,07/26/24,1.155,2.69,2,880101960718
1317103619,07/27/24,1.155,2.99,2,880101960718
1317103619,07/29/24,1.16,2.69,1,880101960718
1317103619,07/30/24,1.155,2.69,2,880101960718
1317103619,08/01/24,1.155,2.99,6,880101960718
1317103619,08/05/24,1.15415,2.06,5,880101960718
1317103619,08/06/24,1.15586,2.06,11,880101960718
1317103619,08/08/24,1.156666,2.14,3,880101960718
1317103619,08/09/24,1.155383,2.18,22,880101960718
1317103619,08/10/24,1.155,2.24,2,880101960718
1317103619,08/12/24,1.154,2.30,5,880101960718
1317103619,08/13/24,1.155,2.01,6,880101960718
1317103619,08/14/24,1.1552,2.32,13,880101960718
1317103619,08/15/24,1.155,2.14,4,880101960718
1317103619,08/16/24,1.1532,1.99,11,880101960718
1317103619,08/17/24,1.15534,2.04,13,880101960718
1317103619,08/19/24,1.155,2.06,2,880101960718
1317103619,08/21/24,1.153333,2.54,7,880101960718
1317103619,08/22/24,1.155,2.50,4,880101960718
1317103619,08/23/24,1.155,2.69,4,880101960718
1317103619,08/24/24,1.16,2.99,1,880101960718
1317103619,08/26/24,1.153333,2.49,3,880101960718
1317103619,08/27/24,1.156666,2.64,5,880101960718
1317103619,08/28/24,1.153333,2.84,3,880101960718
1317103619,08/29/24,1.155,2.99,4,880101960718
1317103619,08/30/24,1.156666,2.84,3,880101960718
1317103619,08/31/24,1.154575,2.84,7,880101960718
1317103619,09/02/24,1.155,2.39,6,880101960718
1317103619,09/03/24,1.258537,2.08,17,880101960718
1317103619,09/04/24,1.43,1.69,3,880101960718
1317103619,09/05/24,1.43,1.73,12,880101960718
1317103619,09/06/24,1.43,1.79,26,880101960718
1317103619,09/07/24,1.43,1.68,22,880101960718
1317103619,09/08/24,1.43,1.65,3,880101960718
1317103619,09/09/24,1.43,1.79,21,880101960718
1317103619,09/10/24,1.43,1.80,8,880101960718
1317103619,09/11/24,1.4475,1.80,19,880101960718
1317103619,09/12/24,1.485,1.99,2,880101960718
1317103619,09/13/24,1.487427,1.88,18,880101960718
1317103619,09/14/24,1.488333,2.41,4,880101960718
1317103619,09/16/24,1.425714,2.42,8,880101960718
1317103619,09/17/24,1.49,2.56,2,880101960718
1317103619,09/19/24,1.48875,2.73,5,880101960718
1317103619,09/23/24,1.49,2.69,1,880101960718
1317103619,09/24/24,1.484766,2.51,11,880101960718
1317103619,09/26/24,1.49,2.84,2,880101960718
1317103619,09/27/24,1.48,2.42,1,880101960718
1317103619,09/28/24,1.485,1.85,8,880101960718
1317103619,09/30/24,1.485,1.70,4,880101960718
1317103619,10/01/24,1.485714,1.85,11,880101960718
1317103619,10/02/24,1.484,1.91,11,880101960718
1317103619,10/03/24,1.485833,1.89,13,880101960718
1317103619,10/04/24,1.48625,1.79,9,880101960718
1317103619,10/05/24,1.48375,1.85,7,880101960718
1317103619,10/07/24,1.15,1.86,16,880101960718
1317103619,10/08/24,1.15,1.85,33,880101960718
1317103619,10/09/24,1.15,1.77,5,880101960718
1317103619,10/10/24,1.15,1.82,17,880101960718
1317103619,10/11/24,1.15,1.69,9,880101960718
1317103619,10/12/24,1.15,1.77,12,880101960718
1317103619,10/14/24,1.15,1.73,13,880101960718
1317103619,10/15/24,1.15,1.86,10,880101960718
1317103619,10/16/24,1.52,1.99,4,880101960718
1317103619,10/17/24,1.417,1.95,6,880101960718
1317103619,10/18/24,1.395825,1.84,18,880101960718
1317103619,10/19/24,1.3931,2.09,9,880101960718
1317103619,10/21/24,1.395833,1.89,7,880101960718
1317103619,10/22/24,1.418537,1.87,24,880101960718
1317103619,10/23/24,1.49,2.19,11,880101960718
1317103619,10/24/24,1.3939,1.96,20,880101960718
1317103619,10/25/24,1.395,2.21,10,880101960718
1317103619,10/26/24,1.3975,2.69,5,880101960718
1317103619,10/28/24,1.393333,2.59,3,880101960718
1317103619,10/29/24,1.3952,2.81,9,880101960718
1317103619,10/30/24,1.395,2.99,4,880101960718
1317103619,11/02/24,1.395,2.69,2,880101960718
1317103619,11/05/24,1.395,2.99,2,880101960718
1317103619,11/06/24,1.39665,2.84,4,880101960718
1317103619,11/07/24,1.39,2.99,1,880101960718
1317103619,11/09/24,1.39286,1.87,14,880101960718
1317103619,11/11/24,1.393333,1.79,8,880101960718
1317103619,11/12/24,1.3951,1.82,15,880101960718
1317103619,11/13/24,1.39335,1.99,4,880101960718
1317103619,11/14/24,1.394433,2.32,5,880101960718
1317103619,11/15/24,1.394766,1.99,10,880101960718
1317103619,11/16/24,1.3928,2.11,9,880101960718
1317103619,11/18/24,1.3925,1.79,6,880101960718
1317103619,11/19/24,1.3925,2.09,17,880101960718
1317103619,11/20/24,1.3925,2.24,6,880101960718
