HSERVICE_ITEM.csv
ItemCode  ,Date                      ,Average_Cost,Average_Sales_Price,Total_Sales_Quantity,UPC          
1317103992,03/12/24,6.21,13.99,1,880111796051
1317103992,03/19/24,6.21,13.99,1,880111796051
1317103992,03/21/24,6.21,13.99,1,880111796051
1317103992,03/27/24,6.21,13.99,2,880111796051
1317103992,03/29/24,6.21,11.49,4,880111796051
1317103992,03/30/24,6.226666,9.32,3,880111796051
1317103992,04/01/24,6.26,9.99,1,880111796051
1317103992,04/02/24,6.26,9.99,3,880111796051
1317103992,04/04/24,6.26,9.99,1,880111796051
1317103992,04/05/24,6.247766,9.66,5,880111796051
1317103992,04/09/24,6.305,9.99,2,880111796051
1317103992,04/10/24,6.35,9.99,1,880111796051
1317103992,04/11/24,6.35,9.99,2,880111796051
1317103992,04/12/24,6.35,8.99,1,880111796051
1317103992,04/17/24,6.35,13.99,2,880111796051
1317103992,04/20/24,6.35,11.19,1,880111796051
1317103992,04/22/24,6.35,13.99,1,880111796051
1317103992,04/23/24,6.35,13.29,3,880111796051
1317103992,04/24/24,6.355,13.99,2,880111796051
1317103992,04/30/24,6.28,11.89,2,880111796051
1317103992,05/01/24,6.21,11.89,2,880111796051
1317103992,05/03/24,6.21,11.19,1,880111796051
1317103992,05/04/24,6.25665,11.54,10,880111796051
1317103992,05/07/24,6.28,11.89,1,880111796051
1317103992,05/09/24,6.28,11.89,1,880111796051
1317103992,05/13/24,6.28,11.89,2,880111796051
1317103992,05/14/24,6.28,13.99,1,880111796051
1317103992,05/15/24,6.28,11.89,1,880111796051
1317103992,05/16/24,6.21,12.77,5,880111796051
1317103992,05/17/24,6.21,13.99,1,880111796051
1317103992,05/20/24,6.2767,13.99,3,880111796051
1317103992,05/23/24,6.28,13.99,1,880111796051
1317103992,05/24/24,6.28,13.99,1,880111796051
1317103992,05/29/24,6.28,13.99,1,880111796051
1317103992,05/31/24,6.28,13.99,4,880111796051
1317103992,06/03/24,6.28,12.59,1,880111796051
1317103992,06/04/24,6.28,12.59,1,880111796051
1317103992,06/05/24,6.28,12.59,1,880111796051
1317103992,06/07/24,6.28,13.99,1,880111796051
1317103992,06/08/24,6.38,11.89,1,880111796051
1317103992,06/10/24,6.38,12.11,7,880111796051
1317103992,06/12/24,6.38,10.70,1,880111796051
1317103992,06/14/24,6.38,13.99,1,880111796051
1317103992,06/19/24,7.8,13.99,1,880111796051
1317103992,06/21/24,7.8,13.99,1,880111796051
1317103992,06/22/24,7.8,12.59,1,880111796051
1317103992,06/25/24,7.8,13.29,2,880111796051
1317103992,06/27/24,7.8,6.31,12,880111796051
1317103992,06/28/24,6.94,6.54,47,880111796051
1317103992,06/29/24,6.291137,7.02,18,880111796051
1317103992,07/01/24,6.291693,6.50,35,880111796051
1317103992,07/02/24,6.291677,5.09,63,880111796051
1317103992,07/03/24,6.385,5.09,8,880111796051
1317103992,07/05/24,7.045,12.94,2,880111796051
1317103992,07/08/24,6.29,11.89,1,880111796051
1317103992,07/10/24,6.29,11.89,1,880111796051
1317103992,07/11/24,6.29,13.99,3,880111796051
1317103992,07/12/24,6.2925,13.99,3,880111796051
1317103992,07/16/24,6.29,13.99,1,880111796051
1317103992,07/22/24,6.29,13.99,1,880111796051
1317103992,07/23/24,6.29,11.89,1,880111796051
1317103992,07/24/24,6.29,13.99,1,880111796051
1317103992,07/25/24,6.29,11.19,1,880111796051
1317103992,07/26/24,6.29,11.19,1,880111796051
1317103992,07/27/24,6.291,5.99,6,880111796051
1317103992,07/29/24,6.294042,5.41,10,880111796051
1317103992,07/31/24,6.3,5.99,1,880111796051
1317103992,08/01/24,6.299666,5.59,15,880111796051
1317103992,08/02/24,6.3,12.66,2,880111796051
1317103992,08/06/24,6.29,11.19,1,880111796051
1317103992,08/08/24,6.3,5.39,2,880111796051
1317103992,08/09/24,6.3,13.52,3,880111796051
1317103992,08/12/24,6.3,11.96,2,880111796051
1317103992,08/15/24,6.3,11.33,2,880111796051
1317103992,08/16/24,6.3,11.89,1,880111796051
1317103992,08/19/24,6.3,8.99,1,880111796051
1317103992,08/20/24,6.298333,8.49,4,880111796051
1317103992,08/21/24,6.295,8.99,8,880111796051
1317103992,08/22/24,6.3,8.49,1,880111796051
1317103992,08/23/24,6.295714,9.13,10,880111796051
1317103992,08/24/24,6.3,8.87,4,880111796051
1317103992,08/26/24,6.3,9.24,4,880111796051
1317103992,08/27/24,6.3,9.10,27,880111796051
1317103992,08/28/24,6.3,9.39,6,880111796051
1317103992,08/29/24,6.3,8.80,11,880111796051
1317103992,08/30/24,6.3,8.85,32,880111796051
1317103992,08/31/24,6.3,8.89,34,880111796051
1317103992,09/02/24,6.3,9.49,4,880111796051
1317103992,09/03/24,6.3,11.97,4,880111796051
1317103992,09/04/24,6.3,12.94,2,880111796051
1317103992,09/05/24,6.3,12.94,2,880111796051
1317103992,09/06/24,6.3,12.94,2,880111796051
1317103992,09/07/24,6.3,12.94,4,880111796051
1317103992,09/08/24,6.3,13.99,1,880111796051
1317103992,09/09/24,6.295,12.24,4,880111796051
1317103992,09/10/24,6.2975,13.29,3,880111796051
1317103992,09/11/24,6.3,13.29,2,880111796051
1317103992,09/12/24,6.3,13.99,1,880111796051
1317103992,09/13/24,6.3,10.99,7,880111796051
1317103992,09/14/24,6.3,13.99,1,880111796051
1317103992,09/17/24,6.3,12.59,1,880111796051
1317103992,09/18/24,6.3,13.99,1,880111796051
1317103992,09/19/24,6.3,13.99,1,880111796051
1317103992,09/21/24,6.3,13.99,1,880111796051
1317103992,09/26/24,6.29,13.99,1,880111796051
1317103992,09/27/24,6.3,13.99,1,880111796051
1317103992,10/02/24,6.29,13.99,1,880111796051
1317103992,10/03/24,6.3,13.99,1,880111796051
1317103992,10/05/24,6.29,13.99,1,880111796051
1317103992,10/10/24,6.3,13.99,1,880111796051
1317103992,10/15/24,6.29,13.99,1,880111796051
1317106021,03/15/24,4.03,10.99,1,880111799591
1317106021,03/18/24,4.03,10.99,1,880111799591
1317106021,03/19/24,4.03,10.99,7,880111799591
1317106021,03/20/24,4.02,10.99,2,880111799591
1317106021,03/27/24,4.02,10.77,5,880111799591
1317106021,03/28/24,4.02,10.99,5,880111799591
1317106021,03/29/24,4.02,9.89,1,880111799591
1317106021,04/02/24,4.0667,7.99,3,880111799591
1317106021,04/03/24,4.068666,7.67,7,880111799591
1317106021,04/04/24,4.068,7.21,15,880111799591
1317106021,04/05/24,4.065,7.46,4,880111799591
1317106021,04/08/24,4.065471,8.19,10,880111799591
1317106021,04/09/24,4.04,9.49,3,880111799591
1317106021,04/10/24,4.0675,7.79,11,880111799591
1317106021,04/11/24,4.065,7.99,4,880111799591
1317106021,04/12/24,4.06375,8.74,5,880111799591
1317106021,04/13/24,4.0667,10.99,3,880111799591
1317106021,04/15/24,4.07,10.99,2,880111799591
1317106021,04/16/24,4.065,10.99,2,880111799591
1317106021,04/17/24,4.064,10.99,5,880111799591
1317106021,04/18/24,4.02,10.99,1,880111799591
1317106021,04/19/24,4.02,10.99,2,880111799591
1317106021,04/20/24,4.024,10.99,5,880111799591
1317106021,04/22/24,4.025,10.99,2,880111799591
1317106021,04/23/24,4.061666,9.34,8,880111799591
1317106021,04/24/24,4.013333,9.71,3,880111799591
1317106021,04/25/24,3.9,8.79,2,880111799591
1317106021,04/26/24,3.9,9.89,2,880111799591
1317106021,04/27/24,3.9,8.79,1,880111799591
1317106021,04/29/24,3.9,7.97,4,880111799591
1317106021,04/30/24,3.9,7.06,11,880111799591
1317106021,05/01/24,3.987272,7.17,27,880111799591
1317106021,05/02/24,4.02,6.87,17,880111799591
1317106021,05/07/24,4.02,6.39,3,880111799591
1317106021,05/08/24,4.02,7.99,2,880111799591
1317106021,05/09/24,4.02,7.97,8,880111799591
1317106021,05/10/24,4.02,6.79,2,880111799591
1317106021,05/11/24,4.02,9.34,1,880111799591
1317106021,05/13/24,4.02,9.34,1,880111799591
1317106021,05/14/24,4.02,8.79,1,880111799591
1317106021,05/16/24,4.02,8.46,4,880111799591
1317106021,05/17/24,4.02,7.19,5,880111799591
1317106021,05/18/24,4.02,6.52,4,880111799591
1317106021,05/20/24,4.02,7.27,7,880111799591
1317106021,05/22/24,4.0725,7.99,4,880111799591
1317106021,05/23/24,3.985,7.99,2,880111799591
1317106021,05/24/24,3.94,7.06,7,880111799591
1317106021,05/25/24,3.9,10.99,1,880111799591
1317106021,05/29/24,3.9,7.19,1,880111799591
1317106021,05/30/24,3.9,10.99,1,880111799591
1317106021,05/31/24,3.9,10.99,1,880111799591
1317106021,06/03/24,3.9,10.44,4,880111799591
1317106021,06/04/24,3.9,9.89,1,880111799591
1317106021,06/06/24,3.9,10.99,1,880111799591
1317106021,06/10/24,3.948,9.74,7,880111799591
1317106021,06/11/24,4.02,8.72,3,880111799591
1317106021,06/13/24,4.02,9.34,3,880111799591
1317106021,06/14/24,4.02,10.99,2,880111799591
1317106021,06/15/24,4.02,10.26,3,880111799591
1317106021,06/18/24,4.02,10.44,3,880111799591
1317106021,06/19/24,4.02,10.99,2,880111799591
1317106021,06/21/24,4.006666,10.26,3,880111799591
1317106021,06/25/24,4.02,9.89,3,880111799591
1317106021,06/26/24,4.022,10.99,5,880111799591
1317106021,06/27/24,4.03,10.99,3,880111799591
1317106021,06/28/24,4.03,10.99,1,880111799591
1317106021,07/01/24,4.03,10.99,1,880111799591
1317106021,07/02/24,4.03,10.17,4,880111799591
1317106021,07/03/24,4.03,9.34,3,880111799591
1317106021,07/05/24,4.03,9.75,4,880111799591
1317106021,07/06/24,4.0275,9.34,3,880111799591
1317106021,07/08/24,4.0275,9.75,4,880111799591
1317106021,07/09/24,4.025,9.34,2,880111799591
1317106021,07/10/24,4.02,9.34,1,880111799591
1317106021,07/11/24,4.026666,10.99,5,880111799591
1317106021,07/12/24,4.025,9.89,2,880111799591
1317106021,07/13/24,4.025,10.26,4,880111799591
1317106021,07/16/24,4.03,9.89,3,880111799591
1317106021,07/17/24,4.03,10.99,1,880111799591
1317106021,07/23/24,4.03,8.93,4,880111799591
1317106021,07/24/24,4.0267,8.79,3,880111799591
1317106021,07/25/24,4.03,8.79,1,880111799591
1317106021,07/26/24,4.029175,9.89,6,880111799591
1317106021,07/29/24,4.0275,10.99,3,880111799591
1317106021,07/30/24,4.03,10.99,1,880111799591
1317106021,08/01/24,4.02625,10.99,7,880111799591
1317106021,08/02/24,4.025425,10.19,7,880111799591
1317106021,08/05/24,4.02,10.99,1,880111799591
1317106021,08/06/24,4.03,9.89,2,880111799591
1317106021,08/08/24,4.025,10.99,2,880111799591
1317106021,08/09/24,4.005,10.44,3,880111799591
1317106021,08/10/24,4,9.89,4,880111799591
1317106021,08/12/24,4,8.90,1,880111799591
1317106021,08/14/24,4,10.44,3,880111799591
1317106021,08/15/24,4,10.62,3,880111799591
1317106021,08/16/24,4,10.17,4,880111799591
1317106021,08/17/24,4,10.99,5,880111799591
1317106021,08/19/24,4,10.17,2,880111799591
1317106021,08/21/24,4,10.99,1,880111799591
1317106021,08/22/24,4,10.99,1,880111799591
1317106021,08/23/24,4,9.34,2,880111799591
1317106021,08/24/24,4,9.34,1,880111799591
1317106021,08/26/24,4,9.34,1,880111799591
1317106021,08/27/24,4,10.58,5,880111799591
1317106021,08/28/24,4,10.44,3,880111799591
1317106021,08/29/24,4,9.34,1,880111799591
1317106021,08/30/24,4,9.89,6,880111799591
1317106021,08/31/24,4,9.34,1,880111799591
1317106021,09/02/24,4,10.58,5,880111799591
1317106021,09/04/24,4,9.34,1,880111799591
1317106021,09/05/24,4,9.75,5,880111799591
1317106021,09/06/24,4,9.34,2,880111799591
1317106021,09/07/24,4,10.99,1,880111799591
1317106021,09/12/24,4,10.99,1,880111799591
1317106021,09/13/24,4,10.44,2,880111799591
1317106021,09/14/24,4,10.99,2,880111799591
1317106021,09/16/24,4,10.17,4,880111799591
1317106021,09/17/24,4,10.55,6,880111799591
1317106021,09/18/24,4,10.44,2,880111799591
1317106021,09/19/24,4,10.62,3,880111799591
1317106021,09/20/24,4,8.90,1,880111799591
1317106021,09/21/24,4,10.26,3,880111799591
1317106021,09/23/24,4,10.29,5,880111799591
1317106021,09/24/24,4,9.93,6,880111799591
1317106021,09/26/24,4.03,13.99,1,880111799591
1317106021,09/27/24,4,10.99,1,880111799591
1317106021,09/30/24,4,9.34,1,880111799591
1317106021,10/01/24,3.996666,10.29,3,880111799591
1317106021,10/02/24,4,10.99,4,880111799591
1317106021,10/03/24,4.01,9.89,2,880111799591
1317106021,10/04/24,4.01,10.99,2,880111799591
1317106021,10/05/24,4.01,9.89,1,880111799591
1317106021,10/07/24,4.01,9.89,1,880111799591
1317106021,10/08/24,4.0106,10.66,15,880111799591
1317106021,10/09/24,4.01,10.99,2,880111799591
1317106021,10/10/24,4.01,10.99,1,880111799591
1317106021,10/11/24,4.01125,9.89,5,880111799591
1317106021,10/15/24,4.01195,9.55,9,880111799591
1317106021,10/16/24,4.01,10.99,1,880111799591
1317106021,10/17/24,3.8,10.99,3,880111799591
1317106021,10/18/24,3.8,9.89,3,880111799591
1317106021,10/19/24,3.8,9.89,1,880111799591
1317106021,10/21/24,3.8,9.89,1,880111799591
1317106021,10/22/24,3.798125,10.17,9,880111799591
1317106021,10/24/24,3.798333,10.99,5,880111799591
1317106021,10/25/24,3.8,10.99,1,880111799591
1317106021,10/26/24,3.8,10.99,1,880111799591
1317106021,10/28/24,3.796666,9.89,3,880111799591
1317106021,10/29/24,3.79875,10.44,5,880111799591
1317106021,10/30/24,3.8,10.72,5,880111799591
1317106021,11/02/24,3.799,10.99,6,880111799591
1317106021,11/07/24,3.8,10.99,5,880111799591
1317106021,11/08/24,3.8,9.89,1,880111799591
1317106021,11/09/24,3.7975,10.99,3,880111799591
1317106021,11/11/24,3.8,10.99,1,880111799591
1317106021,11/12/24,3.8,10.99,1,880111799591
1317106021,11/13/24,3.795,10.99,2,880111799591
1317106021,11/14/24,3.8,10.99,1,880111799591
1317106021,11/15/24,3.9275,10.44,4,880111799591
1317106021,11/18/24,4.06,10.44,2,880111799591
1317106021,11/19/24,4.06,9.89,3,880111799591
1317106021,11/20/24,4.06,10.99,1,880111799591
