HSERVICE_ITEM.csv
ItemCode  ,Date                      ,Average_Cost,Average_Sales_Price,Total_Sales_Quantity,UPC          
1317106028,03/14/24,5.49,12.99,1,880111798441
1317106028,03/15/24,5.49,12.99,2,880111798441
1317106028,03/16/24,5.49,11.69,1,880111798441
1317106028,03/19/24,5.49,12.99,1,880111798441
1317106028,03/27/24,5.28,12.99,5,880111798441
1317106028,03/29/24,5.28,9.89,2,880111798441
1317106028,03/30/24,5.28,8.09,1,880111798441
1317106028,04/01/24,5.28,8.09,1,880111798441
1317106028,04/02/24,5.38,8.99,2,880111798441
1317106028,04/05/24,5.478125,8.34,9,880111798441
1317106028,04/08/24,5.475,8.09,8,880111798441
1317106028,04/09/24,5.48,8.99,3,880111798441
1317106028,04/11/24,5.48,8.99,2,880111798441
1317106028,04/12/24,5.48,8.81,6,880111798441
1317106028,04/13/24,5.48,8.09,1,880111798441
1317106028,04/15/24,5.48,12.99,1,880111798441
1317106028,04/16/24,5.48,12.99,2,880111798441
1317106028,04/17/24,5.47,12.99,1,880111798441
1317106028,04/19/24,5.476666,11.26,3,880111798441
1317106028,04/20/24,5.47,10.39,1,880111798441
1317106028,04/22/24,5.49,10.39,2,880111798441
1317106028,04/23/24,5.483333,12.12,3,880111798441
1317106028,04/24/24,5.48,12.99,1,880111798441
1317106028,04/26/24,5.48,10.65,5,880111798441
1317106028,04/27/24,5.48,11.26,3,880111798441
1317106028,04/29/24,5.48,12.99,1,880111798441
1317106028,04/30/24,5.47,12.99,1,880111798441
1317106028,05/01/24,5.4775,12.02,3,880111798441
1317106028,05/02/24,5.47,11.04,1,880111798441
1317106028,05/06/24,5.49,11.04,2,880111798441
1317106028,05/07/24,5.49,11.47,3,880111798441
1317106028,05/09/24,5.49,11.69,3,880111798441
1317106028,05/10/24,5.49,11.04,1,880111798441
1317106028,05/11/24,5.485,11.04,2,880111798441
1317106028,05/14/24,5.48,11.69,2,880111798441
1317106028,05/15/24,5.48,11.69,2,880111798441
1317106028,05/16/24,5.48,12.02,2,880111798441
1317106028,05/17/24,5.48,11.04,1,880111798441
1317106028,05/20/24,5.48,10.72,2,880111798441
1317106028,05/21/24,5.48,11.04,5,880111798441
1317106028,05/22/24,5.48,12.99,1,880111798441
1317106028,05/24/24,5.48,11.69,1,880111798441
1317106028,05/25/24,5.475,11.69,2,880111798441
1317106028,05/27/24,5.48,11.69,3,880111798441
1317106028,05/29/24,5.48,12.99,1,880111798441
1317106028,05/30/24,5.48,12.99,1,880111798441
1317106028,06/01/24,5.48,12.99,1,880111798441
1317106028,06/03/24,5.48,12.99,1,880111798441
1317106028,06/04/24,5.48,11.69,1,880111798441
1317106028,06/05/24,5.48,11.69,1,880111798441
1317106028,06/06/24,5.47,12.99,1,880111798441
1317106028,06/07/24,5.47,12.34,2,880111798441
1317106028,06/08/24,5.47,12.34,5,880111798441
1317106028,06/10/24,5.47,11.37,2,880111798441
1317106028,06/11/24,5.47,11.04,3,880111798441
1317106028,06/12/24,5.54,10.89,3,880111798441
1317106028,06/13/24,5.54,12.99,2,880111798441
1317106028,06/14/24,5.54,12.99,1,880111798441
1317106028,06/17/24,5.535,12.99,2,880111798441
1317106028,06/18/24,5.54,12.34,2,880111798441
1317106028,06/19/24,5.54,12.99,1,880111798441
1317106028,06/20/24,5.535,11.69,2,880111798441
1317106028,06/21/24,5.53,12.99,1,880111798441
1317106028,06/22/24,5.536666,11.69,5,880111798441
1317106028,06/24/24,5.53,11.69,1,880111798441
1317106028,06/25/24,5.535,12.02,4,880111798441
1317106028,06/26/24,5.535,12.99,4,880111798441
1317106028,06/27/24,5.535,12.99,2,880111798441
1317106028,06/28/24,5.54,12.99,1,880111798441
1317106028,07/02/24,5.54,12.99,1,880111798441
1317106028,07/03/24,5.54,11.04,2,880111798441
1317106028,07/05/24,5.54,11.04,2,880111798441
1317106028,07/06/24,5.54,11.04,1,880111798441
1317106028,07/09/24,5.54,11.04,1,880111798441
1317106028,07/10/24,5.535,11.53,6,880111798441
1317106028,07/11/24,5.535,12.99,4,880111798441
1317106028,07/12/24,5.536666,12.99,3,880111798441
1317106028,07/13/24,5.53,11.69,1,880111798441
1317106028,07/16/24,5.535,11.69,6,880111798441
1317106028,07/17/24,5.54,10.39,1,880111798441
1317106028,08/01/24,5.405,12.99,2,880111798441
1317106028,08/02/24,5.28,12.99,1,880111798441
1317106028,08/05/24,5.28,12.99,2,880111798441
1317106028,08/10/24,5.28,10.52,1,880111798441
1317106028,08/12/24,5.28,11.11,2,880111798441
1317106028,08/14/24,5.28,11.69,1,880111798441
1317106028,08/16/24,5.28,12.02,2,880111798441
1317106028,08/17/24,5.28,11.69,7,880111798441
1317106028,08/19/24,5.28,11.04,1,880111798441
1317106028,08/20/24,5.28,11.04,1,880111798441
1317106028,08/22/24,5.28,10.39,2,880111798441
1317106028,08/23/24,5.28,11.04,1,880111798441
1317106028,08/24/24,5.28,12.99,1,880111798441
1317106028,08/27/24,5.28,11.04,2,880111798441
1317106028,08/28/24,5.28,12.02,2,880111798441
1317106028,08/29/24,5.28,11.04,1,880111798441
1317106028,08/30/24,5.385,11.69,2,880111798441
1317106028,09/02/24,5.49,11.04,3,880111798441
1317106028,09/05/24,5.49,12.02,2,880111798441
1317106028,09/06/24,5.49,11.04,1,880111798441
1317106028,09/07/24,5.49,12.99,1,880111798441
1317106028,09/08/24,5.49,12.99,1,880111798441
1317106028,09/09/24,5.49,11.04,2,880111798441
1317106028,09/10/24,5.49,12.99,1,880111798441
1317106028,09/12/24,5.49,11.69,2,880111798441
1317106028,09/13/24,5.4375,12.05,6,880111798441
1317106028,09/16/24,5.49,11.69,1,880111798441
1317106028,09/17/24,5.49,12.99,2,880111798441
1317106028,09/18/24,5.49,12.56,3,880111798441
1317106028,09/20/24,5.49,11.69,3,880111798441
1317106028,09/21/24,5.49,12.99,1,880111798441
1317106028,09/24/24,5.49,10.52,1,880111798441
1317106028,09/26/24,5.28,11.69,1,880111798441
1317106028,09/27/24,5.28,10.52,1,880111798441
1317106028,09/28/24,5.28,12.34,2,880111798441
1317106028,09/30/24,5.28,12.99,1,880111798441
1317106028,10/01/24,5.28,10.52,1,880111798441
1317106028,10/02/24,5.28,12.56,3,880111798441
1317106028,10/03/24,5.28,12.99,4,880111798441
1317106028,10/07/24,5.28,11.69,1,880111798441
1317106028,10/08/24,5.49,12.02,2,880111798441
1317106028,10/10/24,5.35,11.37,8,880111798441
1317106028,10/12/24,5.28,12.02,3,880111798441
1317106028,10/14/24,5.28,12.99,2,880111798441
1317106028,10/15/24,5.015,12.99,2,880111798441
1317106028,10/17/24,4.75,12.99,2,880111798441
1317106028,10/21/24,4.75,11.69,1,880111798441
1317106028,10/22/24,4.75,12.99,2,880111798441
1317106028,10/24/24,4.75,12.99,3,880111798441
1317106028,10/28/24,4.75,11.69,1,880111798441
1317106028,10/29/24,4.75,12.99,1,880111798441
1317106061,03/14/24,0.98,1.49,8,3114620013
1317106061,03/19/24,0.975,1.62,19,3114620013
1317106061,03/20/24,0.97,1.49,4,3114620013
1317106061,03/21/24,0.97,1.38,6,3114620013
1317106061,03/22/24,0.97,1.74,4,3114620013
1317106061,03/27/24,0.97,1.46,36,3114620013
1317106061,03/28/24,0.97,1.49,5,3114620013
1317106061,03/29/24,0.97,1.39,20,3114620013
1317106061,03/30/24,0.97,1.49,9,3114620013
1317106061,04/01/24,0.97,1.65,6,3114620013
1317106061,04/02/24,0.970308,1.60,42,3114620013
1317106061,04/03/24,0.97,1.55,12,3114620013
1317106061,04/04/24,0.97106,1.45,12,3114620013
1317106061,04/05/24,0.9705,1.51,22,3114620013
1317106061,04/08/24,0.970527,1.51,34,3114620013
1317106061,04/09/24,0.970571,1.63,13,3114620013
1317106061,04/10/24,0.97,1.57,11,3114620013
1317106061,04/11/24,0.97,1.87,8,3114620013
1317106061,04/12/24,0.97,1.41,16,3114620013
1317106061,04/13/24,0.97,1.53,6,3114620013
1317106061,04/15/24,0.97,1.79,4,3114620013
1317106061,04/16/24,0.97,1.99,2,3114620013
1317106061,04/17/24,0.975,1.99,2,3114620013
1317106061,04/18/24,0.975,1.34,2,3114620013
1317106061,04/19/24,0.971666,1.89,5,3114620013
1317106061,04/20/24,0.97,1.69,2,3114620013
1317106061,04/22/24,0.97,1.84,7,3114620013
1317106061,04/23/24,0.97,1.79,6,3114620013
1317106061,04/24/24,0.97,1.66,4,3114620013
1317106061,04/25/24,0.97,1.72,5,3114620013
1317106061,04/26/24,0.97,1.76,4,3114620013
1317106061,04/27/24,0.97,1.72,4,3114620013
1317106061,04/29/24,0.97,1.64,11,3114620013
1317106061,04/30/24,0.97098,1.71,26,3114620013
1317106061,05/01/24,0.97013,1.74,23,3114620013
1317106061,05/02/24,0.97,1.78,15,3114620013
1317106061,05/03/24,0.97,1.67,10,3114620013
1317106061,05/04/24,0.9705,1.79,11,3114620013
1317106061,05/06/24,0.97075,1.74,14,3114620013
1317106061,05/07/24,0.970357,1.76,11,3114620013
1317106061,05/08/24,0.97,1.59,1,3114620013
1317106061,05/09/24,0.97074,1.73,14,3114620013
1317106061,05/10/24,0.97,1.77,5,3114620013
1317106061,05/11/24,0.97,1.69,3,3114620013
1317106061,05/13/24,0.97,1.84,3,3114620013
1317106061,05/14/24,0.97,1.92,8,3114620013
1317106061,05/15/24,0.97,1.72,14,3114620013
1317106061,05/16/24,0.97,1.99,2,3114620013
1317106061,05/17/24,0.97,1.84,3,3114620013
1317106061,05/18/24,0.97,1.59,2,3114620013
1317106061,05/20/24,0.97,1.59,1,3114620013
1317106061,05/21/24,0.97,1.82,6,3114620013
1317106061,05/22/24,0.97035,1.99,11,3114620013
1317106061,05/23/24,0.97,1.99,1,3114620013
1317106061,05/24/24,0.97,1.79,2,3114620013
1317106061,05/25/24,0.971,1.79,11,3114620013
1317106061,05/27/24,0.97,1.79,2,3114620013
1317106061,05/30/24,0.97,1.99,5,3114620013
1317106061,05/31/24,0.97125,1.99,6,3114620013
1317106061,06/01/24,0.97,1.79,1,3114620013
1317106061,06/03/24,0.97,1.79,1,3114620013
1317106061,06/04/24,0.9711,1.79,6,3114620013
1317106061,06/05/24,0.971166,1.89,11,3114620013
1317106061,06/06/24,0.97,1.99,1,3114620013
1317106061,06/08/24,0.97,1.99,2,3114620013
1317106061,06/11/24,0.97,1.55,9,3114620013
1317106061,06/12/24,0.9705,1.84,12,3114620013
1317106061,06/14/24,0.97,1.99,4,3114620013
1317106061,06/18/24,0.970333,1.86,12,3114620013
1317106061,06/19/24,0.97,1.99,2,3114620013
1317106061,06/20/24,0.97,1.99,4,3114620013
1317106061,06/21/24,0.97025,1.94,16,3114620013
1317106061,06/22/24,0.97,1.79,1,3114620013
1317106061,06/24/24,0.97,1.89,3,3114620013
1317106061,06/25/24,0.97,1.79,11,3114620013
1317106061,06/26/24,0.97,1.99,6,3114620013
1317106061,06/27/24,0.97,1.84,4,3114620013
1317106061,06/28/24,0.97,1.72,5,3114620013
1317106061,06/29/24,0.97,1.84,2,3114620013
1317106061,07/01/24,0.9704,1.69,11,3114620013
1317106061,07/02/24,0.970566,1.79,10,3114620013
1317106061,07/03/24,0.97085,1.99,7,3114620013
1317106061,07/05/24,0.97034,1.87,12,3114620013
1317106061,07/06/24,0.9705,1.53,11,3114620013
1317106061,07/08/24,0.97,1.33,11,3114620013
1317106061,07/09/24,0.971164,1.30,47,3114620013
1317106061,07/10/24,0.97,1.36,21,3114620013
1317106061,07/11/24,0.970113,1.51,38,3114620013
1317106061,07/12/24,0.97047,1.42,31,3114620013
1317106061,07/13/24,0.97,1.44,3,3114620013
1317106061,07/15/24,0.97034,1.43,13,3114620013
1317106061,07/16/24,0.970464,1.41,39,3114620013
1317106061,07/17/24,0.956708,1.29,36,3114620013
1317106061,07/18/24,0.97,1.19,9,3114620013
1317106061,07/19/24,0.97,1.27,2,3114620013
1317106061,07/20/24,0.97,1.19,8,3114620013
1317106061,07/22/24,0.970445,1.31,61,3114620013
1317106061,07/23/24,0.970566,1.37,9,3114620013
1317106061,07/24/24,0.9702,1.59,17,3114620013
1317106061,07/25/24,0.97,1.59,2,3114620013
1317106061,07/26/24,0.97,1.59,8,3114620013
1317106061,07/27/24,0.97,1.99,2,3114620013
1317106061,07/29/24,0.9705,1.87,11,3114620013
1317106061,07/30/24,0.97,1.79,3,3114620013
1317106061,07/31/24,0.97,1.80,5,3114620013
1317106061,08/01/24,0.97,1.92,5,3114620013
1317106061,08/02/24,0.97132,1.87,10,3114620013
1317106061,08/03/24,0.97,1.27,2,3114620013
1317106061,08/05/24,0.97,1.89,2,3114620013
1317106061,08/06/24,0.970333,1.79,11,3114620013
1317106061,08/07/24,0.97,1.79,1,3114620013
1317106061,08/08/24,0.975,1.99,2,3114620013
1317106061,08/09/24,0.971516,1.73,15,3114620013
1317106061,08/10/24,0.9725,1.70,3,3114620013
1317106061,08/12/24,0.95,1.78,6,3114620013
1317106061,08/13/24,0.95,1.80,4,3114620013
1317106061,08/14/24,0.95,1.80,2,3114620013
1317106061,08/15/24,0.956666,1.92,8,3114620013
1317106061,08/16/24,0.97,1.84,10,3114620013
1317106061,08/17/24,0.97,1.82,15,3114620013
1317106061,08/19/24,0.97,1.52,11,3114620013
1317106061,08/20/24,0.97,1.38,12,3114620013
1317106061,08/21/24,0.97009,1.32,28,3114620013
1317106061,08/22/24,0.97,1.29,11,3114620013
1317106061,08/23/24,0.968477,1.43,43,3114620013
1317106061,08/24/24,0.970313,1.31,36,3114620013
1317106061,08/26/24,0.971528,1.30,23,3114620013
1317106061,08/27/24,0.971108,1.32,19,3114620013
1317106061,08/28/24,0.970111,1.42,25,3114620013
1317106061,08/29/24,0.97,1.31,25,3114620013
1317106061,08/30/24,0.970058,1.28,41,3114620013
1317106061,08/31/24,0.970058,1.32,42,3114620013
1317106061,09/02/24,0.970062,1.36,40,3114620013
1317106061,09/03/24,0.970412,1.59,16,3114620013
1317106061,09/04/24,0.97,1.79,5,3114620013
1317106061,09/05/24,0.9701,1.80,23,3114620013
1317106061,09/06/24,0.97,1.79,10,3114620013
1317106061,09/07/24,0.97,1.77,8,3114620013
1317106061,09/08/24,0.970466,1.89,11,3114620013
1317106061,09/09/24,0.97,1.89,4,3114620013
1317106061,09/10/24,0.97,1.82,10,3114620013
1317106061,09/11/24,0.97,1.89,5,3114620013
1317106061,09/12/24,0.97,1.99,3,3114620013
1317106061,09/13/24,0.97,1.75,8,3114620013
1317106061,09/14/24,0.97,1.79,2,3114620013
1317106061,09/16/24,0.97,1.79,9,3114620013
1317106061,09/17/24,0.97,1.84,8,3114620013
1317106061,09/18/24,0.97,1.94,5,3114620013
1317106061,09/19/24,0.97,1.90,10,3114620013
1317106061,09/20/24,0.9714,1.79,7,3114620013
1317106061,09/21/24,0.97,1.89,3,3114620013
1317106061,09/23/24,0.9705,1.82,20,3114620013
1317106061,09/24/24,0.970857,1.85,24,3114620013
1317106061,09/25/24,0.97,1.82,4,3114620013
1317106061,09/26/24,0.97,1.79,1,3114620013
1317106061,09/27/24,0.97,1.80,3,3114620013
1317106061,09/28/24,0.9706,1.39,29,3114620013
1317106061,09/30/24,0.971054,1.44,25,3114620013
1317106061,10/01/24,0.971163,1.43,29,3114620013
1317106061,10/02/24,0.972445,1.42,26,3114620013
1317106061,10/03/24,0.970384,1.46,23,3114620013
1317106061,10/04/24,0.970207,1.39,37,3114620013
1317106061,10/05/24,0.97,1.38,21,3114620013
1317106061,10/07/24,0.970242,1.39,32,3114620013
1317106061,10/08/24,0.9706,1.38,50,3114620013
1317106061,10/09/24,0.970758,1.35,24,3114620013
1317106061,10/10/24,0.9726,1.30,14,3114620013
1317106061,10/11/24,0.970277,1.32,21,3114620013
1317106061,10/12/24,0.97,1.27,8,3114620013
1317106061,10/14/24,0.97,1.39,15,3114620013
1317106061,10/15/24,0.97,1.42,31,3114620013
1317106061,10/16/24,0.97,1.49,9,3114620013
1317106061,10/17/24,0.97,1.49,3,3114620013
1317106061,10/18/24,0.97,1.34,6,3114620013
1317106061,10/19/24,0.97045,1.53,20,3114620013
1317106061,10/21/24,0.970076,1.40,28,3114620013
1317106061,10/22/24,0.970214,1.69,34,3114620013
1317106061,10/23/24,0.971133,1.68,29,3114620013
1317106061,10/24/24,0.9706,1.61,19,3114620013
1317106061,10/25/24,0.97,1.69,14,3114620013
1317106061,10/28/24,0.970666,2.11,8,3114620013
1317106061,10/29/24,0.97,2.49,1,3114620013
1317106061,10/30/24,0.97,2.49,3,3114620013
1317106061,10/31/24,0.97,1.34,1,3114620013
1317106061,11/02/24,0.97,2.24,1,3114620013
1317106061,11/04/24,0.97,2.37,5,3114620013
1317106061,11/05/24,0.97,2.24,5,3114620013
1317106061,11/06/24,0.97,2.49,4,3114620013
1317106061,11/07/24,0.970333,2.49,12,3114620013
1317106061,11/08/24,0.97,2.49,2,3114620013
1317106061,11/09/24,0.9725,2.49,4,3114620013
1317106061,11/11/24,0.97,2.49,2,3114620013
1317106061,11/12/24,0.97,2.49,2,3114620013
1317106061,11/13/24,0.97415,2.49,5,3114620013
1317106061,11/14/24,0.971666,2.49,4,3114620013
1317106061,11/15/24,0.971666,2.49,4,3114620013
1317106061,11/16/24,0.972333,2.41,8,3114620013
1317106061,11/18/24,0.97,2.24,1,3114620013
1317106061,11/19/24,0.97,2.37,2,3114620013
1317106061,11/20/24,0.97,2.49,1,3114620013
1317106061,11/21/24,0.97,2.49,1,3114620013
