HSERVICE_ITEM.csv
ItemCode  ,Date                      ,Average_Cost,Average_Sales_Price,Total_Sales_Quantity,UPC          
1317106065,03/14/24,0.98,1.99,15,3114621569
1317106065,03/15/24,0.98,1.92,12,3114621569
1317106065,03/16/24,0.98,1.99,5,3114621569
1317106065,03/18/24,0.98,1.99,4,3114621569
1317106065,03/19/24,0.98,1.99,11,3114621569
1317106065,03/20/24,0.975,1.99,12,3114621569
1317106065,03/21/24,0.97,1.99,3,3114621569
1317106065,03/22/24,0.97,1.87,11,3114621569
1317106065,03/27/24,0.97,1.95,60,3114621569
1317106065,03/28/24,0.97,1.99,2,3114621569
1317106065,03/29/24,0.97,1.92,5,3114621569
1317106065,03/30/24,0.97,1.79,3,3114621569
1317106065,04/01/24,0.97,1.87,14,3114621569
1317106065,04/02/24,0.97,1.96,11,3114621569
1317106065,04/03/24,0.97,1.99,1,3114621569
1317106065,04/04/24,0.97,1.99,1,3114621569
1317106065,04/05/24,0.97,1.79,2,3114621569
1317106065,04/08/24,0.97,1.99,10,3114621569
1317106065,04/09/24,0.9702,1.99,16,3114621569
1317106065,04/10/24,0.970666,1.99,7,3114621569
1317106065,04/11/24,0.97,1.99,2,3114621569
1317106065,04/12/24,0.970333,1.62,16,3114621569
1317106065,04/13/24,0.97069,1.41,37,3114621569
1317106065,04/15/24,0.97,1.53,17,3114621569
1317106065,04/16/24,0.970922,1.49,13,3114621569
1317106065,04/17/24,0.9702,1.49,20,3114621569
1317106065,04/18/24,0.970125,1.46,20,3114621569
1317106065,04/19/24,0.97,1.52,10,3114621569
1317106065,04/20/24,0.97025,1.37,13,3114621569
1317106065,04/22/24,0.97065,1.31,28,3114621569
1317106065,04/23/24,0.970394,1.41,39,3114621569
1317106065,04/24/24,0.97,1.33,8,3114621569
1317106065,04/25/24,0.9701,1.21,25,3114621569
1317106065,04/26/24,0.970666,1.28,49,3114621569
1317106065,04/27/24,0.970137,1.30,23,3114621569
1317106065,04/29/24,0.970575,1.51,20,3114621569
1317106065,05/01/24,0.97,1.84,12,3114621569
1317106065,05/02/24,0.97,1.73,15,3114621569
1317106065,05/03/24,0.97,1.69,2,3114621569
1317106065,05/06/24,0.97,1.79,4,3114621569
1317106065,05/07/24,0.97,1.84,4,3114621569
1317106065,05/08/24,0.97,1.99,3,3114621569
1317106065,05/09/24,0.97,1.99,3,3114621569
1317106065,05/11/24,0.97,1.69,1,3114621569
1317106065,05/13/24,0.97,1.69,3,3114621569
1317106065,05/15/24,0.97,1.79,3,3114621569
1317106065,05/16/24,0.97,1.99,2,3114621569
1317106065,05/17/24,0.97,1.99,3,3114621569
1317106065,05/18/24,0.079433,1.72,8,3114621569
1317106065,05/20/24,0.07845,1.92,23,3114621569
1317106065,05/21/24,0.079437,1.82,16,3114621569
1317106065,05/22/24,0.08,1.99,4,3114621569
1317106065,05/24/24,0.08,1.74,3,3114621569
1317106065,05/25/24,0.07875,1.79,5,3114621569
1317106065,05/27/24,0.0767,1.99,3,3114621569
1317106065,05/29/24,0.08,1.99,7,3114621569
1317106065,05/30/24,0.08,1.99,2,3114621569
1317106065,05/31/24,0.08,1.99,4,3114621569
1317106065,06/01/24,0.08,1.92,4,3114621569
1317106065,06/03/24,0.079,1.79,7,3114621569
1317106065,06/04/24,0.079166,1.92,11,3114621569
1317106065,06/05/24,0.07835,1.89,4,3114621569
1317106065,06/06/24,0.08,1.99,1,3114621569
1317106065,06/07/24,0.078233,1.99,14,3114621569
1317106065,06/08/24,0.08,1.89,4,3114621569
1317106065,06/10/24,0.077425,1.70,11,3114621569
1317106065,06/11/24,0.077666,1.63,9,3114621569
1317106065,06/12/24,0.078333,1.58,4,3114621569
1317106065,06/26/24,0.076666,1.99,3,3114621569
1317106065,06/27/24,0.9705,1.99,11,3114621569
1317106065,06/28/24,0.97,1.84,8,3114621569
1317106065,06/29/24,0.97,1.69,1,3114621569
1317106065,07/01/24,0.9705,1.69,10,3114621569
1317106065,07/02/24,0.97,1.69,3,3114621569
1317106065,07/03/24,0.97,1.87,5,3114621569
1317106065,07/05/24,0.970111,1.86,22,3114621569
1317106065,07/06/24,0.97,1.77,5,3114621569
1317106065,07/09/24,0.97085,1.84,7,3114621569
1317106065,07/10/24,0.970833,1.69,6,3114621569
1317106065,07/11/24,0.9715,1.99,15,3114621569
1317106065,07/12/24,0.9708,1.91,27,3114621569
1317106065,07/13/24,0.97,1.99,2,3114621569
1317106065,07/16/24,0.970666,1.79,7,3114621569
1317106065,07/17/24,0.970412,1.79,13,3114621569
1317106065,07/18/24,0.97,1.99,1,3114621569
1317106065,07/22/24,0.97146,1.53,16,3114621569
1317106065,07/23/24,0.95625,1.24,19,3114621569
1317106065,07/24/24,0.95,1.19,19,3114621569
1317106065,07/25/24,0.95,1.29,47,3114621569
1317106065,07/26/24,0.95,1.23,63,3114621569
1317106065,07/27/24,0.95,1.47,22,3114621569
1317106065,07/29/24,0.9542,1.46,19,3114621569
1317106065,07/30/24,0.970111,1.37,19,3114621569
1317106065,07/31/24,0.9702,1.31,18,3114621569
1317106065,08/01/24,0.970425,1.42,11,3114621569
1317106065,08/02/24,0.9702,1.41,46,3114621569
1317106065,08/03/24,0.9705,1.49,12,3114621569
1317106065,08/05/24,0.97025,1.72,14,3114621569
1317106065,08/06/24,0.970454,1.81,31,3114621569
1317106065,08/07/24,0.97,1.86,4,3114621569
1317106065,08/08/24,0.970833,1.71,6,3114621569
1317106065,08/09/24,0.96666,1.67,10,3114621569
1317106065,08/10/24,0.970625,1.66,9,3114621569
1317106065,08/12/24,0.97,1.79,3,3114621569
1317106065,08/13/24,0.971666,1.80,4,3114621569
1317106065,08/14/24,0.97,1.99,2,3114621569
1317106065,08/15/24,0.971,1.81,9,3114621569
1317106065,08/16/24,0.97,1.79,4,3114621569
1317106065,08/17/24,0.970216,1.86,20,3114621569
1317106065,08/19/24,0.97,1.55,18,3114621569
1317106065,08/20/24,0.97,1.37,14,3114621569
1317106065,08/21/24,0.97,1.32,21,3114621569
1317106065,08/22/24,0.97,1.29,12,3114621569
1317106065,08/23/24,0.970133,1.40,28,3114621569
1317106065,08/24/24,0.970111,1.29,25,3114621569
1317106065,08/26/24,0.97,1.32,18,3114621569
1317106065,08/27/24,0.970527,1.34,21,3114621569
1317106065,08/28/24,0.970357,1.36,12,3114621569
1317106065,08/29/24,0.971511,1.35,54,3114621569
1317106065,08/30/24,0.971004,1.29,54,3114621569
1317106065,08/31/24,0.97,1.35,11,3114621569
1317106065,09/02/24,0.970173,1.39,49,3114621569
1317106065,09/03/24,0.970308,1.46,23,3114621569
1317106065,09/04/24,0.970666,1.76,8,3114621569
1317106065,09/05/24,0.97,1.92,13,3114621569
1317106065,09/06/24,0.970333,1.82,27,3114621569
1317106065,09/07/24,0.97,1.90,12,3114621569
1317106065,09/08/24,0.9714,1.99,7,3114621569
1317106065,09/09/24,0.97,1.78,9,3114621569
1317106065,09/10/24,0.97,1.92,4,3114621569
1317106065,09/11/24,0.9704,1.87,12,3114621569
1317106065,09/12/24,0.97,1.79,2,3114621569
1317106065,09/13/24,0.97,1.79,1,3114621569
1317106065,09/14/24,0.970233,1.48,16,3114621569
1317106065,09/16/24,0.96825,1.52,16,3114621569
1317106065,09/17/24,0.97,1.49,2,3114621569
1317106065,09/18/24,0.97,1.44,13,3114621569
1317106065,09/19/24,0.970312,1.43,14,3114621569
1317106065,09/20/24,0.970466,1.35,10,3114621569
1317106065,09/21/24,0.970333,1.34,11,3114621569
1317106065,09/23/24,0.970214,1.36,35,3114621569
1317106065,09/24/24,0.970815,1.45,35,3114621569
1317106065,09/25/24,0.97017,1.40,22,3114621569
1317106065,09/26/24,0.970481,1.42,21,3114621569
1317106065,09/27/24,0.9704,1.40,16,3114621569
1317106065,09/28/24,0.97,1.91,7,3114621569
1317106065,09/30/24,0.97,1.58,5,3114621569
1317106065,10/01/24,0.97165,2.13,4,3114621569
1317106065,10/03/24,0.97,2.37,4,3114621569
1317106065,10/04/24,0.97,2.49,3,3114621569
1317106065,10/05/24,0.970825,2.19,8,3114621569
1317106065,10/08/24,0.97,2.34,5,3114621569
1317106065,10/09/24,0.971875,2.31,9,3114621569
1317106065,10/10/24,0.97,2.49,3,3114621569
1317106065,10/11/24,0.973333,2.41,5,3114621569
1317106065,10/12/24,0.97,2.37,3,3114621569
1317106065,10/14/24,0.9711,2.37,5,3114621569
1317106065,10/15/24,0.9711,2.37,5,3114621569
1317106065,10/16/24,0.97,2.49,1,3114621569
1317106065,10/17/24,0.9733,2.49,3,3114621569
1317106065,10/18/24,0.9733,2.24,6,3114621569
1317106065,10/21/24,0.9724,2.44,11,3114621569
1317106065,10/22/24,0.9733,2.24,6,3114621569
1317106065,10/23/24,0.97,2.49,2,3114621569
1317106065,10/24/24,0.971666,2.49,4,3114621569
1317106065,10/25/24,0.9725,1.42,3,3114621569
1317106065,10/26/24,0.9725,1.42,4,3114621569
1317106065,10/28/24,0.972162,1.49,21,3114621569
1317106065,10/29/24,0.9708,1.39,28,3114621569
1317106065,10/30/24,0.970775,1.45,19,3114621569
1317106065,10/31/24,0.970144,1.68,21,3114621569
1317106065,11/01/24,0.97066,1.46,19,3114621569
1317106065,11/02/24,0.970444,1.37,22,3114621569
1317106065,11/04/24,0.97055,1.42,19,3114621569
1317106065,11/05/24,0.97,1.34,12,3114621569
1317106065,11/06/24,0.97,1.37,20,3114621569
1317106065,11/07/24,0.97,1.47,18,3114621569
1317106065,11/08/24,0.97,1.72,4,3114621569
1317106065,11/09/24,0.970616,1.39,16,3114621569
1317106065,11/11/24,0.97,1.39,11,3114621569
1317106065,11/12/24,0.970384,1.39,34,3114621569
1317106065,11/13/24,0.9705,1.45,10,3114621569
1317106065,11/14/24,0.970825,1.49,8,3114621569
1317106065,11/15/24,0.970411,1.42,23,3114621569
1317106065,11/16/24,0.97,1.66,8,3114621569
1317106065,11/18/24,0.97,1.63,8,3114621569
1317106065,11/19/24,0.97,2.32,7,3114621569
1317106065,11/20/24,0.97,2.49,2,3114621569
1317106452,03/14/24,6.26,9.99,5,880111798601
1317106452,03/16/24,6.26,8.99,1,880111798601
1317106452,03/18/24,6.26,9.99,2,880111798601
1317106452,03/19/24,6.26,9.99,4,880111798601
1317106452,03/21/24,6.26,9.99,1,880111798601
1317106452,03/22/24,6.26,8.99,1,880111798601
1317106452,03/27/24,6.26,9.55,13,880111798601
1317106452,03/28/24,6.26,9.99,1,880111798601
1317106452,03/29/24,6.26,9.49,8,880111798601
1317106452,04/04/24,6.2625,9.99,3,880111798601
1317106452,04/05/24,6.261666,8.99,4,880111798601
1317106452,04/08/24,6.263125,9.49,9,880111798601
1317106452,04/09/24,6.26,10.04,7,880111798601
1317106452,04/11/24,6.266666,10.99,3,880111798601
1317106452,04/15/24,6.26,11.69,1,880111798601
1317106452,04/16/24,6.27,12.99,1,880111798601
1317106452,04/17/24,6.26,12.99,1,880111798601
1317106452,04/19/24,6.27,11.04,1,880111798601
1317106452,04/22/24,6.265,11.69,2,880111798601
1317106452,04/23/24,6.26,11.04,1,880111798601
1317106452,04/25/24,6.27,12.99,1,880111798601
1317106452,04/26/24,6.26165,10.39,4,880111798601
1317106452,04/27/24,6.26,12.99,1,880111798601
1317106452,04/30/24,6.26,11.04,4,880111798601
1317106452,05/01/24,6.26,11.04,1,880111798601
1317106452,05/04/24,6.26,12.99,2,880111798601
1317106452,05/08/24,6.26,12.99,1,880111798601
1317106452,05/14/24,6.26,12.99,1,880111798601
1317106452,05/16/24,6.26,11.04,1,880111798601
1317106452,05/17/24,6.26,10.39,4,880111798601
1317106452,05/18/24,5.83,12.99,4,880111798601
1317106452,05/21/24,6.26,11.04,1,880111798601
1317106452,05/24/24,6.26,11.69,1,880111798601
1317106452,05/27/24,6.26,12.34,2,880111798601
1317106452,05/29/24,6.26,12.99,1,880111798601
1317106452,05/30/24,6.265,12.99,2,880111798601
1317106452,05/31/24,6.26,12.99,1,880111798601
1317106452,06/01/24,6.27,12.99,1,880111798601
1317106452,06/04/24,6.27,11.69,1,880111798601
1317106452,06/05/24,6.265,11.69,4,880111798601
1317106452,06/08/24,6.265,11.69,2,880111798601
1317106452,06/10/24,6.2625,12.99,3,880111798601
1317106452,06/11/24,7.03,10.49,2,880111798601
1317106452,06/19/24,7.8,12.99,2,880111798601
1317106452,06/21/24,7.8,11.69,2,880111798601
1317106452,06/27/24,7.8,11.69,1,880111798601
1317106452,07/01/24,7.8,11.04,1,880111798601
1317106452,07/03/24,7.03,10.99,6,880111798601
1317106452,07/05/24,7.8,11.04,1,880111798601
1317106452,07/06/24,7.8,11.04,1,880111798601
1317106452,07/11/24,7.8,7.99,3,880111798601
1317106452,07/12/24,7.8,7.59,6,880111798601
1317106452,07/13/24,7.8,7.19,2,880111798601
1317106452,07/15/24,7.8,7.99,1,880111798601
1317106452,07/16/24,7.4175,7.03,12,880111798601
1317106452,07/17/24,6.27,6.39,3,880111798601
1317106452,07/19/24,6.27,6.39,1,880111798601
1317106452,07/20/24,6.2689,6.92,5,880111798601
1317106452,07/22/24,6.27,6.39,1,880111798601
1317106452,07/23/24,6.155,6.66,8,880111798601
1317106452,07/24/24,6,6.79,5,880111798601
1317106452,07/25/24,6,6.39,1,880111798601
1317106452,07/26/24,6,8.26,5,880111798601
1317106452,07/27/24,6,7.99,1,880111798601
1317106452,07/29/24,6,7.99,1,880111798601
1317106452,07/30/24,6.27,7.41,8,880111798601
1317106452,07/31/24,6.27,6.83,2,880111798601
1317106452,08/01/24,6.27,7.99,3,880111798601
1317106452,08/02/24,6.270216,7.47,18,880111798601
1317106452,08/03/24,6.27,7.59,2,880111798601
1317106452,08/05/24,6.27,7.19,1,880111798601
1317106452,08/08/24,6.3,7.19,3,880111798601
1317106452,08/09/24,6.3,7.41,5,880111798601
1317106452,08/10/24,6.3,7.19,12,880111798601
1317106452,08/12/24,6.3,7.59,3,880111798601
1317106452,08/13/24,6.3,6.83,2,880111798601
1317106452,08/14/24,6.3,7.59,8,880111798601
1317106452,08/15/24,6.3,7.20,9,880111798601
1317106452,08/16/24,6.3,7.27,9,880111798601
1317106452,08/17/24,6.3,7.09,4,880111798601
1317106452,08/19/24,6.3,6.79,1,880111798601
1317106452,08/20/24,6.3,6.79,10,880111798601
1317106452,08/21/24,6.3,7.39,2,880111798601
1317106452,08/27/24,6.3,6.79,1,880111798601
1317106452,08/28/24,6.3,6.39,1,880111798601
1317106452,08/29/24,6.3,6.79,3,880111798601
1317106452,08/30/24,6.3,7.15,37,880111798601
1317106452,08/31/24,6.3,6.62,27,880111798601
1317106452,09/02/24,6.3,12.99,2,880111798601
1317106452,09/03/24,6.3,8.69,8,880111798601
1317106452,09/04/24,6.3,8.49,3,880111798601
1317106452,09/05/24,6.3,9.56,7,880111798601
1317106452,09/06/24,6.3,9.39,13,880111798601
1317106452,09/07/24,6.3,9.99,4,880111798601
1317106452,09/08/24,6.3,9.49,4,880111798601
1317106452,09/09/24,6.3,8.40,4,880111798601
1317106452,09/10/24,6.3,9.02,4,880111798601
1317106452,09/11/24,6.300142,9.28,17,880111798601
1317106452,09/13/24,6.3,6.79,10,880111798601
1317106452,09/16/24,6.3,7.99,1,880111798601
1317106452,09/17/24,6.3,7.99,1,880111798601
1317106452,09/27/24,6.3,10.52,1,880111798601
1317106452,09/30/24,6.3,12.99,1,880111798601
1317106452,10/01/24,6.3,12.99,1,880111798601
1317106452,10/02/24,6.3,12.99,2,880111798601
1317106452,10/05/24,6.3,11.69,1,880111798601
1317106452,10/07/24,6.3,12.99,1,880111798601
1317106452,10/08/24,6.3,12.99,1,880111798601
1317106452,10/09/24,6.3,11.69,4,880111798601
1317106452,10/10/24,6.3,12.99,1,880111798601
1317106452,10/14/24,6.3,12.99,1,880111798601
1317106452,10/25/24,6.3,7.99,1,880111798601
1317106452,10/29/24,6.3,5.94,1,880111798601
1317106452,10/30/24,6.302,0.00,10,880111798601
1317106452,11/01/24,6.3,12.99,1,880111798601
1317106452,11/07/24,6.3,6.99,1,880111798601
1317106452,11/11/24,6.3,6.49,1,880111798601
1317106452,11/13/24,6.305,6.49,2,880111798601
1317106452,11/14/24,6.3,6.49,1,880111798601
1317106452,11/15/24,6.3,6.49,2,880111798601
