HSERVICE_ITEM.csv
ItemCode  ,Date                      ,Average_Cost,Average_Sales_Price,Total_Sales_Quantity,UPC          
1317106461,03/14/24,3.35,3.99,5,880111798320
1317106461,03/15/24,3.35,3.99,4,880111798320
1317106461,03/16/24,3.35,3.79,6,880111798320
1317106461,03/19/24,3.35,3.99,4,880111798320
1317106461,03/20/24,1.77,3.99,1,880111798320
1317106461,03/21/24,1.77,3.99,2,880111798320
1317106461,03/22/24,1.77,3.59,3,880111798320
1317106461,03/27/24,1.77,3.99,9,880111798320
1317106461,03/30/24,1.77,2.89,21,880111798320
1317106461,04/01/24,1.77,2.99,1,880111798320
1317106461,04/02/24,1.77,2.99,24,880111798320
1317106461,04/04/24,1.77,2.99,2,880111798320
1317106461,04/05/24,1.772,2.89,21,880111798320
1317106461,04/08/24,1.7375,2.89,11,880111798320
1317106461,04/09/24,1.72966,3.19,15,880111798320
1317106461,04/11/24,1.7198,2.99,18,880111798320
1317106461,04/12/24,1.72,2.99,1,880111798320
1317106461,04/13/24,1.72,3.49,4,880111798320
1317106461,04/15/24,1.719375,3.79,7,880111798320
1317106461,04/16/24,1.7296,3.99,9,880111798320
1317106461,04/17/24,1.77066,3.99,7,880111798320
1317106461,04/18/24,1.771,3.99,6,880111798320
1317106461,04/19/24,1.771,3.99,13,880111798320
1317106461,04/20/24,1.7711,3.59,5,880111798320
1317106461,04/22/24,1.775,3.83,6,880111798320
1317106461,04/23/24,1.742,3.87,5,880111798320
1317106461,04/24/24,1.72,3.19,1,880111798320
1317106461,04/25/24,1.719375,3.49,7,880111798320
1317106461,04/26/24,1.7175,3.49,5,880111798320
1317106461,04/29/24,1.72,2.63,27,880111798320
1317106461,04/30/24,1.72,2.57,9,880111798320
1317106461,05/01/24,1.72,2.51,35,880111798320
1317106461,05/02/24,1.72,2.77,21,880111798320
1317106461,05/03/24,1.72,2.84,9,880111798320
1317106461,05/04/24,1.72,2.86,9,880111798320
1317106461,05/06/24,1.72,2.52,21,880111798320
1317106461,05/07/24,1.72,2.74,19,880111798320
1317106461,05/08/24,1.72,2.51,18,880111798320
1317106461,05/09/24,1.72,2.63,21,880111798320
1317106461,05/10/24,1.72,3.17,3,880111798320
1317106461,05/11/24,1.72,3.39,2,880111798320
1317106461,05/13/24,1.72,3.79,14,880111798320
1317106461,05/14/24,1.72,3.99,7,880111798320
1317106461,05/15/24,1.72,3.39,7,880111798320
1317106461,05/16/24,1.72,3.69,2,880111798320
1317106461,05/17/24,1.72,3.59,8,880111798320
1317106461,05/18/24,1.72,3.52,3,880111798320
1317106461,05/20/24,1.72,3.75,6,880111798320
1317106461,05/21/24,1.72,3.79,4,880111798320
1317106461,05/22/24,1.71975,3.99,18,880111798320
1317106461,05/23/24,1.72,3.99,8,880111798320
1317106461,05/24/24,1.72,3.39,1,880111798320
1317106461,05/27/24,1.72,3.59,4,880111798320
1317106461,05/29/24,1.72,3.93,7,880111798320
1317106461,05/30/24,1.7198,3.99,14,880111798320
1317106461,05/31/24,1.72,3.99,1,880111798320
1317106461,06/01/24,1.72,3.79,7,880111798320
1317106461,06/03/24,1.72,3.79,2,880111798320
1317106461,06/04/24,1.719,3.59,10,880111798320
1317106461,06/06/24,1.71975,3.89,15,880111798320
1317106461,06/07/24,1.72,3.99,7,880111798320
1317106461,06/08/24,1.7239,3.99,19,880111798320
1317106461,06/10/24,1.731333,4.32,7,880111798320
1317106461,06/11/24,1.731333,3.77,7,880111798320
1317106461,06/12/24,1.73,3.63,2,880111798320
1317106461,06/13/24,1.73,4.27,3,880111798320
1317106461,06/14/24,1.73,4.49,4,880111798320
1317106461,06/15/24,1.735,4.49,2,880111798320
1317106461,06/18/24,1.73,4.49,1,880111798320
1317106461,06/19/24,1.731333,4.49,12,880111798320
1317106461,06/21/24,1.73,4.19,3,880111798320
1317106461,06/22/24,1.73,4.27,2,880111798320
1317106461,06/24/24,1.73,4.27,2,880111798320
1317106461,06/25/24,1.73,4.27,2,880111798320
1317106461,06/26/24,1.735,2.99,4,880111798320
1317106461,06/27/24,1.73,2.88,4,880111798320
1317106461,06/28/24,1.7325,2.77,3,880111798320
1317106461,06/29/24,1.73,2.54,1,880111798320
1317106461,07/01/24,1.732583,2.69,29,880111798320
1317106461,07/02/24,1.73566,2.63,8,880111798320
1317106461,07/03/24,1.735153,2.64,41,880111798320
1317106461,07/05/24,1.732727,2.74,45,880111798320
1317106461,07/06/24,1.732287,2.60,13,880111798320
1317106461,07/08/24,1.731185,2.88,10,880111798320
1317106461,07/09/24,1.73365,2.86,29,880111798320
1317106461,07/10/24,1.7328,4.07,18,880111798320
1317106461,07/11/24,1.73165,4.49,4,880111798320
1317106461,07/12/24,1.73165,4.27,4,880111798320
1317106461,07/13/24,1.7375,4.04,3,880111798320
1317106461,07/16/24,1.73375,4.49,5,880111798320
1317106461,07/17/24,1.74,4.49,1,880111798320
1317106461,07/18/24,1.73,3.59,1,880111798320
1317106461,07/19/24,1.735,4.04,2,880111798320
1317106461,07/20/24,1.73665,4.04,4,880111798320
1317106461,07/22/24,1.67,3.89,3,880111798320
1317106461,07/23/24,1.64,4.49,3,880111798320
1317106461,07/24/24,1.64,4.49,2,880111798320
1317106461,07/26/24,1.64,3.95,5,880111798320
1317106461,07/30/24,1.641,4.27,8,880111798320
1317106461,08/01/24,1.71,4.49,11,880111798320
1317106461,08/02/24,1.71025,4.38,21,880111798320
1317106461,08/03/24,1.7102,2.91,20,880111798320
1317106461,08/05/24,1.710333,2.63,52,880111798320
1317106461,08/06/24,1.711037,2.73,14,880111798320
1317106461,08/07/24,1.71,2.69,1,880111798320
1317106461,08/08/24,1.645,2.99,2,880111798320
1317106461,08/09/24,1.71,2.99,1,880111798320
1317106461,08/19/24,1.71,4.04,1,880111798320
1317106461,08/21/24,1.7105,4.32,24,880111798320
1317106461,08/22/24,1.71,3.82,1,880111798320
1317106461,08/23/24,1.71,4.16,3,880111798320
1317106461,08/24/24,1.71,4.49,5,880111798320
1317106461,08/26/24,1.71,4.27,6,880111798320
1317106461,08/27/24,1.71,4.16,4,880111798320
1317106461,08/28/24,1.71,4.16,3,880111798320
1317106461,09/02/24,1.71,4.49,2,880111798320
1317106461,09/03/24,1.71,4.04,3,880111798320
1317106461,09/04/24,1.71,4.49,2,880111798320
1317106461,09/05/24,1.71,3.82,2,880111798320
1317106461,09/06/24,1.71,4.49,1,880111798320
1317106461,09/07/24,1.7105,4.04,8,880111798320
1317106461,09/08/24,1.712,3.82,10,880111798320
1317106461,09/09/24,1.71,4.49,1,880111798320
1317106461,09/10/24,1.71165,4.07,4,880111798320
1317106461,09/11/24,1.71,4.27,3,880111798320
1317106461,09/13/24,1.71,4.49,1,880111798320
1317106461,09/14/24,1.711666,4.19,4,880111798320
1317106461,09/16/24,1.711,4.31,6,880111798320
1317106461,09/17/24,1.71075,4.27,13,880111798320
1317106461,09/19/24,1.71,4.49,1,880111798320
1317106461,09/23/24,1.711,4.34,12,880111798320
1317106461,09/24/24,1.71,4.82,3,880111798320
1317106461,09/25/24,1.711,4.49,6,880111798320
1317106461,09/26/24,1.71,4.99,1,880111798320
1317106461,09/28/24,1.71,4.04,1,880111798320
1317106461,09/30/24,1.7105,4.50,8,880111798320
1317106461,10/01/24,1.71,4.19,3,880111798320
1317106461,10/02/24,1.715,4.49,2,880111798320
1317106461,10/03/24,1.7115,4.50,9,880111798320
1317106461,10/04/24,1.712,3.84,11,880111798320
1317106461,10/05/24,1.715,4.49,2,880111798320
1317106461,10/07/24,1.71165,4.27,4,880111798320
1317106461,10/08/24,1.71,4.49,2,880111798320
1317106461,10/09/24,1.71,3.82,2,880111798320
1317106461,10/10/24,1.7125,4.49,3,880111798320
1317106461,10/11/24,1.72,3.82,1,880111798320
1317106461,10/12/24,1.715,4.27,4,880111798320
1317106461,10/14/24,1.71,4.49,1,880111798320
1317106461,10/15/24,1.713,4.36,7,880111798320
1317106461,10/16/24,1.7125,4.49,3,880111798320
1317106461,10/17/24,1.71166,4.40,8,880111798320
1317106461,10/18/24,1.71,4.49,2,880111798320
1317106461,10/19/24,1.7133,2.24,3,880111798320
1317106461,10/21/24,1.71665,3.14,4,880111798320
1317106461,11/20/24,1.86,4.49,1,880111798320
1317106549,03/19/24,4.1,10.99,2,880111714031
1317106549,03/21/24,4.64,10.99,2,880111714031
1317106549,03/22/24,4.64,10.44,2,880111714031
1317106549,03/27/24,4.6475,10.72,5,880111714031
1317106549,03/28/24,4.67,10.99,2,880111714031
1317106549,03/29/24,4.67125,8.99,5,880111714031
1317106549,03/30/24,4.67,9.99,2,880111714031
1317106549,04/02/24,4.69,8.99,4,880111714031
1317106549,04/04/24,4.69,8.99,1,880111714031
1317106549,04/05/24,4.691383,8.23,15,880111714031
1317106549,04/08/24,4.69,8.54,7,880111714031
1317106549,04/09/24,4.6925,8.99,3,880111714031
1317106549,04/11/24,4.64,8.99,2,880111714031
1317106549,04/12/24,4.69,8.09,1,880111714031
1317106549,04/13/24,4.69,9.99,5,880111714031
1317106549,04/15/24,4.690825,10.44,7,880111714031
1317106549,04/16/24,4.6925,10.99,4,880111714031
1317106549,04/17/24,4.69,10.99,1,880111714031
1317106549,04/18/24,4.64,10.99,1,880111714031
1317106549,04/19/24,4.64,10.44,5,880111714031
1317106549,04/23/24,4.5,9.45,5,880111714031
1317106549,04/24/24,4.5,9.71,3,880111714031
1317106549,04/25/24,4.5,10.99,2,880111714031
1317106549,04/26/24,4.5,8.79,1,880111714031
1317106549,04/27/24,4.5,9.89,4,880111714031
1317106549,04/29/24,4.5,9.56,5,880111714031
1317106549,04/30/24,4.5,9.52,3,880111714031
1317106549,05/01/24,4.5725,10.03,4,880111714031
1317106549,05/02/24,4.64,9.34,1,880111714031
1317106549,05/03/24,4.64,8.93,5,880111714031
1317106549,05/06/24,4.64,10.99,1,880111714031
1317106549,05/07/24,4.64,10.26,6,880111714031
1317106549,05/08/24,4.64,10.17,2,880111714031
1317106549,05/09/24,4.64,8.79,1,880111714031
1317106549,05/10/24,4.64,9.34,2,880111714031
1317106549,05/14/24,4.64,8.79,3,880111714031
1317106549,05/15/24,4.64,10.99,7,880111714031
1317106549,05/16/24,4.64,10.17,2,880111714031
1317106549,05/17/24,4.57,9.89,2,880111714031
1317106549,05/18/24,4.5,9.07,3,880111714031
1317106549,05/20/24,4.5,9.89,2,880111714031
1317106549,05/21/24,4.656666,9.16,3,880111714031
1317106549,05/22/24,4.65,10.99,1,880111714031
1317106549,05/25/24,4.5,10.99,1,880111714031
1317106549,05/27/24,4.5,9.89,1,880111714031
1317106549,05/29/24,4.5,9.89,1,880111714031
1317106549,05/30/24,4.5,10.99,1,880111714031
1317106549,05/31/24,4.5,10.99,3,880111714031
1317106549,06/03/24,4.5,10.44,2,880111714031
1317106549,06/04/24,4.6,9.89,3,880111714031
1317106549,06/05/24,4.65,10.99,1,880111714031
1317106549,06/06/24,4.65,10.99,4,880111714031
1317106549,06/07/24,4.65,10.99,3,880111714031
1317106549,06/08/24,4.64,9.89,1,880111714031
1317106549,06/10/24,4.64,8.64,8,880111714031
1317106549,06/11/24,4.64,8.41,1,880111714031
1317106549,06/18/24,4.64,10.44,2,880111714031
1317106549,06/19/24,4.64,10.99,5,880111714031
1317106549,06/20/24,4.64,10.99,1,880111714031
1317106549,06/21/24,4.64,10.99,1,880111714031
1317106549,06/24/24,4.64,10.99,1,880111714031
1317106549,06/25/24,4.64,10.44,2,880111714031
1317106549,06/26/24,4.64,10.99,3,880111714031
1317106549,06/27/24,4.64,9.34,1,880111714031
1317106549,06/28/24,4.64,10.17,2,880111714031
1317106549,06/29/24,4.63,9.34,1,880111714031
1317106549,07/01/24,4.64,10.17,2,880111714031
1317106549,07/02/24,4.64,10.00,7,880111714031
1317106549,07/05/24,4.64,9.89,1,880111714031
1317106549,08/28/24,4.64,10.17,2,880111714031
1317106549,08/29/24,4.64,9.34,4,880111714031
1317106549,08/30/24,4.64,9.89,3,880111714031
1317106549,08/31/24,4.64,9.16,3,880111714031
1317106549,09/02/24,4.64,10.17,6,880111714031
1317106549,09/03/24,4.64,9.89,3,880111714031
1317106549,09/04/24,4.64,9.16,3,880111714031
1317106549,09/05/24,4.64,9.71,3,880111714031
1317106549,09/06/24,4.64,10.17,4,880111714031
1317106549,09/07/24,4.635,9.34,2,880111714031
1317106549,09/09/24,4.63,9.89,1,880111714031
1317106549,09/10/24,4.63,10.99,3,880111714031
1317106549,09/11/24,4.63,10.44,2,880111714031
1317106549,09/13/24,4.635,10.99,4,880111714031
1317106549,09/16/24,4.63,9.40,2,880111714031
1317106549,09/17/24,4.63,10.44,6,880111714031
1317106549,09/18/24,4.63,10.44,3,880111714031
1317106549,09/19/24,4.63,10.55,5,880111714031
1317106549,09/20/24,4.63,9.89,1,880111714031
1317106549,09/21/24,4.635,11.99,2,880111714031
1317106549,09/23/24,4.64,12.99,2,880111714031
1317106549,09/25/24,4.64,11.69,1,880111714031
1317106549,09/26/24,4.64,11.69,1,880111714031
1317106549,09/27/24,4.64,12.17,5,880111714031
1317106549,09/28/24,4.64,10.62,4,880111714031
1317106549,09/30/24,4.64,9.40,5,880111714031
1317106549,10/01/24,4.64,10.11,5,880111714031
1317106549,10/02/24,4.64,10.99,9,880111714031
1317106549,10/03/24,4.64,10.33,5,880111714031
1317106549,10/04/24,4.64,10.26,3,880111714031
1317106549,10/05/24,4.64,9.56,3,880111714031
1317106549,10/07/24,4.64,10.26,3,880111714031
1317106549,10/08/24,4.229,10.22,6,880111714031
1317106549,10/09/24,4.23,9.34,1,880111714031
1317106549,10/10/24,4.225,10.17,2,880111714031
1317106549,10/11/24,4.23,9.34,1,880111714031
1317106549,10/12/24,4.225,10.17,2,880111714031
1317106549,10/14/24,4.22,9.34,1,880111714031
1317106549,10/15/24,4.64,10.30,5,880111714031
1317106549,10/16/24,4.64,10.99,5,880111714031
1317106549,10/17/24,4.64,11.39,5,880111714031
1317106549,10/18/24,4.23,10.99,1,880111714031
1317106549,10/19/24,4.23,10.99,2,880111714031
1317106549,10/21/24,4.23,9.89,1,880111714031
1317106549,10/22/24,4.227,11.17,6,880111714031
1317106549,10/24/24,4.307,10.73,6,880111714031
1317106549,10/25/24,4.23,10.44,2,880111714031
1317106549,10/28/24,4.23,11.44,2,880111714031
1317106549,10/29/24,4.228,12.34,6,880111714031
1317106549,10/30/24,4.226,12.99,5,880111714031
1317106549,11/02/24,4.225,7.19,2,880111714031
1317106549,11/04/24,4.229285,8.02,8,880111714031
1317106549,11/05/24,4.227307,7.37,16,880111714031
1317106549,11/06/24,4.226666,7.72,5,880111714031
1317106549,11/07/24,4.228888,7.90,11,880111714031
1317106549,11/08/24,4.229166,7.94,7,880111714031
1317106549,11/09/24,4.2275,7.59,6,880111714031
1317106549,11/11/24,4.228571,8.78,7,880111714031
1317106549,11/12/24,4.22517,7.84,15,880111714031
1317106549,11/13/24,4.2295,7.83,8,880111714031
1317106549,11/14/24,4.228125,8.62,11,880111714031
1317106549,11/15/24,4.228214,8.18,12,880111714031
1317106549,11/16/24,4.228616,8.91,9,880111714031
1317106549,11/18/24,4.22945,7.32,14,880111714031
1317106549,11/19/24,4.22875,7.49,10,880111714031
1317106549,11/20/24,4.229166,9.39,7,880111714031
1317106549,11/21/24,4.22,7.99,1,880111714031
1319302015,03/18/24,7.31,15.99,1,880110594042
1319302015,03/22/24,7.23,14.39,1,880110594042
1319302015,03/27/24,7.23,15.46,3,880110594042
1319302015,04/04/24,7.23,15.99,2,880110594042
1319302015,04/08/24,7.23,14.39,1,880110594042
1319302015,04/13/24,7.23,14.39,2,880110594042
1319302015,04/15/24,7.23,15.99,1,880110594042
1319302015,04/17/24,7.23,15.99,1,880110594042
1319302015,04/22/24,7.23,15.99,1,880110594042
1319302015,04/29/24,7.93,12.79,5,880110594042
1319302015,05/02/24,8.4,15.99,2,880110594042
1319302015,05/03/24,8.39,15.99,1,880110594042
1319302015,05/07/24,7.23,15.99,1,880110594042
1319302015,05/24/24,8.4,14.39,1,880110594042
1319302015,06/01/24,8.4,14.39,4,880110594042
1319302015,06/03/24,8.4,13.67,2,880110594042
1319302015,06/06/24,8.4,14.39,1,880110594042
1319302015,06/07/24,8.4,15.19,2,880110594042
